MORPHOLOGY AT STRAIN =    1.0000  FOR PHASE  1
   1.645   1.645   0.364  <-- AXES OF PHASE ELLIPSOID
   88.32    0.00    0.00  <-- EULER ANGLES OF PHASE ELLIPSOID (deg)
   1.216   2.264   0.365  <-- AVERAGE OF GRAIN AXES FOR PHASE
   0.159   0.048   0.147  <-- STANDARD DEV OF AVG GRAIN AXES FOR PHASE
B       500
   49.25    5.42  -69.65     0.002000       1.3749    2.0670    0.3457
 -152.87    7.89  -91.11     0.002000       1.0885    2.2946    0.3942
  166.27    5.56 -107.92     0.002000       1.5243    2.1666    0.2962
   60.68    4.73  -91.16     0.002000       1.0344    2.3133    0.4117
  -11.85    3.58   72.85     0.002000       1.3575    2.4095    0.2987
   22.31    1.04  110.31     0.002000       1.8701    2.0478    0.2539
  103.14    6.83  -91.57     0.002000       1.0706    2.3253    0.3954
   34.29    5.92   95.58     0.002000       1.2059    2.4573    0.3306
 -154.94    6.29  -70.55     0.002000       1.1526    2.0727    0.4129
   88.58    5.58  -98.44     0.002000       1.0669    2.2793    0.4051
  144.39    4.42 -108.07     0.002000       1.3020    2.4380    0.3081
  -38.85    0.00    0.00     0.002000       1.5401    2.3515    0.2689
  -57.80    4.45  100.86     0.002000       1.0403    2.2569    0.4199
   50.50    6.80   81.83     0.002000       1.2069    2.3548    0.3453
   78.09    7.32  -98.22     0.002000       1.1845    2.3520    0.3524
   59.28    2.35  -66.72     0.002000       1.4572    2.3968    0.2792
  122.54    2.20  -91.35     0.002000       1.3222    2.5098    0.2941
  -84.67    8.21   90.00     0.002000       1.1058    2.3348    0.3810
  -74.77    7.27   84.16     0.002000       1.1108    2.2947    0.3861
  -93.84    8.56   89.70     0.002000       1.1354    2.3543    0.3677
 -115.78    7.85   85.53     0.002000       1.1210    2.2972    0.3821
 -148.88    8.21  -89.42     0.002000       1.0975    2.3006    0.3899
  -77.24    2.63   86.82     0.002000       1.7870    2.1223    0.2566
 -174.79    5.20  -68.84     0.002000       1.4319    2.2285    0.3067
 -136.87    8.66  -90.14     0.002000       1.1569    2.3519    0.3611
   21.00    6.86   90.87     0.002000       1.0739    2.2894    0.4006
  120.82    0.00    0.00     0.002000       1.5675    2.3175    0.2681
  165.29    6.98  -92.46     0.002000       1.0637    2.2755    0.4071
   -0.95    1.45   95.28     0.002000       1.3859    2.4519    0.2871
    7.89    1.76   71.94     0.002000       1.0238    2.2334    0.4314
 -138.85    5.67  -96.74     0.002000       1.2325    2.4557    0.3235
   -4.25    5.41   80.86     0.002000       1.0811    2.1971    0.4151
  154.93    6.36  -87.91     0.002000       1.0690    2.2592    0.4080
   51.66    4.20  -66.99     0.002000       1.4664    2.2928    0.2905
  161.20    6.96  -81.26     0.002000       1.1410    2.1704    0.3979
 -174.92    7.67  -84.34     0.002000       1.1322    2.2532    0.3859
 -178.28    7.26 -102.29     0.002000       1.2264    2.2214    0.3608
   71.20    6.44  -89.90     0.002000       1.0602    2.3216    0.4001
  157.06    7.64  -98.89     0.002000       1.1912    2.3610    0.3491
 -171.38    3.59  -75.45     0.002000       1.3395    2.4451    0.2983
  -11.67    0.00    0.00     0.002000       1.0095    2.3235    0.4201
  -31.79    2.47   70.18     0.002000       1.7022    2.1850    0.2618
   12.00    4.51   73.98     0.002000       1.3322    2.3580    0.3115
  -45.62    6.69  107.46     0.002000       1.1653    2.0758    0.4077
  -29.93    8.02   93.18     0.002000       1.1125    2.2954    0.3854
  120.10    3.16  -93.56     0.002000       1.0200    2.3022    0.4197
   95.94    1.13  -88.08     0.002000       1.0109    2.3171    0.4207
   45.75    2.23   87.52     0.002000       1.0165    2.3055    0.4205
  153.35    1.67  -89.38     0.002000       1.0143    2.2784    0.4267
  -53.77    4.43   90.18     0.002000       1.0293    2.2962    0.4170
  -61.59    7.43   93.88     0.002000       1.1884    2.4061    0.3431
   19.80    6.62   97.96     0.002000       1.2011    2.4101    0.3388
   12.36    1.19   24.28     0.002000       1.0270    2.2089    0.4349
    1.21    4.14  112.34     0.002000       1.3644    2.3660    0.3029
  -46.73    5.72  118.63     0.002000       1.2295    1.8657    0.4307
  -78.14    8.31   86.74     0.002000       1.1436    2.3533    0.3652
   47.80    6.62  -76.61     0.002000       1.2294    2.3135    0.3450
   10.50    2.71   88.38     0.002000       1.0206    2.2781    0.4240
    9.30    0.00    0.00     0.002000       1.7256    2.1899    0.2574
  -43.29    3.66   89.34     0.002000       1.2529    2.5180    0.3099
  159.77    1.42 -102.04     0.002000       1.4246    2.4291    0.2818
   53.69    6.21  -75.48     0.002000       1.2515    2.3228    0.3374
  -19.30    0.92   94.58     0.002000       1.0142    2.2727    0.4278
  -13.87    1.97   70.49     0.002000       1.4907    2.3627    0.2768
 -124.77    0.87 -107.35     0.002000       1.0110    2.2996    0.4240
   58.44    6.35  -72.19     0.002000       1.1762    2.0948    0.4000
  173.03    7.93  -99.34     0.002000       1.1889    2.3040    0.3587
  -11.88    6.08  115.09     0.002000       1.2491    1.9366    0.4079
 -135.30    6.51   90.86     0.002000       1.0515    2.2994    0.4075
  127.36    7.23  -81.85     0.002000       1.1762    2.1969    0.3809
  -71.11    7.60   95.26     0.002000       1.1849    2.3943    0.3459
   31.77    3.25   68.27     0.002000       1.5213    2.2829    0.2810
  103.10    3.28 -113.33     0.002000       1.4158    2.3943    0.2880
  152.87    6.86  -92.57     0.002000       1.0624    2.2798    0.4068
 -141.08    4.04  -99.78     0.002000       1.2937    2.4722    0.3056
  119.32    1.69 -109.55     0.002000       1.4106    2.4541    0.2817
  153.06    8.02  -93.25     0.002000       1.1012    2.2959    0.3893
  151.00    6.41 -107.98     0.002000       1.2759    2.1573    0.3571
  -52.47    7.63   92.22     0.002000       1.1854    2.3967    0.3454
 -176.47    5.89 -105.00     0.002000       1.4822    2.1347    0.3095
  -16.87    8.23   93.04     0.002000       1.1270    2.2991    0.3797
   63.86    4.65  -90.33     0.002000       1.2183    2.5186    0.3188
  115.29    7.77  -95.76     0.002000       1.1709    2.3848    0.3516
  -71.74    5.52  101.14     0.002000       1.2456    2.4358    0.3227
  -33.61    0.00    0.00     0.002000       1.8960    2.0277    0.2529
  -12.16    6.50   83.85     0.002000       1.2103    2.4042    0.3370
  -97.98    3.61   93.75     0.002000       1.0200    2.3212    0.4162
  -32.92    3.72   88.04     0.002000       1.2539    2.5084    0.3108
   54.78    6.63   76.67     0.002000       1.2330    2.1270    0.3753
  -76.87    5.30   93.05     0.002000       1.0408    2.3128    0.4092
  170.80    8.67  -90.78     0.002000       1.1533    2.3235    0.3669
  112.10    7.70  -89.04     0.002000       1.1749    2.3931    0.3491
 -124.63    3.28  109.34     0.002000       1.6687    2.2072    0.2645
 -131.54    6.44  104.18     0.002000       1.1170    2.1830    0.4041
  -28.69    1.55   71.33     0.002000       1.5444    2.3317    0.2705
   19.41    5.57  109.21     0.002000       1.3116    2.2746    0.3286
  -82.63    6.34   83.68     0.002000       1.0765    2.2825    0.4008
  -21.48    8.24   94.57     0.002000       1.1487    2.3117    0.3703
   17.05    6.49   82.30     0.002000       1.1179    2.1992    0.4008
  -71.91    5.13   80.73     0.002000       1.2387    2.4908    0.3171
  174.12    5.03  -99.58     0.002000       1.0504    2.2426    0.4185
  -42.22    1.67   97.85     0.002000       1.8490    2.0682    0.2544
  -20.35    5.77   84.78     0.002000       1.0727    2.2446    0.4093
  -40.79    5.15   89.09     0.002000       1.0450    2.2877    0.4122
  134.65    0.00    0.00     0.002000       1.5940    2.2901    0.2667
   30.40    1.83   93.59     0.002000       1.0149    2.2865    0.4249
   56.50    6.89  -85.90     0.002000       1.1886    2.4346    0.3389
  -41.89    6.23   66.54     0.002000       1.2901    1.9455    0.3928
   40.34    6.73   78.37     0.002000       1.1869    2.1394    0.3879
   73.22    7.85  -92.79     0.002000       1.1578    2.3805    0.3563
  -17.44    7.84   87.74     0.002000       1.1170    2.2927    0.3843
   84.31    7.67  -96.04     0.002000       1.1395    2.3293    0.3704
 -151.43    5.46 -110.96     0.002000       1.0990    2.0839    0.4310
   82.03    6.00 -104.97     0.002000       1.2783    2.2193    0.3461
  150.49    4.23 -113.68     0.002000       1.3775    2.3687    0.2996
 -167.16    2.62 -127.78     0.002000       1.0412    2.1706    0.4367
  -37.65    5.89  107.43     0.002000       1.3174    2.1471    0.3473
  -47.30    7.03   98.28     0.002000       1.1090    2.2372    0.3970
 -161.80    8.26  -84.65     0.002000       1.1733    2.3433    0.3573
 -138.27    5.23  -90.23     0.002000       1.0343    2.2942    0.4153
   33.31    3.36  -62.94     0.002000       1.5311    2.2879    0.2785
  102.89    0.00    0.00     0.002000       1.5306    2.3349    0.2726
 -117.01    6.06   90.51     0.002000       1.0446    2.3139    0.4075
   48.57    6.45  -75.76     0.002000       1.1633    2.1757    0.3891
    2.51    7.04   82.14     0.002000       1.2079    2.3362    0.3479
 -113.74    3.83   92.94     0.002000       1.0210    2.3175    0.4164
   84.30    0.00    0.00     0.002000       1.7321    2.1644    0.2596
  -10.39    5.73   79.46     0.002000       1.0986    2.1777    0.4121
  -43.21    4.58  124.53     0.002000       1.1450    1.9348    0.4461
  160.96    5.52  -88.99     0.002000       1.2226    2.4640    0.3251
 -156.92    2.48 -100.95     0.002000       1.3770    2.4517    0.2891
  146.96    7.31  -92.44     0.002000       1.0772    2.2927    0.3988
  101.26    2.55  -73.87     0.002000       1.6100    2.2659    0.2670
  108.16    1.40  -86.95     0.002000       1.0123    2.3151    0.4205
 -170.18    4.35  -93.98     0.002000       1.0290    2.2796    0.4202
  -20.53    6.45  105.82     0.002000       1.2672    2.1461    0.3616
   95.84    8.12  -90.52     0.002000       1.1447    2.3667    0.3627
 -104.13    8.46   89.23     0.002000       1.1221    2.3441    0.3738
  174.45    3.62  -74.64     0.002000       1.3620    2.4158    0.2969
   54.26    6.04  -92.45     0.002000       1.0624    2.3007    0.4029
  106.70    7.63  -98.61     0.002000       1.1710    2.3523    0.3565
  -80.38    2.67   98.33     0.002000       1.0159    2.3157    0.4189
    3.15    7.36   91.06     0.002000       1.1883    2.3842    0.3464
   57.93    7.16  -94.23     0.002000       1.1826    2.4023    0.3453
 -140.52    5.14  -97.85     0.002000       1.2500    2.4632    0.3179
   61.95    4.22  -95.79     0.002000       1.0363    2.2910    0.4150
  -22.32    6.28   89.18     0.002000       1.0664    2.2798    0.4052
    4.60    4.63   91.16     0.002000       1.2285    2.4815    0.3211
  123.49    0.00    0.00     0.002000       1.7995    2.0883    0.2590
   -5.96    3.75   96.12     0.002000       1.0310    2.2680    0.4216
 -125.69    3.76 -105.46     0.002000       1.0357    2.2295    0.4271
  -20.10    1.28  150.30     0.002000       1.0247    2.2273    0.4322
  -99.33    6.48   82.99     0.002000       1.2098    2.4486    0.3308
  -19.51    7.59   82.56     0.002000       1.1814    2.2961    0.3623
   -0.96    6.05   85.35     0.002000       1.2140    2.4249    0.3329
  -42.64    8.36   91.87     0.002000       1.1240    2.3114    0.3787
   44.26    1.78  -81.91     0.002000       1.0133    2.3125    0.4206
 -163.99    7.75  -96.77     0.002000       1.1936    2.3570    0.3489
 -136.80    2.03  111.00     0.002000       1.4505    2.4210    0.2776
   82.08    7.80  -90.27     0.002000       1.1037    2.3394    0.3810
   39.86    6.70   90.01     0.002000       1.0710    2.3031    0.3992
  -60.37    2.79   93.93     0.002000       1.0174    2.2969    0.4218
  159.75    7.20  -96.41     0.002000       1.0951    2.2693    0.3963
   25.87    5.90   73.99     0.002000       1.1362    2.0782    0.4178
 -172.73    7.69 -100.02     0.002000       1.1996    2.2508    0.3641
    2.41    1.91   46.74     0.002000       1.0400    2.1664    0.4380
  -35.06    5.71   76.01     0.002000       1.4900    2.1705    0.3026
   98.09    1.84 -115.77     0.002000       1.5458    2.3366    0.2697
  103.11    0.00    0.00     0.002000       1.6614    2.2222    0.2637
  -93.85    7.41  100.57     0.002000       1.1841    2.2572    0.3679
   43.50    7.44  -81.00     0.002000       1.1667    2.3163    0.3636
  145.99    5.18  -82.85     0.002000       1.2540    2.4374    0.3203
 -172.87    7.14  -89.84     0.002000       1.2009    2.4146    0.3382
  -15.49    8.32   91.30     0.002000       1.1548    2.3260    0.3660
  -18.73    0.00    0.00     0.002000       1.0090    2.3251    0.4201
 -128.38    6.98   89.98     0.002000       1.0619    2.3107    0.4014
  109.78    1.40 -125.11     0.002000       1.0163    2.2831    0.4248
 -166.74    7.79  -90.39     0.002000       1.0843    2.2861    0.3973
  164.31    8.13  -98.33     0.002000       1.1677    2.3004    0.3660
  -62.47    7.27   86.43     0.002000       1.1927    2.4246    0.3391
  -60.76    0.91  121.31     0.002000       1.0127    2.2804    0.4270
   -0.16    1.55  111.51     0.002000       1.4698    2.3857    0.2780
 -151.37    8.21  -85.56     0.002000       1.1271    2.3055    0.3786
    3.59    6.31   73.84     0.002000       1.2144    2.0530    0.3953
   70.78    6.20  -86.63     0.002000       1.4500    2.0917    0.3234
  -55.71    1.67  106.34     0.002000       1.0141    2.2916    0.4242
   18.97    6.10   77.93     0.002000       1.2685    2.2614    0.3421
  107.05    5.55  -77.59     0.002000       1.2838    2.3400    0.3262
  114.72    7.84  -94.56     0.002000       1.1149    2.3301    0.3786
   40.58    6.08  -78.88     0.002000       1.2181    2.4283    0.3313
   49.67    7.77  -92.91     0.002000       1.1225    2.3150    0.3785
  144.79    3.27  -60.79     0.002000       1.0649    2.1006    0.4414
  130.25    2.73  -85.57     0.002000       1.0215    2.2731    0.4246
  104.22    0.00    0.00     0.002000       1.5185    2.3478    0.2733
   33.50    8.05   90.57     0.002000       1.1191    2.3141    0.3799
   72.71    3.63  -89.72     0.002000       1.2393    2.5439    0.3100
  -33.69    5.57   85.68     0.002000       1.2198    2.4644    0.3258
 -145.39    1.95  102.08     0.002000       1.3908    2.4660    0.2844
 -133.27    8.46  -92.29     0.002000       1.1249    2.3174    0.3773
   79.81    2.71  -86.85     0.002000       1.0170    2.3274    0.4162
  -78.94    8.50   90.80     0.002000       1.1265    2.3414    0.3728
  -28.36    3.88  115.66     0.002000       1.0629    2.1427    0.4333
  111.44    5.51  -89.03     0.002000       1.0494    2.3022    0.4077
 -119.70    2.92  114.76     0.002000       1.5566    2.3077    0.2713
   -3.62    3.13   70.10     0.002000       1.4136    2.3789    0.2904
  -51.96    8.36   93.75     0.002000       1.1462    2.3280    0.3684
  -41.35    7.62   90.90     0.002000       1.0846    2.2926    0.3960
 -100.91    7.26   90.53     0.002000       1.1931    2.4471    0.3358
   63.69    6.67  -93.15     0.002000       1.1914    2.4401    0.3372
 -125.04    2.48  120.52     0.002000       1.0264    2.2436    0.4282
   90.21    4.75  -92.56     0.002000       1.0348    2.3291    0.4086
 -150.38    8.30  -89.71     0.002000       1.0987    2.2974    0.3900
  131.64    4.93  -73.33     0.002000       1.4698    2.2193    0.2998
  175.36    1.50  -81.02     0.002000       1.8529    2.0612    0.2547
   88.16    0.00    0.00     0.002000       1.5451    2.3251    0.2712
   12.12    6.74   91.34     0.002000       1.0676    2.2764    0.4054
  -35.83    0.98   57.58     0.002000       1.0145    2.2786    0.4265
   18.59    5.77  104.89     0.002000       1.2525    2.3832    0.3283
 -113.01    4.94   98.39     0.002000       1.6160    2.1764    0.2775
   11.33    7.18   97.04     0.002000       1.1906    2.3810    0.3462
  -86.04    6.53  102.13     0.002000       1.2368    2.3477    0.3378
  102.81    4.10  -86.08     0.002000       1.2458    2.5169    0.3118
   96.32    3.50  -82.11     0.002000       1.0304    2.2817    0.4192
  122.70    5.07  -99.97     0.002000       1.0547    2.2745    0.4107
   92.87    1.37  -98.14     0.002000       1.8302    2.0961    0.2535
   32.14    7.57   98.69     0.002000       1.1723    2.3340    0.3591
  -33.07    8.34   90.79     0.002000       1.1589    2.3390    0.3626
 -145.31    4.36  113.96     0.002000       1.4816    2.2888    0.2880
 -109.48    7.71   94.82     0.002000       1.1080    2.3211    0.3825
  119.39    0.00    0.00     0.002000       1.8910    2.0215    0.2544
   84.10    2.18  -72.55     0.002000       1.4326    2.4226    0.2810
 -126.37    3.74  108.90     0.002000       1.3445    2.4534    0.2961
  -20.49    1.99   97.87     0.002000       1.3514    2.4730    0.2921
  -73.02    7.17   98.28     0.002000       1.1129    2.2515    0.3930
   10.17    6.95  102.68     0.002000       1.2206    2.2911    0.3512
  140.97    2.17 -112.57     0.002000       1.4133    2.4351    0.2834
 -135.50    3.80  112.60     0.002000       1.3976    2.3968    0.2915
  -35.63    5.51   99.04     0.002000       1.2331    2.4383    0.3258
  176.12    4.35 -109.64     0.002000       1.3451    2.3905    0.3041
  141.70    1.15  -97.90     0.002000       1.4328    2.4301    0.2800
 -163.76    2.06  -85.04     0.002000       1.3712    2.4672    0.2884
 -131.49    4.06   89.52     0.002000       1.0232    2.3003    0.4187
 -162.71    7.96  -83.43     0.002000       1.1512    2.2789    0.3749
  118.00    5.99  -93.25     0.002000       1.2047    2.4730    0.3288
  147.23    1.21  -95.52     0.002000       1.4482    2.4155    0.2787
  -33.22    6.75   77.78     0.002000       1.2354    2.2562    0.3524
  158.86    7.89  -99.54     0.002000       1.1846    2.3197    0.3575
  -94.09    6.04   82.90     0.002000       1.0685    2.2738    0.4054
  -39.69    6.80  106.76     0.002000       1.2241    2.0767    0.3876
  -70.14    4.21   85.13     0.002000       1.2408    2.5300    0.3114
  -98.78    3.33   91.86     0.002000       1.2573    2.5552    0.3041
  -58.21    3.47   87.58     0.002000       1.2573    2.5325    0.3069
   92.55    7.95  -92.24     0.002000       1.1577    2.3837    0.3559
  140.30    8.46  -91.62     0.002000       1.1488    2.3349    0.3665
  -46.89    1.00  165.13     0.002000       1.0208    2.2356    0.4322
  167.22    7.80  -83.44     0.002000       1.1759    2.2549    0.3709
   91.04    1.99  -92.48     0.002000       1.0134    2.3192    0.4193
  -57.79    6.26   87.41     0.002000       1.0653    2.3000    0.4020
  179.63    7.03 -103.20     0.002000       1.1611    2.1520    0.3943
 -150.03    1.82  -89.17     0.002000       1.0140    2.2883    0.4249
   70.60    6.14  -95.63     0.002000       1.2028    2.4558    0.3317
  176.81    2.53  -85.25     0.002000       1.3482    2.4695    0.2932
  163.99    7.82  -87.64     0.002000       1.1110    2.2730    0.3898
  164.04    4.65  -95.28     0.002000       1.0319    2.2811    0.4187
   72.02    7.61  -89.29     0.002000       1.0982    2.3370    0.3833
   -4.75    6.50  106.92     0.002000       1.2101    2.1002    0.3876
  151.92    8.36  -94.01     0.002000       1.1639    2.3452    0.3600
   80.04    6.10  -91.08     0.002000       1.1988    2.4786    0.3297
  120.59    7.73  -91.99     0.002000       1.0917    2.3123    0.3899
    9.06    5.62  108.39     0.002000       1.2994    2.3005    0.3279
 -126.01    3.90   81.18     0.002000       1.0293    2.2702    0.4219
   36.57    6.84   95.27     0.002000       1.0934    2.2963    0.3921
  176.36    6.36 -106.86     0.002000       1.2934    2.1678    0.3504
 -172.07    5.36  -91.32     0.002000       1.0400    2.2789    0.4159
 -157.37    5.98 -115.51     0.002000       1.1880    1.9313    0.4305
  -38.20    1.17  107.91     0.002000       1.0142    2.2740    0.4275
 -109.19    4.47   93.70     0.002000       1.0267    2.3257    0.4126
  171.59    7.65  -84.13     0.002000       1.1959    2.3522    0.3490
  -40.86    8.42   91.82     0.002000       1.1308    2.3148    0.3758
  120.64    5.68  -70.73     0.002000       1.1277    2.0345    0.4303
 -168.87    3.34  -59.49     0.002000       1.0554    2.1436    0.4362
  -98.60    3.19   71.10     0.002000       1.0297    2.2440    0.4267
   52.90    6.50  -97.45     0.002000       1.1035    2.2365    0.3991
 -100.24    6.12   88.04     0.002000       1.2064    2.4898    0.3260
   45.31    4.82   86.76     0.002000       1.2256    2.4885    0.3209
  -84.88    1.16  165.24     0.002000       1.0227    2.2197    0.4346
   47.93    7.90  -87.62     0.002000       1.1177    2.3312    0.3775
 -120.37    8.40   88.42     0.002000       1.1187    2.3299    0.3773
 -111.15    7.80   82.75     0.002000       1.1777    2.3033    0.3622
  -12.57    4.04  108.80     0.002000       1.6534    2.1582    0.2734
   37.22    0.00    0.00     0.002000       1.0121    2.2851    0.4263
  -10.53    6.18   82.74     0.002000       1.0989    2.2143    0.4050
  -56.69    4.99  109.83     0.002000       1.3754    2.2594    0.3151
  116.84    5.45  -91.08     0.002000       1.0425    2.3070    0.4096
  -23.32    3.31   78.61     0.002000       1.3140    2.4689    0.3012
  124.86    6.92  -80.95     0.002000       1.1450    2.1718    0.3962
   56.35    7.71  -94.57     0.002000       1.1387    2.3128    0.3734
   12.74    6.08   77.33     0.002000       1.2764    2.2296    0.3450
   21.97    4.80   72.60     0.002000       1.3533    2.2909    0.3158
 -137.03    2.92   94.74     0.002000       1.0161    2.3030    0.4212
 -159.92    8.09  -86.97     0.002000       1.1826    2.3737    0.3497
   52.62    6.37  -85.04     0.002000       1.0795    2.3041    0.3958
  -30.15    7.16   82.80     0.002000       1.1992    2.3788    0.3440
 -157.13    7.04  -88.66     0.002000       1.2018    2.4265    0.3362
   11.52    0.00    0.00     0.002000       1.7452    2.1687    0.2570
   47.78    7.61  -87.45     0.002000       1.1728    2.3923    0.3498
   33.73    0.00    0.00     0.002000       1.5720    2.3180    0.2672
   18.09    3.33  -61.79     0.002000       1.5432    2.2744    0.2779
  105.87    4.35 -110.88     0.002000       1.3554    2.3830    0.3027
    2.16    0.00    0.00     0.002000       1.8020    2.1216    0.2544
   13.59    6.64   95.45     0.002000       1.0861    2.2734    0.3989
 -131.64    2.31 -101.60     0.002000       1.0167    2.2766    0.4259
   23.91    0.90   94.58     0.002000       1.0127    2.2878    0.4255
 -140.67    1.29  -91.78     0.002000       1.0116    2.2965    0.4243
 -110.07    3.45   87.77     0.002000       1.0187    2.3187    0.4172
    8.87    3.78   79.25     0.002000       1.7036    2.1296    0.2687
   84.73    5.29  -96.48     0.002000       1.2168    2.4944    0.3225
   38.67    6.86  -77.28     0.002000       1.2161    2.3102    0.3495
 -146.97    7.92  -84.92     0.002000       1.1844    2.3861    0.3473
  104.23    4.36  -94.78     0.002000       1.2273    2.5269    0.3154
  179.85    8.00  -97.89     0.002000       1.1864    2.3311    0.3552
 -138.70    1.83 -105.10     0.002000       1.5591    2.3233    0.2689
   58.15    5.29  -93.88     0.002000       1.2151    2.4844    0.3243
  -87.41    6.06   73.46     0.002000       1.1035    2.1423    0.4172
  -12.39    5.67   91.30     0.002000       1.2136    2.4533    0.3291
   54.26    0.83  -87.99     0.002000       1.4326    2.4389    0.2790
  154.01    2.45  -93.40     0.002000       1.0175    2.2852    0.4240
  -58.20    7.42   80.52     0.002000       1.1872    2.3028    0.3594
 -102.94    1.35  108.08     0.002000       1.7023    2.2186    0.2576
   78.59    7.81  -86.44     0.002000       1.1588    2.3808    0.3559
   26.38    7.92   95.86     0.002000       1.1529    2.3331    0.3654
   12.17    1.07  114.59     0.002000       1.7248    2.1758    0.2593
  -59.63    3.92   99.13     0.002000       1.2722    2.4953    0.3079
 -117.87    4.01   91.78     0.002000       1.0224    2.3136    0.4166
   32.27    8.07   89.36     0.002000       1.1528    2.3409    0.3642
   76.08    4.27  -94.36     0.002000       1.2315    2.5256    0.3144
  163.52    7.99  -99.24     0.002000       1.1774    2.2978    0.3633
   22.72    3.90   68.28     0.002000       1.4982    2.2602    0.2884
   56.79    7.67  -83.21     0.002000       1.1527    2.3422    0.3639
 -105.38    6.38   96.52     0.002000       1.0720    2.2938    0.4005
  127.99    8.34  -90.62     0.002000       1.1491    2.3439    0.3649
    5.31    5.74   74.71     0.002000       1.3114    2.1581    0.3470
  121.97    0.97 -142.94     0.002000       1.0145    2.2826    0.4257
 -178.24    7.81  -92.44     0.002000       1.1895    2.3822    0.3464
   15.66    8.12   89.60     0.002000       1.1264    2.3033    0.3792
  -32.19    2.08   98.29     0.002000       1.0169    2.2830    0.4247
  -84.70    1.62   74.13     0.002000       1.4677    2.4183    0.2745
    4.55    7.88   87.48     0.002000       1.1716    2.3438    0.3578
  -96.35    7.08   81.02     0.002000       1.1219    2.2371    0.3923
  145.57    6.60 -109.21     0.002000       1.2026    2.0903    0.3920
  -34.62    0.91   92.19     0.002000       1.0127    2.2873    0.4256
  -23.70    2.03   91.99     0.002000       1.0163    2.2734    0.4268
 -174.99    2.80 -157.26     0.002000       1.0873    2.0107    0.4520
  134.41    2.16 -117.83     0.002000       1.6763    2.2161    0.2621
  137.81    5.33  -85.06     0.002000       1.2355    2.4541    0.3229
   67.47    0.00    0.00     0.002000       1.8055    2.1039    0.2561
   73.65    4.04  -71.81     0.002000       1.3518    2.4060    0.3005
   54.11    4.14  -81.93     0.002000       1.0402    2.2889    0.4138
  129.87    6.26  -91.95     0.002000       1.0565    2.3032    0.4048
 -117.54    5.33   74.22     0.002000       1.3326    2.3006    0.3195
  -29.61    0.00    0.00     0.002000       1.5515    2.3361    0.2687
   -5.08    2.96  112.03     0.002000       1.7148    2.1502    0.2642
  164.11    8.61  -92.44     0.002000       1.1552    2.3279    0.3655
  159.45    5.52  -73.59     0.002000       1.3556    2.1683    0.3338
  -26.62    7.67   84.64     0.002000       1.1416    2.2856    0.3770
  -10.06    8.36   91.18     0.002000       1.1429    2.3125    0.3721
  112.08    7.74  -91.41     0.002000       1.1750    2.3971    0.3485
 -162.99    1.02  -78.74     0.002000       1.0118    2.2862    0.4262
  144.39    3.11 -103.81     0.002000       1.3070    2.4932    0.2997
  -85.83    2.50  112.97     0.002000       1.5644    2.3090    0.2697
  -31.57    8.05   92.81     0.002000       1.1114    2.2970    0.3855
  -74.44    3.09   89.76     0.002000       1.0181    2.3203    0.4171
   94.65    6.41 -102.52     0.002000       1.1196    2.2116    0.3978
  -66.31    6.49   92.84     0.002000       1.2030    2.4556    0.3317
    2.27    4.21   92.04     0.002000       1.0310    2.2692    0.4214
 -100.36    2.76   81.46     0.002000       1.3189    2.5190    0.2938
   89.40    5.37  -78.61     0.002000       1.2546    2.4249    0.3218
 -170.30    7.46  -94.44     0.002000       1.0924    2.2678    0.3976
   86.18    7.79  -87.16     0.002000       1.1208    2.3401    0.3749
  127.48    8.27  -88.82     0.002000       1.1460    2.3342    0.3675
   89.23    7.34  -91.02     0.002000       1.0844    2.3316    0.3892
 -173.11    3.23 -106.36     0.002000       1.0304    2.2352    0.4282
   34.42    7.52   95.05     0.002000       1.1141    2.3095    0.3824
 -163.77    8.21  -86.37     0.002000       1.1235    2.2944    0.3817
  -73.39    5.48   88.31     0.002000       1.0460    2.3134    0.4070
    2.33    0.00    0.00     0.002000       1.8857    2.0404    0.2527
    8.09    0.00    0.00     0.002000       1.0096    2.3243    0.4199
   99.17    5.98  -69.45     0.002000       1.1562    2.0003    0.4269
  -37.18    6.88   85.17     0.002000       1.0996    2.2708    0.3943
   31.03    8.04   89.20     0.002000       1.1560    2.3432    0.3628
  -24.74    4.23  106.78     0.002000       1.3144    2.4108    0.3087
   41.83    7.58   90.68     0.002000       1.1754    2.3891    0.3495
  166.61    3.58 -105.60     0.002000       1.3195    2.4596    0.3011
  143.56    1.55 -119.99     0.002000       1.0166    2.2816    0.4250
  168.26    3.35 -117.97     0.002000       1.5730    2.2564    0.2748
   34.43    6.63   99.74     0.002000       1.1240    2.2470    0.3898
   74.01    3.35  -87.73     0.002000       1.0214    2.3279    0.4144
  -26.15    3.61   99.46     0.002000       1.0305    2.2599    0.4234
   85.42    0.97  -67.06     0.002000       1.0133    2.2903    0.4248
  -75.67    7.11   78.72     0.002000       1.2095    2.2702    0.3578
   80.21    7.40  -87.07     0.002000       1.1772    2.4151    0.3451
 -121.81    5.91   90.25     0.002000       1.0423    2.3102    0.4091
  117.31    5.22  -99.33     0.002000       1.2250    2.4880    0.3212
 -152.76    7.25 -100.29     0.002000       1.2289    2.2830    0.3500
 -105.02    8.38   86.82     0.002000       1.1437    2.3490    0.3658
  122.54    2.98  -89.62     0.002000       1.0195    2.3032    0.4198
 -168.77    8.12  -90.72     0.002000       1.0909    2.2815    0.3957
 -135.23    7.53   91.24     0.002000       1.0798    2.3134    0.3941
   39.02    7.44  -81.97     0.002000       1.1472    2.3031    0.3721
   -6.47    3.13   97.01     0.002000       1.0230    2.2781    0.4231
  -71.55    6.30   90.70     0.002000       1.0539    2.3187    0.4030
  -34.38    6.08  103.56     0.002000       1.2574    2.3331    0.3343
   80.44    4.75 -109.37     0.002000       1.4036    2.2768    0.3061
    6.26    0.00    0.00     0.002000       1.4634    2.4150    0.2757
  -50.59    8.44   90.37     0.002000       1.1267    2.3211    0.3761
 -169.47    6.84  -94.58     0.002000       1.0751    2.2633    0.4049
 -149.10    7.67  -97.07     0.002000       1.1975    2.3484    0.3491
 -147.57    8.38  -85.77     0.002000       1.1684    2.3580    0.3566
 -174.85    5.14  -86.82     0.002000       1.0458    2.2589    0.4173
  123.23    0.00    0.00     0.002000       1.6814    2.2124    0.2616
  -93.31    3.96   99.90     0.002000       1.0299    2.2923    0.4174
   10.40    1.11   99.35     0.002000       1.4253    2.4258    0.2820
  -30.18    3.72  102.57     0.002000       1.0350    2.2447    0.4245
  -31.66    4.71   90.55     0.002000       1.0347    2.2867    0.4166
  116.47    5.49 -109.49     0.002000       1.3940    2.1376    0.3292
  -82.67    5.76   78.30     0.002000       1.2449    2.4365    0.3228
 -148.81    5.78  -89.74     0.002000       1.0412    2.2853    0.4142
  172.52    7.46  -81.18     0.002000       1.2160    2.2793    0.3544
  109.25    4.38  -72.42     0.002000       1.4042    2.3122    0.3011
 -142.68    6.47 -101.69     0.002000       1.2581    2.3144    0.3369
  166.97    8.54  -90.95     0.002000       1.1184    2.2949    0.3835
  -72.59    5.99   73.49     0.002000       1.3015    2.1909    0.3443
  -34.27    5.76   92.85     0.002000       1.0486    2.2883    0.4107
  -93.12    4.13   92.34     0.002000       1.0240    2.3196    0.4148
 -125.74    7.70   99.55     0.002000       1.1896    2.3433    0.3522
   33.93    1.83  -65.68     0.002000       1.7480    2.1553    0.2583
  -69.67    6.65   69.65     0.002000       1.2297    2.0168    0.3975
 -148.07    2.38  -88.77     0.002000       1.0148    2.2861    0.4250
   82.07    5.56  -88.48     0.002000       1.0510    2.3234    0.4033
  113.60    2.57  -84.46     0.002000       1.3285    2.4952    0.2945
   74.86    4.61  -77.86     0.002000       1.2647    2.4712    0.3130
  124.09    4.74  -76.76     0.002000       1.3200    2.3729    0.3124
  -94.17    6.09   89.74     0.002000       1.0480    2.3286    0.4036
  -55.88    5.90   77.13     0.002000       1.4472    2.1590    0.3135
 -127.03    1.58   96.48     0.002000       1.8501    2.0800    0.2527
   79.26    5.39  -92.01     0.002000       1.0463    2.3252    0.4048
 -164.29    5.35  -85.36     0.002000       1.2301    2.4742    0.3216
   17.63    4.62   74.08     0.002000       1.3311    2.3473    0.3133
  -40.42    3.59   69.20     0.002000       1.3827    2.4065    0.2935
  144.42    3.09  -96.70     0.002000       1.0198    2.2857    0.4229
  176.50    3.69 -110.83     0.002000       1.3749    2.4009    0.2960
  150.94    2.77  -79.55     0.002000       1.0269    2.2358    0.4296
  153.30    7.13  -91.45     0.002000       1.0726    2.2878    0.4014
   86.66    7.62  -96.07     0.002000       1.1676    2.3793    0.3534
  173.79    6.24 -105.16     0.002000       1.2684    2.3306    0.3317
  159.29    7.09 -103.82     0.002000       1.2077    2.1948    0.3711
  143.08    4.53 -120.19     0.002000       1.0923    2.0811    0.4343
  100.19    7.17 -100.28     0.002000       1.1950    2.3635    0.3475
  -86.13    3.09   70.29     0.002000       1.4154    2.4176    0.2851
  160.25    5.38 -112.18     0.002000       1.3967    2.1808    0.3218
  -56.56    7.79   90.00     0.002000       1.0943    2.3143    0.3886
  -68.71    7.91   83.35     0.002000       1.1690    2.3518    0.3572
   74.71    6.17  -81.39     0.002000       1.2110    2.4423    0.3313
  147.94    7.05 -103.40     0.002000       1.1772    2.2008    0.3799
 -112.78    4.40   90.39     0.002000       1.0270    2.3218    0.4132
    7.30    7.62   91.83     0.002000       1.1818    2.3711    0.3504
 -150.44    2.31  107.67     0.002000       1.8016    2.1079    0.2562
   40.74    4.52   93.05     0.002000       1.0327    2.3005    0.4148
  160.75    3.86  -91.54     0.002000       1.0250    2.2734    0.4231
 -138.73    7.06  -89.23     0.002000       1.0676    2.3079    0.3997
   76.56    5.19  -79.96     0.002000       1.0673    2.2504    0.4102
  171.03    3.50  -72.20     0.002000       1.3977    2.3877    0.2927
  -20.76    8.06   88.55     0.002000       1.1200    2.2996    0.3821
  142.96    6.08  -90.51     0.002000       1.0557    2.2841    0.4086
  177.30    5.99  -99.47     0.002000       1.5584    2.1272    0.2951
  177.91    5.71  -97.99     0.002000       1.2298    2.4471    0.3255
   79.39    2.73  -87.29     0.002000       1.0172    2.3286    0.4159
  161.79    6.02  -80.72     0.002000       1.4964    2.1278    0.3076
   82.77    7.57  -83.35     0.002000       1.1608    2.3264    0.3639
  178.93    6.88 -104.92     0.002000       1.2487    2.1546    0.3656
  106.31    5.59 -103.51     0.002000       1.0833    2.2279    0.4083
 -135.42    1.05  -92.53     0.002000       1.5255    2.3632    0.2702
  -77.48    8.04   94.92     0.002000       1.1298    2.3179    0.3755
   22.94    2.61   95.39     0.002000       1.0188    2.2827    0.4239
  152.58    3.18  -72.99     0.002000       1.4282    2.3724    0.2881
  -13.93    1.80  112.50     0.002000       1.7575    2.1405    0.2587
  -79.60    6.95   99.41     0.002000       1.1092    2.2393    0.3965
   18.94    2.08   71.74     0.002000       1.5952    2.2710    0.2689
   28.24    7.70   86.54     0.002000       1.1297    2.2870    0.3808
  -11.93    3.88  108.37     0.002000       1.3314    2.4139    0.3042
 -141.17    4.42  101.15     0.002000       1.2647    2.4965    0.3097
   23.70    4.04  106.15     0.002000       1.2926    2.4574    0.3078
 -137.78    7.72  -89.55     0.002000       1.0810    2.3066    0.3949
  -20.06    2.77  117.61     0.002000       1.5253    2.3041    0.2775
  -78.36    1.46   92.15     0.002000       1.0112    2.3125    0.4215
  -58.11    8.34   90.44     0.002000       1.1147    2.3192    0.3806
 -123.02    2.43   93.27     0.002000       1.8086    2.1075    0.2553
  110.77    6.13  -81.82     0.002000       1.0907    2.2176    0.4074
   63.27    4.84  -69.47     0.002000       1.0846    2.1432    0.4244
  155.22    5.79  -97.11     0.002000       1.2187    2.4574    0.3270
