MORPHOLOGY AT STRAIN =    1.0000  FOR PHASE  1
   0.605   2.692   0.605  <-- AXES OF PHASE ELLIPSOID
  169.19   90.00  180.00  <-- EULER ANGLES OF PHASE ELLIPSOID (deg)
   0.611   2.639   0.611  <-- AVERAGE OF GRAIN AXES FOR PHASE
   0.000   0.000   0.000  <-- STANDARD DEV OF AVG GRAIN AXES FOR PHASE
B       500
   52.00   90.00   -0.00     0.002000       0.6050    2.6916    0.6050
 -159.97   90.00 -180.00     0.002000       0.6050    2.6916    0.6050
  166.37   90.00 -180.00     0.002000       0.6050    2.6916    0.6050
  113.84   90.00    0.00     0.002000       0.6050    2.6916    0.6050
 -177.44   90.00  180.00     0.002000       0.6050    2.6916    0.6050
  125.81   90.00    0.00     0.002000       0.6050    2.6916    0.6050
   95.88   90.00    0.00     0.002000       0.6050    2.6916    0.6050
 -144.52   90.00 -180.00     0.002000       0.6050    2.6916    0.6050
 -148.14   90.00  180.00     0.002000       0.6050    2.6916    0.6050
   81.55   90.00    0.00     0.002000       0.6050    2.6916    0.6050
  133.12   90.00    0.00     0.002000       0.6050    2.6916    0.6050
   45.10   90.00    0.00     0.002000       0.6050    2.6916    0.6050
  140.71   90.00 -180.00     0.002000       0.6050    2.6916    0.6050
   62.40   90.00    0.00     0.002000       0.6050    2.6916    0.6050
   78.99   90.00    0.00     0.002000       0.6050    2.6916    0.6050
   83.40   90.00   -0.00     0.002000       0.6050    2.6916    0.6050
  122.99   90.00   -0.00     0.002000       0.6050    2.6916    0.6050
  151.80   90.00 -180.00     0.002000       0.6050    2.6916    0.6050
   99.79   90.00   -0.00     0.002000       0.6050    2.6916    0.6050
 -158.03   90.00 -180.00     0.002000       0.6050    2.6916    0.6050
   64.60   90.00   -0.00     0.002000       0.6050    2.6916    0.6050
  128.83   90.00    0.00     0.002000       0.6050    2.6916    0.6050
  102.39   90.00   -0.00     0.002000       0.6050    2.6916    0.6050
 -176.21   90.00  180.00     0.002000       0.6050    2.6916    0.6050
  112.31   90.00    0.00     0.002000       0.6050    2.6916    0.6050
 -158.40   90.00  180.00     0.002000       0.6050    2.6916    0.6050
 -154.99   90.00  180.00     0.002000       0.6050    2.6916    0.6050
   49.62   90.00   -0.00     0.002000       0.6050    2.6916    0.6050
 -176.16   90.00 -180.00     0.002000       0.6050    2.6916    0.6050
  170.27   90.00  180.00     0.002000       0.6050    2.6916    0.6050
 -143.26   90.00 -180.00     0.002000       0.6050    2.6916    0.6050
  172.85   90.00  180.00     0.002000       0.6050    2.6916    0.6050
  155.75   90.00  180.00     0.002000       0.6050    2.6916    0.6050
   59.44   90.00   -0.00     0.002000       0.6050    2.6916    0.6050
  159.77   90.00  180.00     0.002000       0.6050    2.6916    0.6050
 -174.46   90.00  180.00     0.002000       0.6050    2.6916    0.6050
 -177.10   90.00 -180.00     0.002000       0.6050    2.6916    0.6050
 -167.52   90.00 -180.00     0.002000       0.6050    2.6916    0.6050
  168.72   90.00 -180.00     0.002000       0.6050    2.6916    0.6050
 -160.97   90.00  180.00     0.002000       0.6050    2.6916    0.6050
   79.76   90.00   -0.00     0.002000       0.6050    2.6916    0.6050
  123.56   90.00   -0.00     0.002000       0.6050    2.6916    0.6050
 -161.61   90.00  180.00     0.002000       0.6050    2.6916    0.6050
  137.13   90.00 -180.00     0.002000       0.6050    2.6916    0.6050
  156.82   90.00 -180.00     0.002000       0.6050    2.6916    0.6050
   98.82   90.00   -0.00     0.002000       0.6050    2.6916    0.6050
   83.87   90.00    0.00     0.002000       0.6050    2.6916    0.6050
   47.28   90.00   -0.00     0.002000       0.6050    2.6916    0.6050
  145.92   90.00 -180.00     0.002000       0.6050    2.6916    0.6050
  169.56   90.00  180.00     0.002000       0.6050    2.6916    0.6050
   90.25   90.00    0.00     0.002000       0.6050    2.6916    0.6050
 -157.62   90.00 -180.00     0.002000       0.6050    2.6916    0.6050
  127.45   90.00   -0.00     0.002000       0.6050    2.6916    0.6050
 -169.28   90.00 -180.00     0.002000       0.6050    2.6916    0.6050
  145.91   90.00 -180.00     0.002000       0.6050    2.6916    0.6050
  107.67   90.00   -0.00     0.002000       0.6050    2.6916    0.6050
 -135.95   90.00 -180.00     0.002000       0.6050    2.6916    0.6050
 -165.66   90.00 -180.00     0.002000       0.6050    2.6916    0.6050
   90.01   90.00    0.00     0.002000       0.6050    2.6916    0.6050
  136.48   90.00 -180.00     0.002000       0.6050    2.6916    0.6050
  147.96   90.00 -180.00     0.002000       0.6050    2.6916    0.6050
   47.79   90.00   -0.00     0.002000       0.6050    2.6916    0.6050
  163.04   90.00  180.00     0.002000       0.6050    2.6916    0.6050
  145.06   90.00  180.00     0.002000       0.6050    2.6916    0.6050
 -142.44   90.00  180.00     0.002000       0.6050    2.6916    0.6050
   60.12   90.00   -0.00     0.002000       0.6050    2.6916    0.6050
  172.71   90.00 -180.00     0.002000       0.6050    2.6916    0.6050
  173.45   90.00 -180.00     0.002000       0.6050    2.6916    0.6050
  175.49   90.00  180.00     0.002000       0.6050    2.6916    0.6050
  124.19   90.00   -0.00     0.002000       0.6050    2.6916    0.6050
   88.58   90.00    0.00     0.002000       0.6050    2.6916    0.6050
 -172.45   90.00  180.00     0.002000       0.6050    2.6916    0.6050
   72.57   90.00    0.00     0.002000       0.6050    2.6916    0.6050
 -155.26   90.00 -180.00     0.002000       0.6050    2.6916    0.6050
 -143.57   90.00 -180.00     0.002000       0.6050    2.6916    0.6050
   99.05   90.00    0.00     0.002000       0.6050    2.6916    0.6050
  151.29   90.00 -180.00     0.002000       0.6050    2.6916    0.6050
  152.74   90.00 -180.00     0.002000       0.6050    2.6916    0.6050
 -159.32   90.00  180.00     0.002000       0.6050    2.6916    0.6050
 -176.62   90.00 -180.00     0.002000       0.6050    2.6916    0.6050
  161.61   90.00 -180.00     0.002000       0.6050    2.6916    0.6050
   63.56   90.00    0.00     0.002000       0.6050    2.6916    0.6050
  131.59   90.00    0.00     0.002000       0.6050    2.6916    0.6050
   96.41   90.00    0.00     0.002000       0.6050    2.6916    0.6050
  142.96   90.00 -180.00     0.002000       0.6050    2.6916    0.6050
  156.63   90.00  180.00     0.002000       0.6050    2.6916    0.6050
   45.62   90.00    0.00     0.002000       0.6050    2.6916    0.6050
  145.60   90.00  180.00     0.002000       0.6050    2.6916    0.6050
   59.50   90.00    0.00     0.002000       0.6050    2.6916    0.6050
  108.37   90.00    0.00     0.002000       0.6050    2.6916    0.6050
   82.18   90.00    0.00     0.002000       0.6050    2.6916    0.6050
   76.49   90.00    0.00     0.002000       0.6050    2.6916    0.6050
   53.60   90.00    0.00     0.002000       0.6050    2.6916    0.6050
   51.31   90.00    0.00     0.002000       0.6050    2.6916    0.6050
  129.04   90.00    0.00     0.002000       0.6050    2.6916    0.6050
 -163.81   90.00 -180.00     0.002000       0.6050    2.6916    0.6050
   93.98   90.00   -0.00     0.002000       0.6050    2.6916    0.6050
  161.67   90.00 -180.00     0.002000       0.6050    2.6916    0.6050
 -163.01   90.00  180.00     0.002000       0.6050    2.6916    0.6050
  106.58   90.00   -0.00     0.002000       0.6050    2.6916    0.6050
  157.66   90.00 -180.00     0.002000       0.6050    2.6916    0.6050
  160.61   90.00  180.00     0.002000       0.6050    2.6916    0.6050
  152.77   90.00  180.00     0.002000       0.6050    2.6916    0.6050
  136.78   90.00  180.00     0.002000       0.6050    2.6916    0.6050
 -141.32   90.00 -180.00     0.002000       0.6050    2.6916    0.6050
 -178.74   90.00  180.00     0.002000       0.6050    2.6916    0.6050
   53.22   90.00   -0.00     0.002000       0.6050    2.6916    0.6050
  133.82   90.00   -0.00     0.002000       0.6050    2.6916    0.6050
 -136.36   90.00  180.00     0.002000       0.6050    2.6916    0.6050
   45.73   90.00    0.00     0.002000       0.6050    2.6916    0.6050
  161.24   90.00  180.00     0.002000       0.6050    2.6916    0.6050
   82.14   90.00    0.00     0.002000       0.6050    2.6916    0.6050
 -165.55   90.00 -180.00     0.002000       0.6050    2.6916    0.6050
   86.38   90.00    0.00     0.002000       0.6050    2.6916    0.6050
  140.57   90.00 -180.00     0.002000       0.6050    2.6916    0.6050
  157.50   90.00 -180.00     0.002000       0.6050    2.6916    0.6050
  139.41   90.00 -180.00     0.002000       0.6050    2.6916    0.6050
  135.94   90.00 -180.00     0.002000       0.6050    2.6916    0.6050
 -166.32   90.00  180.00     0.002000       0.6050    2.6916    0.6050
   89.14   90.00   -0.00     0.002000       0.6050    2.6916    0.6050
 -139.56   90.00 -180.00     0.002000       0.6050    2.6916    0.6050
 -166.65   90.00  180.00     0.002000       0.6050    2.6916    0.6050
  114.42   90.00   -0.00     0.002000       0.6050    2.6916    0.6050
   48.11   90.00   -0.00     0.002000       0.6050    2.6916    0.6050
 -165.24   90.00  180.00     0.002000       0.6050    2.6916    0.6050
 -150.40   90.00  180.00     0.002000       0.6050    2.6916    0.6050
 -178.31   90.00  180.00     0.002000       0.6050    2.6916    0.6050
  167.48   90.00  180.00     0.002000       0.6050    2.6916    0.6050
  162.71   90.00 -180.00     0.002000       0.6050    2.6916    0.6050
  159.89   90.00  180.00     0.002000       0.6050    2.6916    0.6050
 -169.14   90.00 -180.00     0.002000       0.6050    2.6916    0.6050
  132.72   90.00    0.00     0.002000       0.6050    2.6916    0.6050
  120.79   90.00   -0.00     0.002000       0.6050    2.6916    0.6050
  107.01   90.00    0.00     0.002000       0.6050    2.6916    0.6050
 -170.13   90.00  180.00     0.002000       0.6050    2.6916    0.6050
  156.88   90.00 -180.00     0.002000       0.6050    2.6916    0.6050
 -174.15   90.00  180.00     0.002000       0.6050    2.6916    0.6050
   76.51   90.00   -0.00     0.002000       0.6050    2.6916    0.6050
  177.75   90.00  180.00     0.002000       0.6050    2.6916    0.6050
   52.81   90.00    0.00     0.002000       0.6050    2.6916    0.6050
  105.42   90.00    0.00     0.002000       0.6050    2.6916    0.6050
   98.90   90.00   -0.00     0.002000       0.6050    2.6916    0.6050
  173.72   90.00  180.00     0.002000       0.6050    2.6916    0.6050
   81.88   90.00    0.00     0.002000       0.6050    2.6916    0.6050
 -140.29   90.00 -180.00     0.002000       0.6050    2.6916    0.6050
   51.40   90.00    0.00     0.002000       0.6050    2.6916    0.6050
  157.85   90.00  180.00     0.002000       0.6050    2.6916    0.6050
 -174.80   90.00  180.00     0.002000       0.6050    2.6916    0.6050
 -150.14   90.00  180.00     0.002000       0.6050    2.6916    0.6050
 -178.86   90.00 -180.00     0.002000       0.6050    2.6916    0.6050
 -139.06   90.00 -180.00     0.002000       0.6050    2.6916    0.6050
 -141.58   90.00 -180.00     0.002000       0.6050    2.6916    0.6050
   92.06   90.00   -0.00     0.002000       0.6050    2.6916    0.6050
  162.10   90.00  180.00     0.002000       0.6050    2.6916    0.6050
 -173.56   90.00  180.00     0.002000       0.6050    2.6916    0.6050
  148.38   90.00 -180.00     0.002000       0.6050    2.6916    0.6050
 -140.33   90.00  180.00     0.002000       0.6050    2.6916    0.6050
 -165.60   90.00 -180.00     0.002000       0.6050    2.6916    0.6050
   65.42   90.00    0.00     0.002000       0.6050    2.6916    0.6050
  147.48   90.00  180.00     0.002000       0.6050    2.6916    0.6050
 -139.97   90.00  180.00     0.002000       0.6050    2.6916    0.6050
   94.09   90.00    0.00     0.002000       0.6050    2.6916    0.6050
  157.10   90.00 -180.00     0.002000       0.6050    2.6916    0.6050
 -158.66   90.00  180.00     0.002000       0.6050    2.6916    0.6050
 -174.05   90.00 -180.00     0.002000       0.6050    2.6916    0.6050
  141.17   90.00  180.00     0.002000       0.6050    2.6916    0.6050
  145.98   90.00  180.00     0.002000       0.6050    2.6916    0.6050
   70.05   90.00    0.00     0.002000       0.6050    2.6916    0.6050
 -165.55   90.00 -180.00     0.002000       0.6050    2.6916    0.6050
   84.07   90.00    0.00     0.002000       0.6050    2.6916    0.6050
   52.34   90.00   -0.00     0.002000       0.6050    2.6916    0.6050
  149.00   90.00  180.00     0.002000       0.6050    2.6916    0.6050
 -169.93   90.00  180.00     0.002000       0.6050    2.6916    0.6050
   74.18   90.00   -0.00     0.002000       0.6050    2.6916    0.6050
   70.86   90.00    0.00     0.002000       0.6050    2.6916    0.6050
 -163.98   90.00 -180.00     0.002000       0.6050    2.6916    0.6050
   75.25   90.00    0.00     0.002000       0.6050    2.6916    0.6050
 -150.51   90.00  180.00     0.002000       0.6050    2.6916    0.6050
  160.47   90.00 -180.00     0.002000       0.6050    2.6916    0.6050
  129.74   90.00   -0.00     0.002000       0.6050    2.6916    0.6050
  147.88   90.00  180.00     0.002000       0.6050    2.6916    0.6050
 -157.44   90.00 -180.00     0.002000       0.6050    2.6916    0.6050
 -152.94   90.00  180.00     0.002000       0.6050    2.6916    0.6050
 -176.01   90.00  180.00     0.002000       0.6050    2.6916    0.6050
   71.36   90.00   -0.00     0.002000       0.6050    2.6916    0.6050
  138.30   90.00  180.00     0.002000       0.6050    2.6916    0.6050
 -155.48   90.00  180.00     0.002000       0.6050    2.6916    0.6050
   98.24   90.00   -0.00     0.002000       0.6050    2.6916    0.6050
  116.98   90.00    0.00     0.002000       0.6050    2.6916    0.6050
 -152.65   90.00 -180.00     0.002000       0.6050    2.6916    0.6050
   52.49   90.00    0.00     0.002000       0.6050    2.6916    0.6050
  171.11   90.00  180.00     0.002000       0.6050    2.6916    0.6050
  140.68   90.00  180.00     0.002000       0.6050    2.6916    0.6050
 -168.77   90.00 -180.00     0.002000       0.6050    2.6916    0.6050
  147.81   90.00  180.00     0.002000       0.6050    2.6916    0.6050
   72.90   90.00    0.00     0.002000       0.6050    2.6916    0.6050
  146.38   90.00  180.00     0.002000       0.6050    2.6916    0.6050
   46.66   90.00    0.00     0.002000       0.6050    2.6916    0.6050
 -137.33   90.00 -180.00     0.002000       0.6050    2.6916    0.6050
   77.68   90.00    0.00     0.002000       0.6050    2.6916    0.6050
 -158.14   90.00 -180.00     0.002000       0.6050    2.6916    0.6050
  171.88   90.00 -180.00     0.002000       0.6050    2.6916    0.6050
  120.64   90.00   -0.00     0.002000       0.6050    2.6916    0.6050
   67.91   90.00    0.00     0.002000       0.6050    2.6916    0.6050
  163.89   90.00  180.00     0.002000       0.6050    2.6916    0.6050
  123.26   90.00    0.00     0.002000       0.6050    2.6916    0.6050
   51.68   90.00   -0.00     0.002000       0.6050    2.6916    0.6050
   76.64   90.00   -0.00     0.002000       0.6050    2.6916    0.6050
 -163.57   90.00 -180.00     0.002000       0.6050    2.6916    0.6050
   83.87   90.00    0.00     0.002000       0.6050    2.6916    0.6050
   91.52   90.00   -0.00     0.002000       0.6050    2.6916    0.6050
  125.50   90.00    0.00     0.002000       0.6050    2.6916    0.6050
  129.34   90.00   -0.00     0.002000       0.6050    2.6916    0.6050
 -145.94   90.00 -180.00     0.002000       0.6050    2.6916    0.6050
  175.80   90.00  180.00     0.002000       0.6050    2.6916    0.6050
   63.02   90.00    0.00     0.002000       0.6050    2.6916    0.6050
  112.21   90.00   -0.00     0.002000       0.6050    2.6916    0.6050
 -172.04   90.00 -180.00     0.002000       0.6050    2.6916    0.6050
   65.92   90.00    0.00     0.002000       0.6050    2.6916    0.6050
  169.09   90.00 -180.00     0.002000       0.6050    2.6916    0.6050
   85.20   90.00    0.00     0.002000       0.6050    2.6916    0.6050
  105.72   90.00   -0.00     0.002000       0.6050    2.6916    0.6050
  107.96   90.00   -0.00     0.002000       0.6050    2.6916    0.6050
  108.20   90.00    0.00     0.002000       0.6050    2.6916    0.6050
  168.57   90.00 -180.00     0.002000       0.6050    2.6916    0.6050
 -148.01   90.00 -180.00     0.002000       0.6050    2.6916    0.6050
   57.71   90.00   -0.00     0.002000       0.6050    2.6916    0.6050
 -136.60   90.00  180.00     0.002000       0.6050    2.6916    0.6050
   71.54   90.00    0.00     0.002000       0.6050    2.6916    0.6050
 -138.31   90.00  180.00     0.002000       0.6050    2.6916    0.6050
  103.40   90.00   -0.00     0.002000       0.6050    2.6916    0.6050
   74.13   90.00    0.00     0.002000       0.6050    2.6916    0.6050
  168.22   90.00 -180.00     0.002000       0.6050    2.6916    0.6050
  110.58   90.00    0.00     0.002000       0.6050    2.6916    0.6050
 -172.30   90.00 -180.00     0.002000       0.6050    2.6916    0.6050
  118.44   90.00    0.00     0.002000       0.6050    2.6916    0.6050
   64.44   90.00    0.00     0.002000       0.6050    2.6916    0.6050
  148.90   90.00 -180.00     0.002000       0.6050    2.6916    0.6050
  163.87   90.00 -180.00     0.002000       0.6050    2.6916    0.6050
  136.39   90.00 -180.00     0.002000       0.6050    2.6916    0.6050
 -158.99   90.00  180.00     0.002000       0.6050    2.6916    0.6050
   86.60   90.00   -0.00     0.002000       0.6050    2.6916    0.6050
 -164.02   90.00  180.00     0.002000       0.6050    2.6916    0.6050
  114.38   90.00    0.00     0.002000       0.6050    2.6916    0.6050
  144.80   90.00 -180.00     0.002000       0.6050    2.6916    0.6050
  149.07   90.00  180.00     0.002000       0.6050    2.6916    0.6050
  146.03   90.00 -180.00     0.002000       0.6050    2.6916    0.6050
   75.58   90.00   -0.00     0.002000       0.6050    2.6916    0.6050
  138.58   90.00 -180.00     0.002000       0.6050    2.6916    0.6050
  106.14   90.00   -0.00     0.002000       0.6050    2.6916    0.6050
   82.94   90.00    0.00     0.002000       0.6050    2.6916    0.6050
  119.89   90.00   -0.00     0.002000       0.6050    2.6916    0.6050
  172.57   90.00  180.00     0.002000       0.6050    2.6916    0.6050
   53.85   90.00    0.00     0.002000       0.6050    2.6916    0.6050
 -152.87   90.00 -180.00     0.002000       0.6050    2.6916    0.6050
  170.37   90.00  180.00     0.002000       0.6050    2.6916    0.6050
   50.96   90.00    0.00     0.002000       0.6050    2.6916    0.6050
  113.59   90.00   -0.00     0.002000       0.6050    2.6916    0.6050
  179.41   90.00 -180.00     0.002000       0.6050    2.6916    0.6050
 -147.77   90.00  180.00     0.002000       0.6050    2.6916    0.6050
   66.84   90.00    0.00     0.002000       0.6050    2.6916    0.6050
 -177.88   90.00  180.00     0.002000       0.6050    2.6916    0.6050
  161.91   90.00  180.00     0.002000       0.6050    2.6916    0.6050
  177.04   90.00  180.00     0.002000       0.6050    2.6916    0.6050
   76.24   90.00   -0.00     0.002000       0.6050    2.6916    0.6050
  174.54   90.00 -180.00     0.002000       0.6050    2.6916    0.6050
   69.96   90.00    0.00     0.002000       0.6050    2.6916    0.6050
   78.77   90.00    0.00     0.002000       0.6050    2.6916    0.6050
   79.61   90.00    0.00     0.002000       0.6050    2.6916    0.6050
 -175.95   90.00 -180.00     0.002000       0.6050    2.6916    0.6050
 -136.99   90.00 -180.00     0.002000       0.6050    2.6916    0.6050
 -138.14   90.00 -180.00     0.002000       0.6050    2.6916    0.6050
  178.16   90.00 -180.00     0.002000       0.6050    2.6916    0.6050
 -178.44   90.00 -180.00     0.002000       0.6050    2.6916    0.6050
 -172.67   90.00 -180.00     0.002000       0.6050    2.6916    0.6050
  161.90   90.00 -180.00     0.002000       0.6050    2.6916    0.6050
   66.53   90.00   -0.00     0.002000       0.6050    2.6916    0.6050
  166.07   90.00  180.00     0.002000       0.6050    2.6916    0.6050
  155.77   90.00 -180.00     0.002000       0.6050    2.6916    0.6050
  131.44   90.00   -0.00     0.002000       0.6050    2.6916    0.6050
 -141.77   90.00  180.00     0.002000       0.6050    2.6916    0.6050
   64.39   90.00   -0.00     0.002000       0.6050    2.6916    0.6050
   51.01   90.00    0.00     0.002000       0.6050    2.6916    0.6050
   86.39   90.00   -0.00     0.002000       0.6050    2.6916    0.6050
   46.05   90.00    0.00     0.002000       0.6050    2.6916    0.6050
  169.94   90.00 -180.00     0.002000       0.6050    2.6916    0.6050
   49.12   90.00   -0.00     0.002000       0.6050    2.6916    0.6050
   62.62   90.00   -0.00     0.002000       0.6050    2.6916    0.6050
   69.38   90.00   -0.00     0.002000       0.6050    2.6916    0.6050
 -174.25   90.00 -180.00     0.002000       0.6050    2.6916    0.6050
  127.68   90.00   -0.00     0.002000       0.6050    2.6916    0.6050
  165.92   90.00  180.00     0.002000       0.6050    2.6916    0.6050
  119.96   90.00    0.00     0.002000       0.6050    2.6916    0.6050
   51.77   90.00    0.00     0.002000       0.6050    2.6916    0.6050
  146.84   90.00  180.00     0.002000       0.6050    2.6916    0.6050
  122.79   90.00   -0.00     0.002000       0.6050    2.6916    0.6050
   59.42   90.00    0.00     0.002000       0.6050    2.6916    0.6050
 -162.12   90.00  180.00     0.002000       0.6050    2.6916    0.6050
 -152.46   90.00  180.00     0.002000       0.6050    2.6916    0.6050
 -154.95   90.00 -180.00     0.002000       0.6050    2.6916    0.6050
   93.97   90.00   -0.00     0.002000       0.6050    2.6916    0.6050
   56.43   90.00   -0.00     0.002000       0.6050    2.6916    0.6050
  170.27   90.00  180.00     0.002000       0.6050    2.6916    0.6050
 -154.01   90.00  180.00     0.002000       0.6050    2.6916    0.6050
   84.16   90.00   -0.00     0.002000       0.6050    2.6916    0.6050
 -176.39   90.00 -180.00     0.002000       0.6050    2.6916    0.6050
  131.13   90.00    0.00     0.002000       0.6050    2.6916    0.6050
 -161.40   90.00 -180.00     0.002000       0.6050    2.6916    0.6050
  107.00   90.00    0.00     0.002000       0.6050    2.6916    0.6050
   78.18   90.00    0.00     0.002000       0.6050    2.6916    0.6050
 -164.86   90.00 -180.00     0.002000       0.6050    2.6916    0.6050
 -146.42   90.00 -180.00     0.002000       0.6050    2.6916    0.6050
 -155.13   90.00  180.00     0.002000       0.6050    2.6916    0.6050
 -143.70   90.00 -180.00     0.002000       0.6050    2.6916    0.6050
   93.88   90.00    0.00     0.002000       0.6050    2.6916    0.6050
 -169.23   90.00  180.00     0.002000       0.6050    2.6916    0.6050
   96.11   90.00    0.00     0.002000       0.6050    2.6916    0.6050
 -143.77   90.00 -180.00     0.002000       0.6050    2.6916    0.6050
 -177.93   90.00 -180.00     0.002000       0.6050    2.6916    0.6050
  100.70   90.00    0.00     0.002000       0.6050    2.6916    0.6050
  178.25   90.00 -180.00     0.002000       0.6050    2.6916    0.6050
 -158.44   90.00 -180.00     0.002000       0.6050    2.6916    0.6050
   84.71   90.00    0.00     0.002000       0.6050    2.6916    0.6050
   85.35   90.00   -0.00     0.002000       0.6050    2.6916    0.6050
  169.57   90.00 -180.00     0.002000       0.6050    2.6916    0.6050
   53.93   90.00   -0.00     0.002000       0.6050    2.6916    0.6050
  145.14   90.00 -180.00     0.002000       0.6050    2.6916    0.6050
  120.38   90.00   -0.00     0.002000       0.6050    2.6916    0.6050
  104.44   90.00   -0.00     0.002000       0.6050    2.6916    0.6050
   96.55   90.00   -0.00     0.002000       0.6050    2.6916    0.6050
 -156.01   90.00 -180.00     0.002000       0.6050    2.6916    0.6050
   49.33   90.00    0.00     0.002000       0.6050    2.6916    0.6050
  126.61   90.00    0.00     0.002000       0.6050    2.6916    0.6050
 -155.07   90.00  180.00     0.002000       0.6050    2.6916    0.6050
  178.25   90.00  180.00     0.002000       0.6050    2.6916    0.6050
   72.45   90.00    0.00     0.002000       0.6050    2.6916    0.6050
  161.65   90.00 -180.00     0.002000       0.6050    2.6916    0.6050
 -173.52   90.00  180.00     0.002000       0.6050    2.6916    0.6050
   56.02   90.00   -0.00     0.002000       0.6050    2.6916    0.6050
   85.18   90.00    0.00     0.002000       0.6050    2.6916    0.6050
  170.50   90.00  180.00     0.002000       0.6050    2.6916    0.6050
 -171.71   90.00  180.00     0.002000       0.6050    2.6916    0.6050
   69.29   90.00    0.00     0.002000       0.6050    2.6916    0.6050
 -154.42   90.00 -180.00     0.002000       0.6050    2.6916    0.6050
 -166.30   90.00  180.00     0.002000       0.6050    2.6916    0.6050
  150.86   90.00  180.00     0.002000       0.6050    2.6916    0.6050
   76.67   90.00   -0.00     0.002000       0.6050    2.6916    0.6050
  159.17   90.00  180.00     0.002000       0.6050    2.6916    0.6050
   83.90   90.00   -0.00     0.002000       0.6050    2.6916    0.6050
  144.81   90.00 -180.00     0.002000       0.6050    2.6916    0.6050
  149.35   90.00 -180.00     0.002000       0.6050    2.6916    0.6050
 -167.22   90.00  180.00     0.002000       0.6050    2.6916    0.6050
  120.24   90.00    0.00     0.002000       0.6050    2.6916    0.6050
  104.21   90.00    0.00     0.002000       0.6050    2.6916    0.6050
  133.16   90.00   -0.00     0.002000       0.6050    2.6916    0.6050
  170.52   90.00  180.00     0.002000       0.6050    2.6916    0.6050
   82.56   90.00   -0.00     0.002000       0.6050    2.6916    0.6050
   67.56   90.00   -0.00     0.002000       0.6050    2.6916    0.6050
  118.35   90.00    0.00     0.002000       0.6050    2.6916    0.6050
   67.53   90.00   -0.00     0.002000       0.6050    2.6916    0.6050
   65.37   90.00    0.00     0.002000       0.6050    2.6916    0.6050
 -178.39   90.00 -180.00     0.002000       0.6050    2.6916    0.6050
   66.64   90.00    0.00     0.002000       0.6050    2.6916    0.6050
  157.31   90.00  180.00     0.002000       0.6050    2.6916    0.6050
  154.26   90.00  180.00     0.002000       0.6050    2.6916    0.6050
   52.89   90.00   -0.00     0.002000       0.6050    2.6916    0.6050
  121.46   90.00   -0.00     0.002000       0.6050    2.6916    0.6050
 -153.09   90.00 -180.00     0.002000       0.6050    2.6916    0.6050
  131.61   90.00    0.00     0.002000       0.6050    2.6916    0.6050
  113.22   90.00    0.00     0.002000       0.6050    2.6916    0.6050
  154.59   90.00 -180.00     0.002000       0.6050    2.6916    0.6050
  108.99   90.00    0.00     0.002000       0.6050    2.6916    0.6050
   94.15   90.00    0.00     0.002000       0.6050    2.6916    0.6050
   85.30   90.00    0.00     0.002000       0.6050    2.6916    0.6050
   52.54   90.00    0.00     0.002000       0.6050    2.6916    0.6050
   70.11   90.00   -0.00     0.002000       0.6050    2.6916    0.6050
   78.24   90.00   -0.00     0.002000       0.6050    2.6916    0.6050
 -172.38   90.00 -180.00     0.002000       0.6050    2.6916    0.6050
   86.40   90.00   -0.00     0.002000       0.6050    2.6916    0.6050
  120.66   90.00   -0.00     0.002000       0.6050    2.6916    0.6050
  154.25   90.00  180.00     0.002000       0.6050    2.6916    0.6050
  170.66   90.00 -180.00     0.002000       0.6050    2.6916    0.6050
 -147.41   90.00 -180.00     0.002000       0.6050    2.6916    0.6050
 -163.82   90.00  180.00     0.002000       0.6050    2.6916    0.6050
  103.80   90.00   -0.00     0.002000       0.6050    2.6916    0.6050
  137.27   90.00 -180.00     0.002000       0.6050    2.6916    0.6050
   99.92   90.00   -0.00     0.002000       0.6050    2.6916    0.6050
  109.07   90.00   -0.00     0.002000       0.6050    2.6916    0.6050
  138.10   90.00  180.00     0.002000       0.6050    2.6916    0.6050
 -162.83   90.00  180.00     0.002000       0.6050    2.6916    0.6050
  167.93   90.00 -180.00     0.002000       0.6050    2.6916    0.6050
   95.97   90.00    0.00     0.002000       0.6050    2.6916    0.6050
  154.40   90.00 -180.00     0.002000       0.6050    2.6916    0.6050
  113.01   90.00    0.00     0.002000       0.6050    2.6916    0.6050
  164.56   90.00 -180.00     0.002000       0.6050    2.6916    0.6050
 -143.17   90.00 -180.00     0.002000       0.6050    2.6916    0.6050
   72.37   90.00    0.00     0.002000       0.6050    2.6916    0.6050
  167.62   90.00 -180.00     0.002000       0.6050    2.6916    0.6050
  110.77   90.00   -0.00     0.002000       0.6050    2.6916    0.6050
  106.35   90.00   -0.00     0.002000       0.6050    2.6916    0.6050
  149.58   90.00 -180.00     0.002000       0.6050    2.6916    0.6050
  106.86   90.00   -0.00     0.002000       0.6050    2.6916    0.6050
  138.08   90.00 -180.00     0.002000       0.6050    2.6916    0.6050
 -149.66   90.00 -180.00     0.002000       0.6050    2.6916    0.6050
   78.99   90.00   -0.00     0.002000       0.6050    2.6916    0.6050
  119.42   90.00    0.00     0.002000       0.6050    2.6916    0.6050
  153.24   90.00 -180.00     0.002000       0.6050    2.6916    0.6050
   45.53   90.00    0.00     0.002000       0.6050    2.6916    0.6050
 -138.25   90.00 -180.00     0.002000       0.6050    2.6916    0.6050
  166.28   90.00  180.00     0.002000       0.6050    2.6916    0.6050
  115.09   90.00    0.00     0.002000       0.6050    2.6916    0.6050
  135.19   90.00 -180.00     0.002000       0.6050    2.6916    0.6050
   83.58   90.00    0.00     0.002000       0.6050    2.6916    0.6050
   96.07   90.00   -0.00     0.002000       0.6050    2.6916    0.6050
  146.60   90.00 -180.00     0.002000       0.6050    2.6916    0.6050
 -172.58   90.00 -180.00     0.002000       0.6050    2.6916    0.6050
 -148.15   90.00 -180.00     0.002000       0.6050    2.6916    0.6050
   54.74   90.00    0.00     0.002000       0.6050    2.6916    0.6050
 -169.86   90.00  180.00     0.002000       0.6050    2.6916    0.6050
 -144.89   90.00 -180.00     0.002000       0.6050    2.6916    0.6050
   99.88   90.00    0.00     0.002000       0.6050    2.6916    0.6050
 -160.22   90.00  180.00     0.002000       0.6050    2.6916    0.6050
  164.68   90.00 -180.00     0.002000       0.6050    2.6916    0.6050
  167.56   90.00 -180.00     0.002000       0.6050    2.6916    0.6050
  115.36   90.00    0.00     0.002000       0.6050    2.6916    0.6050
  109.86   90.00   -0.00     0.002000       0.6050    2.6916    0.6050
  163.03   90.00  180.00     0.002000       0.6050    2.6916    0.6050
  171.04   90.00  180.00     0.002000       0.6050    2.6916    0.6050
  104.26   90.00   -0.00     0.002000       0.6050    2.6916    0.6050
 -135.43   90.00 -180.00     0.002000       0.6050    2.6916    0.6050
   77.39   90.00    0.00     0.002000       0.6050    2.6916    0.6050
  109.03   90.00   -0.00     0.002000       0.6050    2.6916    0.6050
  141.37   90.00  180.00     0.002000       0.6050    2.6916    0.6050
   49.28   90.00    0.00     0.002000       0.6050    2.6916    0.6050
   57.35   90.00    0.00     0.002000       0.6050    2.6916    0.6050
   64.68   90.00   -0.00     0.002000       0.6050    2.6916    0.6050
  106.86   90.00   -0.00     0.002000       0.6050    2.6916    0.6050
 -163.75   90.00  180.00     0.002000       0.6050    2.6916    0.6050
   89.07   90.00   -0.00     0.002000       0.6050    2.6916    0.6050
  120.97   90.00   -0.00     0.002000       0.6050    2.6916    0.6050
   82.01   90.00   -0.00     0.002000       0.6050    2.6916    0.6050
  114.53   90.00   -0.00     0.002000       0.6050    2.6916    0.6050
   94.90   90.00    0.00     0.002000       0.6050    2.6916    0.6050
  124.07   90.00   -0.00     0.002000       0.6050    2.6916    0.6050
 -150.94   90.00  180.00     0.002000       0.6050    2.6916    0.6050
   73.95   90.00    0.00     0.002000       0.6050    2.6916    0.6050
 -162.38   90.00  180.00     0.002000       0.6050    2.6916    0.6050
 -154.77   90.00  180.00     0.002000       0.6050    2.6916    0.6050
  115.96   90.00   -0.00     0.002000       0.6050    2.6916    0.6050
 -176.38   90.00 -180.00     0.002000       0.6050    2.6916    0.6050
  173.93   90.00 -180.00     0.002000       0.6050    2.6916    0.6050
  161.67   90.00  180.00     0.002000       0.6050    2.6916    0.6050
  155.15   90.00  180.00     0.002000       0.6050    2.6916    0.6050
   66.65   90.00    0.00     0.002000       0.6050    2.6916    0.6050
 -176.26   90.00 -180.00     0.002000       0.6050    2.6916    0.6050
  160.14   90.00 -180.00     0.002000       0.6050    2.6916    0.6050
  121.06   90.00    0.00     0.002000       0.6050    2.6916    0.6050
  104.82   90.00    0.00     0.002000       0.6050    2.6916    0.6050
   85.92   90.00   -0.00     0.002000       0.6050    2.6916    0.6050
  160.12   90.00 -180.00     0.002000       0.6050    2.6916    0.6050
  121.39   90.00   -0.00     0.002000       0.6050    2.6916    0.6050
  112.04   90.00   -0.00     0.002000       0.6050    2.6916    0.6050
   58.54   90.00   -0.00     0.002000       0.6050    2.6916    0.6050
  148.22   90.00 -180.00     0.002000       0.6050    2.6916    0.6050
   57.22   90.00   -0.00     0.002000       0.6050    2.6916    0.6050
   54.53   90.00   -0.00     0.002000       0.6050    2.6916    0.6050
   49.89   90.00    0.00     0.002000       0.6050    2.6916    0.6050
 -176.91   90.00  180.00     0.002000       0.6050    2.6916    0.6050
  110.08   90.00   -0.00     0.002000       0.6050    2.6916    0.6050
   45.18   90.00    0.00     0.002000       0.6050    2.6916    0.6050
   81.00   90.00   -0.00     0.002000       0.6050    2.6916    0.6050
  164.20   90.00  180.00     0.002000       0.6050    2.6916    0.6050
  154.05   90.00  180.00     0.002000       0.6050    2.6916    0.6050
  147.63   90.00  180.00     0.002000       0.6050    2.6916    0.6050
  178.12   90.00 -180.00     0.002000       0.6050    2.6916    0.6050
 -160.83   90.00 -180.00     0.002000       0.6050    2.6916    0.6050
   71.98   90.00    0.00     0.002000       0.6050    2.6916    0.6050
  159.93   90.00  180.00     0.002000       0.6050    2.6916    0.6050
   82.63   90.00   -0.00     0.002000       0.6050    2.6916    0.6050
 -179.10   90.00 -180.00     0.002000       0.6050    2.6916    0.6050
  101.90   90.00    0.00     0.002000       0.6050    2.6916    0.6050
 -142.77   90.00  180.00     0.002000       0.6050    2.6916    0.6050
  100.39   90.00    0.00     0.002000       0.6050    2.6916    0.6050
  169.18   90.00 -180.00     0.002000       0.6050    2.6916    0.6050
  161.19   90.00  180.00     0.002000       0.6050    2.6916    0.6050
 -163.24   90.00  180.00     0.002000       0.6050    2.6916    0.6050
  101.69   90.00    0.00     0.002000       0.6050    2.6916    0.6050
  176.02   90.00  180.00     0.002000       0.6050    2.6916    0.6050
 -151.07   90.00  180.00     0.002000       0.6050    2.6916    0.6050
 -179.89   90.00 -180.00     0.002000       0.6050    2.6916    0.6050
   46.84   90.00    0.00     0.002000       0.6050    2.6916    0.6050
 -155.16   90.00 -180.00     0.002000       0.6050    2.6916    0.6050
   96.64   90.00    0.00     0.002000       0.6050    2.6916    0.6050
 -177.69   90.00 -180.00     0.002000       0.6050    2.6916    0.6050
  108.58   90.00    0.00     0.002000       0.6050    2.6916    0.6050
  145.81   90.00 -180.00     0.002000       0.6050    2.6916    0.6050
   51.20   90.00   -0.00     0.002000       0.6050    2.6916    0.6050
  111.73   90.00   -0.00     0.002000       0.6050    2.6916    0.6050
   75.31   90.00   -0.00     0.002000       0.6050    2.6916    0.6050
  169.04   90.00 -180.00     0.002000       0.6050    2.6916    0.6050
