MORPHOLOGY AT STRAIN =    1.0000  FOR PHASE  1
   1.644   1.644   0.364  <-- AXES OF PHASE ELLIPSOID
  -18.90    0.00    0.00  <-- EULER ANGLES OF PHASE ELLIPSOID (deg)
   1.154   2.381   0.367  <-- AVERAGE OF GRAIN AXES FOR PHASE
   0.134   0.078   0.176  <-- STANDARD DEV OF AVG GRAIN AXES FOR PHASE
B       500
   56.93    9.22  -74.83     0.002000       1.1313    2.1134    0.4122
 -153.74    8.36  -89.88     0.002000       1.0778    2.3280    0.3922
  164.55    4.92 -114.81     0.002000       1.3254    2.4560    0.3000
   60.90    5.07  -91.30     0.002000       1.0258    2.3388    0.4105
  -14.47    3.75   75.27     0.002000       1.2357    2.6879    0.2936
   13.66    0.85  -53.84     0.002000       1.8457    2.1972    0.2392
  102.58    7.20  -91.02     0.002000       1.0625    2.3703    0.3906
   35.11    6.12   94.77     0.002000       1.1900    2.6174    0.3138
 -171.43    4.99  -56.59     0.002000       1.0170    2.0427    0.4758
   89.31    5.64  -98.32     0.002000       1.0327    2.3250    0.4101
  141.72    4.63 -105.48     0.002000       1.2201    2.6806    0.2983
  -39.78    0.00    0.00     0.002000       1.3690    2.7178    0.2610
  -58.48    4.53  100.78     0.002000       1.0151    2.2738    0.4271
   47.27    7.10   85.39     0.002000       1.1619    2.5046    0.3366
   75.26    7.56  -95.08     0.002000       1.1500    2.4908    0.3422
   62.67    2.17  -68.76     0.002000       1.3068    2.7489    0.2706
  125.06    2.21  -93.68     0.002000       1.2376    2.8057    0.2802
  -85.13    8.49   90.45     0.002000       1.0992    2.3992    0.3727
  -75.44    7.74   85.52     0.002000       1.0760    2.3594    0.3874
  -94.38    8.70   90.26     0.002000       1.1283    2.4424    0.3562
 -116.46    8.34   86.95     0.002000       1.0893    2.3680    0.3812
 -148.65    8.58  -89.55     0.002000       1.0889    2.3414    0.3859
  -75.94    2.06   75.43     0.002000       1.7383    2.3127    0.2414
 -168.59    5.46  -71.00     0.002000       1.2400    2.5230    0.3125
 -137.54    8.70  -89.31     0.002000       1.1463    2.4466    0.3499
   20.27    7.46   91.93     0.002000       1.0635    2.3130    0.4003
  119.96    0.00    0.00     0.002000       1.3914    2.6654    0.2619
  165.32    7.46  -92.58     0.002000       1.0529    2.2843    0.4097
   -3.14    1.25   97.48     0.002000       1.2677    2.7623    0.2778
   10.73    1.65   69.47     0.002000       1.0023    2.2309    0.4413
 -141.75    5.82  -93.82     0.002000       1.1931    2.6431    0.3098
   -0.52    5.15   78.57     0.002000       1.0236    2.2059    0.4370
  154.91    6.71  -88.61     0.002000       1.0415    2.2802    0.4149
   58.19    3.86  -69.28     0.002000       1.2918    2.6289    0.2870
  158.00    7.16  -79.91     0.002000       1.0460    2.1907    0.4305
 -174.71    8.28  -85.51     0.002000       1.0849    2.3027    0.3940
 -179.30    8.64  -99.89     0.002000       1.1251    2.3058    0.3791
   71.14    6.80  -89.78     0.002000       1.0524    2.3619    0.3959
  155.33    7.73  -96.97     0.002000       1.1663    2.4819    0.3386
 -170.34    3.73  -76.48     0.002000       1.2335    2.7213    0.2904
  -11.70    0.00    0.00     0.002000       1.0003    2.3546    0.4182
  -18.26    1.73   50.71     0.002000       1.4547    2.5729    0.2596
    7.78    4.90   77.95     0.002000       1.2119    2.6016    0.3099
  -55.96    6.32  115.13     0.002000       1.0270    2.0506    0.4693
  -28.73    8.51   91.66     0.002000       1.1013    2.3397    0.3817
  120.05    3.37  -93.67     0.002000       1.0095    2.3167    0.4214
   94.72    1.19  -86.95     0.002000       1.0014    2.3383    0.4208
   46.99    2.47   86.40     0.002000       1.0064    2.3236    0.4214
  151.36    1.76  -87.47     0.002000       1.0021    2.2740    0.4328
  -53.39    4.81   89.57     0.002000       1.0190    2.3082    0.4190
  -59.94    7.49   92.06     0.002000       1.1737    2.5400    0.3284
   21.47    6.77   96.23     0.002000       1.1808    2.5510    0.3249
   21.83    1.25   14.81     0.002000       1.0001    2.2120    0.4461
    5.07    4.35  108.98     0.002000       1.2386    2.6350    0.2990
  -73.96    6.09  143.27     0.002000       1.0214    1.7236    0.5635
  -79.76    8.49   88.44     0.002000       1.1347    2.4511    0.3528
   51.66    7.38  -80.84     0.002000       1.1578    2.4654    0.3434
   11.63    3.07   87.31     0.002000       1.0087    2.2763    0.4295
    7.24    0.00    0.00     0.002000       1.5026    2.5618    0.2521
  -42.27    3.85   88.45     0.002000       1.2069    2.7500    0.2937
  170.55    1.21 -112.71     0.002000       1.2925    2.7528    0.2733
   58.38    6.97  -80.24     0.002000       1.1696    2.4990    0.3351
  -21.69    1.08   96.99     0.002000       1.0012    2.2721    0.4336
   -9.66    1.74   65.34     0.002000       1.3142    2.7117    0.2729
 -121.45    0.91 -110.51     0.002000       1.0001    2.3120    0.4263
   48.91    5.86  -64.79     0.002000       1.0289    2.0791    0.4617
  171.35    8.24  -97.08     0.002000       1.1474    2.4112    0.3548
  -30.38    6.17  130.56     0.002000       1.0291    1.8318    0.5256
 -135.45    6.91   91.21     0.002000       1.0429    2.3218    0.4068
  126.50    8.20  -82.47     0.002000       1.0758    2.2468    0.4075
  -69.00    7.64   92.97     0.002000       1.1679    2.5297    0.3315
   28.64    2.90   67.75     0.002000       1.3205    2.6218    0.2814
   97.39    3.17 -109.16     0.002000       1.2781    2.7236    0.2796
  152.87    7.32  -92.72     0.002000       1.0518    2.2925    0.4086
 -144.35    4.16  -96.66     0.002000       1.2171    2.7194    0.2946
  122.35    1.61 -112.94     0.002000       1.2865    2.7953    0.2703
  152.40    8.43  -92.56     0.002000       1.0913    2.3331    0.3864
  148.77    8.62 -104.36     0.002000       1.1141    2.2213    0.3979
  -51.44    7.70   91.03     0.002000       1.1720    2.5196    0.3317
 -178.62    6.07 -110.70     0.002000       1.2773    2.3610    0.3247
  -15.83    8.62   91.82     0.002000       1.1165    2.3506    0.3746
   63.07    4.92  -89.56     0.002000       1.2003    2.7202    0.2987
  113.97    7.83  -94.43     0.002000       1.1597    2.5046    0.3374
  -67.73    5.75   97.21     0.002000       1.1930    2.6350    0.3108
  -28.27    0.00    0.00     0.002000       1.8903    2.1549    0.2381
  -14.08    6.68   85.94     0.002000       1.1815    2.5474    0.3252
  -98.46    3.87   94.22     0.002000       1.0118    2.3465    0.4150
  -32.28    3.92   87.51     0.002000       1.2060    2.7347    0.2956
   55.98    8.32   77.16     0.002000       1.0750    2.1579    0.4251
  -76.14    5.67   91.98     0.002000       1.0288    2.3478    0.4077
  171.13    8.81  -91.12     0.002000       1.1407    2.3956    0.3594
  113.56    7.74  -90.64     0.002000       1.1629    2.5164    0.3348
 -130.51    2.37  123.55     0.002000       1.4297    2.6008    0.2614
 -136.98    5.95  107.81     0.002000       1.0298    2.2052    0.4343
  -15.21    1.15   56.59     0.002000       1.3508    2.7026    0.2662
   24.57    6.54  104.26     0.002000       1.1863    2.4795    0.3330
  -82.36    6.53   84.18     0.002000       1.0431    2.3311    0.4049
  -20.00    8.49   92.83     0.002000       1.1347    2.3855    0.3629
   19.28    6.82   81.73     0.002000       1.0464    2.2247    0.4235
  -74.82    5.32   83.59     0.002000       1.2008    2.7055    0.3003
  175.28    5.00  -99.98     0.002000       1.0202    2.2503    0.4296
  -45.18    1.36  103.05     0.002000       1.8432    2.1998    0.2392
  -19.65    6.00   84.93     0.002000       1.0361    2.2652    0.4200
  -41.43    5.55   89.88     0.002000       1.0304    2.3094    0.4140
  133.63    0.00    0.00     0.002000       1.4197    2.6337    0.2597
   30.59    2.05   93.59     0.002000       1.0038    2.2894    0.4291
   57.58    7.00  -86.97     0.002000       1.1788    2.5782    0.3219
  -30.91    6.95   57.18     0.002000       1.0343    1.8624    0.5140
   43.42    7.59   77.32     0.002000       1.0568    2.1637    0.4314
   71.87    7.92  -91.32     0.002000       1.1483    2.4945    0.3422
  -18.58    8.38   89.15     0.002000       1.1034    2.3397    0.3810
   82.63    8.01  -93.92     0.002000       1.1163    2.4271    0.3623
 -131.17    4.14 -128.99     0.002000       1.0075    2.0489    0.4789
   77.98    8.19 -100.63     0.002000       1.1404    2.3380    0.3684
  146.49    4.36 -110.49     0.002000       1.2480    2.6523    0.2947
 -144.27    2.16 -149.91     0.002000       1.0012    2.1550    0.4577
  -34.72    8.59  103.55     0.002000       1.1411    2.2410    0.3848
  -48.12    7.52   97.81     0.002000       1.0574    2.2732    0.4098
 -160.26    8.35  -86.31     0.002000       1.1550    2.4486    0.3468
 -138.31    5.58  -90.02     0.002000       1.0248    2.3075    0.4167
   36.16    2.93  -62.13     0.002000       1.3456    2.6428    0.2736
  102.75    0.00    0.00     0.002000       1.3714    2.6643    0.2660
 -117.09    6.42   90.68     0.002000       1.0373    2.3423    0.4053
   45.78    6.78  -74.76     0.002000       1.0511    2.2043    0.4255
    0.03    7.36   85.06     0.002000       1.1630    2.4681    0.3415
 -114.17    4.09   93.46     0.002000       1.0128    2.3407    0.4156
   85.21    0.00    0.00     0.002000       1.5520    2.4547    0.2550
   -5.42    5.34   76.20     0.002000       1.0255    2.1855    0.4403
  -78.80    4.51  158.06     0.002000       1.0106    1.8286    0.5362
  162.19    5.71  -90.29     0.002000       1.1938    2.6342    0.3107
 -157.30    2.41 -100.82     0.002000       1.2580    2.7529    0.2811
  146.46    7.76  -91.96     0.002000       1.0674    2.3177    0.3980
   98.39    1.77  -65.57     0.002000       1.3869    2.6480    0.2647
  106.47    1.48  -85.37     0.002000       1.0021    2.3372    0.4207
 -169.56    4.69  -94.60     0.002000       1.0170    2.2815    0.4249
  -19.60    8.65  103.16     0.002000       1.1123    2.2036    0.4019
   96.22    8.23  -90.97     0.002000       1.1356    2.4642    0.3506
 -105.09    8.66   90.32     0.002000       1.1154    2.4233    0.3633
  176.32    3.76  -76.34     0.002000       1.2394    2.6965    0.2917
   53.59    6.47  -91.24     0.002000       1.0450    2.3406    0.4025
  104.32    7.81  -95.99     0.002000       1.1464    2.4777    0.3452
  -81.09    2.90   98.94     0.002000       1.0064    2.3379    0.4188
    2.94    7.48   91.33     0.002000       1.1739    2.4961    0.3344
   55.74    7.24  -91.86     0.002000       1.1674    2.5394    0.3303
 -143.61    5.30  -94.78     0.002000       1.1993    2.6683    0.3051
   61.69    4.37  -94.98     0.002000       1.0174    2.3229    0.4169
  -22.94    6.83   90.10     0.002000       1.0506    2.3004    0.4076
    4.14    4.87   91.67     0.002000       1.1977    2.6656    0.3058
 -148.65    0.87  -90.40     0.002000       1.6673    2.3124    0.2519
   -4.94    4.10   94.89     0.002000       1.0155    2.2714    0.4275
 -121.56    3.41 -108.72     0.002000       1.0057    2.2408    0.4377
  -40.19    1.22  170.15     0.002000       1.0003    2.2333    0.4416
 -102.50    6.59   86.15     0.002000       1.1849    2.6259    0.3141
  -21.45    8.13   85.08     0.002000       1.1383    2.3971    0.3598
   -2.65    6.24   87.21     0.002000       1.1864    2.5752    0.3202
  -41.79    8.69   90.77     0.002000       1.1141    2.3692    0.3724
   43.29    1.95  -80.76     0.002000       1.0033    2.3326    0.4211
 -165.97    7.82  -94.45     0.002000       1.1654    2.4791    0.3393
 -139.73    1.83  114.65     0.002000       1.3014    2.7838    0.2682
   82.21    8.04  -90.43     0.002000       1.0960    2.4081    0.3723
   38.97    7.23   91.27     0.002000       1.0603    2.3374    0.3971
  -60.25    3.05   93.64     0.002000       1.0069    2.3064    0.4245
  159.38    7.67  -95.39     0.002000       1.0672    2.3024    0.4007
   40.87    4.83   61.58     0.002000       1.0158    2.0537    0.4738
 -173.74    8.61  -97.87     0.002000       1.1270    2.3387    0.3730
   24.99    1.73   24.62     0.002000       1.0008    2.1561    0.4576
  -39.85    5.29   70.00     0.002000       1.2578    2.4871    0.3125
  100.63    1.41 -120.83     0.002000       1.3625    2.7147    0.2626
  103.23    0.00    0.00     0.002000       1.4724    2.5430    0.2595
  -92.71    8.48   98.40     0.002000       1.1047    2.3391    0.3805
   45.67    7.91  -83.70     0.002000       1.1316    2.4230    0.3580
  148.99    5.41  -85.94     0.002000       1.1960    2.6336    0.3102
 -172.77    7.22  -89.90     0.002000       1.1832    2.5457    0.3250
  -15.21    8.54   90.98     0.002000       1.1431    2.3989    0.3581
  -18.68    0.00    0.00     0.002000       1.0000    2.3513    0.4190
 -128.23    7.37   89.90     0.002000       1.0545    2.3431    0.3984
  114.10    1.26 -129.16     0.002000       1.0010    2.3102    0.4262
 -166.34    8.26  -90.76     0.002000       1.0744    2.3099    0.3967
  162.85    8.44  -96.37     0.002000       1.1366    2.3905    0.3615
  -63.73    7.37   87.65     0.002000       1.1798    2.5661    0.3232
  -59.59    1.07  120.03     0.002000       1.0006    2.2765    0.4330
   -8.88    1.40  120.62     0.002000       1.3162    2.7182    0.2718
 -150.21    8.61  -87.01     0.002000       1.1105    2.3721    0.3731
   12.07    6.53   68.05     0.002000       1.0369    2.0269    0.4703
   73.83    7.80  -75.28     0.002000       1.1974    2.2317    0.3677
  -55.94    1.88  106.44     0.002000       1.0026    2.2971    0.4281
   16.01    7.27   81.51     0.002000       1.1579    2.4190    0.3503
  112.21    6.14  -82.34     0.002000       1.1841    2.5530    0.3236
  113.50    8.16  -93.26     0.002000       1.1055    2.4010    0.3701
   43.50    6.27  -81.87     0.002000       1.1864    2.5997    0.3170
   48.25    8.15  -91.02     0.002000       1.1065    2.3901    0.3715
  116.84    2.57  -33.94     0.002000       1.0022    2.0691    0.4767
  130.76    2.77  -86.49     0.002000       1.0052    2.2867    0.4289
  103.91    0.00    0.00     0.002000       1.3577    2.6826    0.2669
   33.02    8.37   91.26     0.002000       1.1097    2.3740    0.3731
   72.42    3.87  -89.47     0.002000       1.2089    2.7813    0.2897
  -34.55    5.79   86.61     0.002000       1.1938    2.6358    0.3105
 -150.58    1.83  107.31     0.002000       1.2695    2.8005    0.2735
 -134.60    8.75  -90.58     0.002000       1.1124    2.3900    0.3696
   79.06    2.89  -86.07     0.002000       1.0081    2.3567    0.4146
  -78.68    8.70   90.41     0.002000       1.1186    2.4183    0.3631
  -46.37    3.07  132.25     0.002000       1.0050    2.1226    0.4631
  112.07    5.84  -90.13     0.002000       1.0330    2.3381    0.4077
 -119.93    2.32  118.87     0.002000       1.3532    2.6964    0.2664
   -6.05    3.17   71.86     0.002000       1.2629    2.6866    0.2872
  -50.42    8.55   91.90     0.002000       1.1332    2.4128    0.3591
  -41.09    8.11   90.43     0.002000       1.0755    2.3217    0.3942
 -101.17    7.32   90.78     0.002000       1.1838    2.5987    0.3179
   61.99    6.78  -91.34     0.002000       1.1795    2.5909    0.3200
 -131.56    2.24  126.56     0.002000       1.0022    2.2636    0.4347
   90.98    5.06  -93.46     0.002000       1.0260    2.3646    0.4058
 -150.36    8.65  -89.59     0.002000       1.0898    2.3379    0.3862
  137.59    4.78  -73.02     0.002000       1.2643    2.5272    0.3057
  166.62    1.20  -63.86     0.002000       1.7454    2.2799    0.2439
   88.05    0.00    0.00     0.002000       1.3791    2.6546    0.2655
   12.25    7.32   91.33     0.002000       1.0577    2.2898    0.4068
  -37.08    0.97   58.78     0.002000       1.0004    2.2997    0.4285
   21.92    6.11  101.37     0.002000       1.1895    2.5689    0.3201
 -114.21    3.81  114.17     0.002000       1.4175    2.4936    0.2755
   12.90    7.30   95.39     0.002000       1.1724    2.5031    0.3338
  -82.10    7.09   98.06     0.002000       1.1687    2.5218    0.3322
  105.47    4.31  -88.64     0.002000       1.2070    2.7444    0.2943
   95.84    3.42  -82.22     0.002000       1.0096    2.3117    0.4222
  123.39    5.05 -100.02     0.002000       1.0257    2.3087    0.4160
   96.66    0.99 -105.71     0.002000       1.8202    2.2483    0.2369
   34.32    7.82   96.19     0.002000       1.1467    2.4475    0.3495
  -32.76    8.51   90.36     0.002000       1.1472    2.4209    0.3534
 -140.32    3.98  113.14     0.002000       1.2935    2.6398    0.2854
 -108.50    8.14   93.35     0.002000       1.0894    2.3915    0.3773
  116.49    0.00    0.00     0.002000       1.8627    2.1509    0.2422
   88.14    2.03  -75.50     0.002000       1.2909    2.7675    0.2722
 -122.47    3.78  105.54     0.002000       1.2415    2.7533    0.2849
  -21.27    1.93   98.79     0.002000       1.2470    2.7661    0.2822
  -73.73    7.60   97.78     0.002000       1.0599    2.3009    0.4037
   12.68    7.62   99.49     0.002000       1.1535    2.4228    0.3511
  143.22    2.12 -115.13     0.002000       1.2837    2.7641    0.2741
 -130.92    3.74  109.26     0.002000       1.2612    2.7203    0.2839
  -32.93    5.72   96.25     0.002000       1.1916    2.6132    0.3139
  173.48    4.56 -107.17     0.002000       1.2309    2.6455    0.2997
  147.52    0.86 -103.42     0.002000       1.2970    2.7667    0.2709
 -168.22    1.93  -80.73     0.002000       1.2563    2.7787    0.2787
 -131.47    4.34   89.65     0.002000       1.0139    2.3141    0.4201
 -161.71    8.54  -85.15     0.002000       1.1108    2.3518    0.3763
  118.24    6.17  -93.53     0.002000       1.1915    2.6390    0.3107
  149.84    0.89  -97.75     0.002000       1.3028    2.7531    0.2710
  -35.96    8.06   81.26     0.002000       1.1369    2.3726    0.3641
  157.07    8.12  -97.34     0.002000       1.1507    2.4298    0.3509
  -93.27    6.10   82.95     0.002000       1.0338    2.3176    0.4110
  -44.28    7.89  108.86     0.002000       1.0545    2.0655    0.4535
  -71.05    4.43   86.05     0.002000       1.2062    2.7618    0.2926
  -98.85    3.47   91.95     0.002000       1.2142    2.8215    0.2841
  -57.56    3.65   87.04     0.002000       1.2102    2.7815    0.2894
   92.02    8.03  -91.71     0.002000       1.1486    2.4943    0.3422
  140.79    8.59  -92.24     0.002000       1.1371    2.4147    0.3576
  -58.34    1.02  176.54     0.002000       1.0001    2.2382    0.4408
  168.10    8.58  -85.28     0.002000       1.1148    2.3323    0.3782
   91.12    2.11  -92.61     0.002000       1.0043    2.3416    0.4190
  -58.50    6.66   88.40     0.002000       1.0484    2.3399    0.4013
 -176.53    7.37 -104.83     0.002000       1.0500    2.1640    0.4342
 -148.25    1.89  -90.85     0.002000       1.0023    2.2998    0.4277
   68.12    6.29  -93.10     0.002000       1.1851    2.6236    0.3143
  175.51    2.51  -83.99     0.002000       1.2413    2.7592    0.2843
  164.70    8.36  -88.95     0.002000       1.0856    2.3147    0.3916
  164.53    5.02  -95.94     0.002000       1.0199    2.2828    0.4234
   72.54    7.91  -89.86     0.002000       1.0910    2.4008    0.3752
   -8.97    7.33  108.67     0.002000       1.0557    2.0988    0.4456
  151.45    8.45  -93.56     0.002000       1.1513    2.4341    0.3502
   79.73    6.28  -90.76     0.002000       1.1899    2.6457    0.3103
  120.63    8.04  -92.17     0.002000       1.0825    2.3612    0.3848
   13.36    6.34  103.99     0.002000       1.1887    2.5049    0.3288
 -125.53    3.88   81.30     0.002000       1.0095    2.2910    0.4262
   37.49    7.35   93.91     0.002000       1.0729    2.3455    0.3910
  174.03    8.69 -103.21     0.002000       1.1341    2.2551    0.3847
 -172.85    5.78  -90.27     0.002000       1.0272    2.2848    0.4200
 -127.52    5.23 -142.48     0.002000       1.0150    1.8234    0.5355
  -33.72    1.33  103.31     0.002000       1.0013    2.2734    0.4332
 -109.83    4.77   94.44     0.002000       1.0187    2.3562    0.4103
  173.66    7.78  -86.45     0.002000       1.1646    2.4749    0.3401
  -40.05    8.71   90.79     0.002000       1.1206    2.3769    0.3689
   96.02    4.20  -48.36     0.002000       1.0080    1.9890    0.4934
  166.64    2.55  -35.98     0.002000       1.0023    2.1312    0.4624
  -94.33    2.88   67.47     0.002000       1.0041    2.2630    0.4339
   54.30    6.78  -97.50     0.002000       1.0467    2.2795    0.4129
 -101.50    6.27   89.32     0.002000       1.1940    2.6701    0.3063
   43.05    5.05   89.03     0.002000       1.1974    2.6812    0.3040
  -84.46    1.24  164.74     0.002000       1.0002    2.2110    0.4463
   48.60    8.19  -88.26     0.002000       1.1100    2.4001    0.3688
 -121.65    8.67   89.98     0.002000       1.1096    2.4039    0.3683
 -112.93    8.42   85.17     0.002000       1.1277    2.4124    0.3609
  -16.93    3.25  121.60     0.002000       1.4558    2.4590    0.2720
   37.06    0.00    0.00     0.002000       0.9998    2.3005    0.4286
   -8.66    6.36   82.24     0.002000       1.0406    2.2353    0.4239
  -50.80    5.63  105.95     0.002000       1.2112    2.5159    0.3210
  116.61    5.79  -90.96     0.002000       1.0329    2.3318    0.4089
  -24.03    3.48   79.41     0.002000       1.2238    2.7335    0.2913
  121.61    7.17  -79.48     0.002000       1.0456    2.1992    0.4289
   54.84    8.10  -92.49     0.002000       1.1133    2.4023    0.3672
   10.03    7.67   80.79     0.002000       1.1494    2.3691    0.3606
   16.65    5.40   77.06     0.002000       1.2052    2.5400    0.3195
 -137.87    3.11   95.78     0.002000       1.0062    2.3171    0.4227
 -159.16    8.13  -87.70     0.002000       1.1680    2.4852    0.3377
   53.38    6.79  -86.30     0.002000       1.0583    2.3545    0.3949
  -32.40    7.33   85.19     0.002000       1.1721    2.5129    0.3325
 -157.19    7.12  -88.55     0.002000       1.1850    2.5663    0.3217
    8.66    0.00    0.00     0.002000       1.5459    2.5077    0.2503
   48.13    7.71  -87.75     0.002000       1.1630    2.5091    0.3358
   35.11    0.00    0.00     0.002000       1.3862    2.6794    0.2615
   19.56    2.92  -59.79     0.002000       1.3550    2.6224    0.2739
   99.40    4.45 -105.73     0.002000       1.2380    2.6699    0.2950
   -1.16    0.00    0.00     0.002000       1.6111    2.4410    0.2467
   14.20    7.18   94.34     0.002000       1.0629    2.3053    0.4019
 -132.41    2.35 -100.49     0.002000       1.0026    2.2899    0.4295
   21.21    1.06   97.51     0.002000       1.0008    2.2968    0.4289
 -143.14    1.34  -89.11     0.002000       1.0005    2.3103    0.4265
 -109.71    3.69   87.45     0.002000       1.0104    2.3425    0.4163
   13.38    2.95   61.92     0.002000       1.4807    2.4471    0.2687
   82.51    5.50  -94.29     0.002000       1.1963    2.6870    0.3036
   41.93    7.53  -81.04     0.002000       1.1528    2.4502    0.3472
 -145.73    7.94  -86.17     0.002000       1.1701    2.5103    0.3336
  103.93    4.62  -94.51     0.002000       1.2036    2.7417    0.2954
  178.10    8.12  -95.74     0.002000       1.1567    2.4410    0.3474
 -132.20    1.30 -113.70     0.002000       1.3659    2.6829    0.2652
   55.94    5.51  -91.65     0.002000       1.1941    2.6686    0.3064
  -76.64    4.97   64.50     0.002000       1.0152    2.1416    0.4540
  -12.21    5.89   91.14     0.002000       1.1919    2.6088    0.3144
  -34.09    0.00    0.00     0.002000       1.3052    2.7844    0.2673
  152.49    2.60  -91.92     0.002000       1.0055    2.2891    0.4284
  -60.70    8.16   83.54     0.002000       1.1321    2.4132    0.3593
    9.68    0.00    0.00     0.002000       1.4693    2.6121    0.2529
   80.29    7.89  -88.26     0.002000       1.1489    2.4976    0.3416
   27.89    8.13   94.25     0.002000       1.1404    2.4235    0.3552
  128.92    0.00    0.00     0.002000       1.5290    2.5022    0.2538
  -56.41    4.08   96.10     0.002000       1.2119    2.7340    0.2942
 -118.15    4.28   92.16     0.002000       1.0140    2.3348    0.4162
   31.24    8.23   90.61     0.002000       1.1416    2.4290    0.3540
   74.36    4.52  -92.70     0.002000       1.2047    2.7444    0.2949
  161.97    8.35  -97.12     0.002000       1.1393    2.3949    0.3599
   18.15    3.65   68.69     0.002000       1.2965    2.5865    0.2908
   58.91    7.93  -85.64     0.002000       1.1335    2.4497    0.3533
 -105.47    6.62   95.88     0.002000       1.0440    2.3438    0.4023
  128.91    8.45  -91.71     0.002000       1.1376    2.4321    0.3548
    2.29    8.28   78.53     0.002000       1.1350    2.2614    0.3833
  126.94    0.90 -147.69     0.002000       1.0002    2.3082    0.4269
 -178.72    7.85  -91.87     0.002000       1.1735    2.4942    0.3348
   14.79    8.50   90.71     0.002000       1.1159    2.3596    0.3733
  -32.84    2.36   98.91     0.002000       1.0049    2.2850    0.4294
  -82.57    1.30   70.93     0.002000       1.3110    2.7956    0.2650
    3.13    8.02   89.08     0.002000       1.1567    2.4394    0.3477
  -95.02    7.36   80.97     0.002000       1.0541    2.2866    0.4086
  152.29    6.75 -113.52     0.002000       1.0415    2.0776    0.4564
  -30.99    1.06   88.40     0.002000       1.0007    2.2902    0.4303
  -22.36    2.31   90.54     0.002000       1.0043    2.2651    0.4336
 -143.91    3.66  172.40     0.002000       1.0038    1.9441    0.5071
  149.50    1.56 -137.41     0.002000       1.4627    2.5870    0.2567
  140.67    5.53  -87.99     0.002000       1.1936    2.6400    0.3100
   69.46    0.00    0.00     0.002000       1.6597    2.3488    0.2490
   80.04    4.13  -77.13     0.002000       1.2385    2.6937    0.2922
   53.90    4.15  -82.23     0.002000       1.0181    2.3231    0.4165
  129.26    6.66  -91.39     0.002000       1.0468    2.3293    0.4038
 -123.17    6.02   78.73     0.002000       1.1961    2.5454    0.3212
  -29.02    0.00    0.00     0.002000       1.3820    2.6973    0.2605
  -14.37    2.33  128.39     0.002000       1.5174    2.4596    0.2605
  163.97    8.74  -92.30     0.002000       1.1427    2.4028    0.3576
  164.02    7.83  -77.58     0.002000       1.1637    2.3292    0.3623
  -27.88    8.29   86.51     0.002000       1.1098    2.3523    0.3766
   -9.92    8.64   91.02     0.002000       1.1320    2.3744    0.3656
  112.54    7.80  -91.97     0.002000       1.1640    2.5179    0.3342
 -166.36    1.05  -75.17     0.002000       1.0001    2.2887    0.4308
  144.95    3.23 -104.36     0.002000       1.2288    2.7616    0.2870
  -88.16    1.90  118.98     0.002000       1.3605    2.6853    0.2661
  -30.44    8.53   91.38     0.002000       1.1009    2.3408    0.3817
  -73.57    3.34   88.71     0.002000       1.0085    2.3476    0.4161
   97.82    6.34 -104.17     0.002000       1.0403    2.2511    0.4208
  -65.01    6.63   91.46     0.002000       1.1878    2.6152    0.3147
    2.62    4.70   91.77     0.002000       1.0195    2.2629    0.4275
 -103.17    2.79   83.96     0.002000       1.2371    2.8236    0.2785
   94.30    5.63  -83.28     0.002000       1.1947    2.6344    0.3104
 -170.70    7.97  -93.32     0.002000       1.0673    2.2969    0.4017
   87.75    8.09  -89.01     0.002000       1.1096    2.4241    0.3651
  129.08    8.40  -90.66     0.002000       1.1330    2.4239    0.3575
   88.90    7.65  -90.68     0.002000       1.0768    2.3872    0.3825
 -170.22    2.97 -108.67     0.002000       1.0056    2.2333    0.4393
   35.76    7.99   93.46     0.002000       1.1005    2.3710    0.3768
 -162.70    8.64  -87.73     0.002000       1.1061    2.3514    0.3780
  -74.19    5.82   89.27     0.002000       1.0336    2.3527    0.4049
    8.53    0.00    0.00     0.002000       1.8710    2.1749    0.2383
    7.99    0.00    0.00     0.002000       1.0000    2.3508    0.4191
   74.15    4.69  -46.64     0.002000       1.0103    1.9402    0.5049
  -37.53    7.39   86.22     0.002000       1.0657    2.3132    0.3994
   29.93    8.19   90.51     0.002000       1.1444    2.4337    0.3524
  -21.51    4.46  103.63     0.002000       1.2178    2.6483    0.3027
   41.31    7.67   91.33     0.002000       1.1645    2.5049    0.3359
  166.14    3.71 -105.08     0.002000       1.2293    2.7173    0.2918
  146.19    1.41 -122.51     0.002000       1.0016    2.3028    0.4274
  169.81    2.91 -123.09     0.002000       1.3735    2.5987    0.2727
   34.01    7.11   98.94     0.002000       1.0649    2.2967    0.4026
   73.28    3.58  -86.91     0.002000       1.0125    2.3588    0.4124
  -25.51    3.85   98.42     0.002000       1.0123    2.2629    0.4305
   86.44    0.91  -68.33     0.002000       1.0003    2.3142    0.4258
  -78.17    8.34   81.91     0.002000       1.1233    2.3730    0.3685
   81.64    7.47  -88.57     0.002000       1.1676    2.5493    0.3289
 -121.87    6.26   90.42     0.002000       1.0346    2.3358    0.4075
  115.64    5.42  -97.67     0.002000       1.1985    2.6825    0.3036
 -154.81    8.02  -97.44     0.002000       1.1511    2.4161    0.3528
 -106.78    8.53   88.80     0.002000       1.1322    2.4509    0.3536
  121.68    3.17  -88.89     0.002000       1.0088    2.3190    0.4213
 -168.88    8.54  -90.46     0.002000       1.0807    2.3077    0.3948
 -134.55    7.93   90.55     0.002000       1.0723    2.3550    0.3896
   40.63    7.98  -84.19     0.002000       1.1148    2.3888    0.3689
   -6.86    3.53   97.55     0.002000       1.0109    2.2762    0.4286
  -70.82    6.74   89.70     0.002000       1.0448    2.3539    0.4002
  -30.99    6.62   99.80     0.002000       1.1769    2.5072    0.3319
   72.69    4.86 -105.66     0.002000       1.2364    2.5733    0.3069
    6.31    0.00    0.00     0.002000       1.3277    2.7699    0.2641
  -50.47    8.71   90.09     0.002000       1.1174    2.3846    0.3688
 -169.65    7.27  -93.67     0.002000       1.0499    2.2842    0.4108
 -151.45    7.81  -94.31     0.002000       1.1613    2.4798    0.3404
 -146.47    8.43  -86.87     0.002000       1.1561    2.4629    0.3444
 -174.84    5.30  -87.24     0.002000       1.0234    2.2705    0.4243
  123.22    0.00    0.00     0.002000       1.4848    2.5451    0.2570
  -93.29    4.02   99.40     0.002000       1.0123    2.3251    0.4186
   -1.15    0.87  110.77     0.002000       1.2947    2.7499    0.2731
  -30.79    3.78  102.58     0.002000       1.0113    2.2472    0.4340
  -30.77    5.19   89.42     0.002000       1.0235    2.2934    0.4199
  107.45    7.90 -105.68     0.002000       1.1743    2.2915    0.3650
  -87.08    5.98   82.55     0.002000       1.1926    2.6457    0.3096
 -148.95    6.17  -89.39     0.002000       1.0311    2.2947    0.4165
  174.41    8.16  -83.78     0.002000       1.1451    2.4005    0.3571
  116.38    4.47  -76.80     0.002000       1.2405    2.6131    0.3011
 -145.84    7.15  -98.10     0.002000       1.1698    2.4889    0.3365
  167.36    8.86  -91.41     0.002000       1.1075    2.3394    0.3796
  -77.29    8.59   78.18     0.002000       1.1350    2.2968    0.3771
  -34.65    6.30   93.20     0.002000       1.0386    2.2994    0.4126
  -93.39    4.42   92.57     0.002000       1.0159    2.3447    0.4136
 -123.18    8.01   96.63     0.002000       1.1520    2.4789    0.3433
   14.56    1.30  -40.09     0.002000       1.5456    2.4955    0.2517
  -59.25    6.67   61.12     0.002000       1.0293    1.9639    0.4893
 -148.71    2.52  -87.93     0.002000       1.0037    2.2887    0.4293
   82.99    5.91  -89.71     0.002000       1.0386    2.3680    0.4002
  116.87    2.63  -87.45     0.002000       1.2385    2.7876    0.2819
   79.29    4.81  -82.07     0.002000       1.2091    2.7023    0.2985
  129.33    5.08  -81.44     0.002000       1.2082    2.6188    0.3087
  -93.70    6.47   89.14     0.002000       1.0406    2.3663    0.3997
  -62.72    6.52   73.44     0.002000       1.2092    2.4161    0.3353
 -129.17    1.23  104.62     0.002000       1.8447    2.2252    0.2362
   78.36    5.74  -90.88     0.002000       1.0357    2.3673    0.4014
 -163.81    5.54  -85.91     0.002000       1.1969    2.6590    0.3068
   13.14    5.04   78.27     0.002000       1.2088    2.5888    0.3123
  -44.33    3.65   72.37     0.002000       1.2503    2.7169    0.2868
  144.60    3.31  -97.07     0.002000       1.0082    2.2882    0.4274
  174.75    3.80 -109.34     0.002000       1.2502    2.6799    0.2910
  148.82    2.55  -77.95     0.002000       1.0040    2.2363    0.4394
  154.04    7.65  -92.49     0.002000       1.0610    2.3096    0.4018
   84.47    7.70  -93.72     0.002000       1.1525    2.5076    0.3391
  170.92    6.76 -101.89     0.002000       1.1823    2.5094    0.3300
  159.09    8.38 -101.99     0.002000       1.0957    2.2494    0.3995
  179.05    3.28 -154.30     0.002000       1.0045    2.0468    0.4808
   97.04    7.39  -96.94     0.002000       1.1592    2.5118    0.3364
  -91.23    2.93   73.98     0.002000       1.2748    2.7613    0.2764
  153.07    6.81 -108.14     0.002000       1.2009    2.3942    0.3409
  -57.08    8.22   90.46     0.002000       1.0865    2.3597    0.3837
  -71.18    8.12   86.01     0.002000       1.1470    2.4727    0.3458
   78.13    6.32  -84.81     0.002000       1.1843    2.6170    0.3154
  148.56    7.91 -102.40     0.002000       1.0778    2.2464    0.4069
 -113.61    4.69   91.40     0.002000       1.0179    2.3552    0.4108
    7.31    7.74   91.88     0.002000       1.1682    2.4755    0.3390
 -161.45    1.77  129.38     0.002000       1.6145    2.4205    0.2484
   40.43    4.92   93.60     0.002000       1.0227    2.3172    0.4158
  160.21    4.15  -91.03     0.002000       1.0130    2.2678    0.4293
 -138.06    7.48  -89.91     0.002000       1.0594    2.3423    0.3967
   73.90    4.90  -78.43     0.002000       1.0224    2.2871    0.4214
  173.31    3.59  -73.96     0.002000       1.2549    2.6860    0.2892
  -21.73    8.52   89.63     0.002000       1.1099    2.3480    0.3773
  143.55    6.52  -91.55     0.002000       1.0398    2.3057    0.4109
  178.59    5.23 -110.82     0.002000       1.3999    2.3415    0.2981
  176.58    5.88  -96.54     0.002000       1.1934    2.6171    0.3129
   78.56    2.91  -86.42     0.002000       1.0083    2.3591    0.4141
  163.77    5.96  -71.57     0.002000       1.2651    2.3815    0.3250
   84.98    7.97  -86.03     0.002000       1.1270    2.4369    0.3573
  178.73    8.76 -102.83     0.002000       1.1019    2.2031    0.4058
  110.41    5.17 -106.29     0.002000       1.0252    2.2618    0.4251
  130.98    0.00    0.00     0.002000       1.3536    2.7261    0.2632
  -76.20    8.46   93.10     0.002000       1.1089    2.3983    0.3694
   22.82    2.92   95.71     0.002000       1.0074    2.2840    0.4285
  155.47    3.16  -74.92     0.002000       1.2705    2.6853    0.2856
  -34.56    1.33  138.08     0.002000       1.5695    2.4400    0.2536
  -81.02    7.24   99.49     0.002000       1.0501    2.2843    0.4106
   26.08    1.52   61.44     0.002000       1.3796    2.6309    0.2679
   27.07    8.23   88.39     0.002000       1.1043    2.3520    0.3785
   -9.28    4.08  105.81     0.002000       1.2279    2.6661    0.2980
 -139.77    4.59   99.71     0.002000       1.2104    2.7347    0.2946
   26.12    4.25  103.73     0.002000       1.2190    2.6996    0.2964
 -137.55    8.11  -89.70     0.002000       1.0733    2.3438    0.3912
  -21.02    2.50  120.65     0.002000       1.3415    2.6367    0.2752
  -77.91    1.60   91.57     0.002000       1.0016    2.3306    0.4222
  -58.00    8.64   90.16     0.002000       1.1061    2.3780    0.3737
 -123.70    1.94   98.15     0.002000       1.7971    2.2601    0.2388
  107.90    5.97  -80.36     0.002000       1.0301    2.2490    0.4255
   43.75    3.44  -51.73     0.002000       1.0075    2.1392    0.4581
  154.61    5.96  -96.46     0.002000       1.1930    2.6228    0.3123
