     Evm         C11  C22  C33  C23  C13  C12   C44  C55  C66                                                                   A1  A2  A3
     0.00000     0.5830E+05  0.5843E+05  0.5848E+05  0.2325E+05  0.2362E+05  0.2405E+05  0.1738E+05  0.1731E+05  0.1704E+05     0.6490E-05  0.7119E-05  0.8065E-05
     0.00244     0.5830E+05  0.5843E+05  0.5848E+05  0.2325E+05  0.2362E+05  0.2405E+05  0.1738E+05  0.1731E+05  0.1704E+05     0.6490E-05  0.7119E-05  0.8065E-05
     0.00489     0.5830E+05  0.5843E+05  0.5848E+05  0.2325E+05  0.2362E+05  0.2405E+05  0.1738E+05  0.1731E+05  0.1704E+05     0.6490E-05  0.7119E-05  0.8065E-05
     0.00734     0.5830E+05  0.5843E+05  0.5848E+05  0.2325E+05  0.2362E+05  0.2405E+05  0.1738E+05  0.1731E+05  0.1704E+05     0.6490E-05  0.7119E-05  0.8065E-05
     0.00980     0.5830E+05  0.5843E+05  0.5848E+05  0.2325E+05  0.2362E+05  0.2405E+05  0.1738E+05  0.1731E+05  0.1704E+05     0.6489E-05  0.7119E-05  0.8065E-05
     0.01226     0.5830E+05  0.5843E+05  0.5848E+05  0.2325E+05  0.2362E+05  0.2405E+05  0.1738E+05  0.1731E+05  0.1704E+05     0.6489E-05  0.7119E-05  0.8065E-05
     0.01472     0.5830E+05  0.5843E+05  0.5848E+05  0.2325E+05  0.2362E+05  0.2405E+05  0.1738E+05  0.1731E+05  0.1704E+05     0.6489E-05  0.7119E-05  0.8065E-05
     0.01718     0.5830E+05  0.5843E+05  0.5848E+05  0.2325E+05  0.2363E+05  0.2405E+05  0.1738E+05  0.1731E+05  0.1704E+05     0.6489E-05  0.7120E-05  0.8065E-05
     0.01964     0.5830E+05  0.5843E+05  0.5848E+05  0.2325E+05  0.2363E+05  0.2405E+05  0.1738E+05  0.1731E+05  0.1704E+05     0.6489E-05  0.7120E-05  0.8065E-05
     0.02211     0.5830E+05  0.5843E+05  0.5848E+05  0.2325E+05  0.2363E+05  0.2405E+05  0.1738E+05  0.1731E+05  0.1704E+05     0.6489E-05  0.7120E-05  0.8065E-05
     0.02458     0.5830E+05  0.5843E+05  0.5848E+05  0.2325E+05  0.2363E+05  0.2405E+05  0.1738E+05  0.1731E+05  0.1704E+05     0.6489E-05  0.7120E-05  0.8065E-05
     0.02705     0.5830E+05  0.5843E+05  0.5848E+05  0.2325E+05  0.2363E+05  0.2405E+05  0.1738E+05  0.1731E+05  0.1704E+05     0.6488E-05  0.7120E-05  0.8065E-05
     0.02952     0.5829E+05  0.5843E+05  0.5848E+05  0.2325E+05  0.2363E+05  0.2405E+05  0.1738E+05  0.1731E+05  0.1704E+05     0.6488E-05  0.7120E-05  0.8065E-05
     0.03200     0.5829E+05  0.5843E+05  0.5848E+05  0.2325E+05  0.2363E+05  0.2405E+05  0.1738E+05  0.1731E+05  0.1704E+05     0.6488E-05  0.7120E-05  0.8065E-05
     0.03447     0.5829E+05  0.5843E+05  0.5848E+05  0.2325E+05  0.2363E+05  0.2405E+05  0.1738E+05  0.1731E+05  0.1704E+05     0.6488E-05  0.7121E-05  0.8065E-05
     0.03695     0.5829E+05  0.5843E+05  0.5848E+05  0.2325E+05  0.2363E+05  0.2405E+05  0.1738E+05  0.1731E+05  0.1704E+05     0.6488E-05  0.7121E-05  0.8065E-05
     0.03942     0.5829E+05  0.5843E+05  0.5848E+05  0.2325E+05  0.2363E+05  0.2405E+05  0.1738E+05  0.1731E+05  0.1704E+05     0.6488E-05  0.7121E-05  0.8065E-05
     0.04190     0.5829E+05  0.5843E+05  0.5848E+05  0.2325E+05  0.2363E+05  0.2405E+05  0.1738E+05  0.1731E+05  0.1704E+05     0.6488E-05  0.7121E-05  0.8065E-05
     0.04438     0.5829E+05  0.5843E+05  0.5848E+05  0.2325E+05  0.2363E+05  0.2405E+05  0.1738E+05  0.1731E+05  0.1704E+05     0.6488E-05  0.7121E-05  0.8065E-05
     0.04686     0.5829E+05  0.5843E+05  0.5848E+05  0.2325E+05  0.2363E+05  0.2405E+05  0.1738E+05  0.1731E+05  0.1704E+05     0.6488E-05  0.7121E-05  0.8065E-05
     0.04934     0.5829E+05  0.5843E+05  0.5848E+05  0.2325E+05  0.2363E+05  0.2405E+05  0.1738E+05  0.1731E+05  0.1704E+05     0.6487E-05  0.7121E-05  0.8065E-05
     0.05182     0.5829E+05  0.5843E+05  0.5848E+05  0.2325E+05  0.2363E+05  0.2405E+05  0.1738E+05  0.1731E+05  0.1704E+05     0.6487E-05  0.7121E-05  0.8065E-05
     0.05430     0.5829E+05  0.5843E+05  0.5848E+05  0.2325E+05  0.2363E+05  0.2405E+05  0.1738E+05  0.1731E+05  0.1704E+05     0.6487E-05  0.7122E-05  0.8065E-05
     0.05678     0.5829E+05  0.5843E+05  0.5848E+05  0.2325E+05  0.2363E+05  0.2405E+05  0.1738E+05  0.1732E+05  0.1704E+05     0.6487E-05  0.7122E-05  0.8065E-05
     0.05926     0.5829E+05  0.5843E+05  0.5848E+05  0.2325E+05  0.2363E+05  0.2405E+05  0.1738E+05  0.1732E+05  0.1704E+05     0.6487E-05  0.7122E-05  0.8065E-05
     0.06174     0.5829E+05  0.5843E+05  0.5847E+05  0.2325E+05  0.2363E+05  0.2405E+05  0.1738E+05  0.1732E+05  0.1704E+05     0.6487E-05  0.7122E-05  0.8065E-05
     0.06423     0.5829E+05  0.5843E+05  0.5847E+05  0.2325E+05  0.2363E+05  0.2405E+05  0.1738E+05  0.1732E+05  0.1704E+05     0.6487E-05  0.7122E-05  0.8065E-05
     0.06671     0.5829E+05  0.5843E+05  0.5847E+05  0.2325E+05  0.2364E+05  0.2405E+05  0.1738E+05  0.1732E+05  0.1704E+05     0.6487E-05  0.7122E-05  0.8065E-05
     0.06920     0.5829E+05  0.5843E+05  0.5847E+05  0.2325E+05  0.2364E+05  0.2405E+05  0.1738E+05  0.1732E+05  0.1704E+05     0.6487E-05  0.7122E-05  0.8065E-05
     0.07168     0.5829E+05  0.5843E+05  0.5847E+05  0.2325E+05  0.2364E+05  0.2405E+05  0.1738E+05  0.1732E+05  0.1704E+05     0.6487E-05  0.7122E-05  0.8065E-05
     0.07416     0.5829E+05  0.5843E+05  0.5847E+05  0.2325E+05  0.2364E+05  0.2405E+05  0.1738E+05  0.1732E+05  0.1704E+05     0.6487E-05  0.7122E-05  0.8065E-05
     0.07665     0.5829E+05  0.5843E+05  0.5847E+05  0.2325E+05  0.2364E+05  0.2405E+05  0.1738E+05  0.1732E+05  0.1704E+05     0.6487E-05  0.7122E-05  0.8065E-05
     0.07914     0.5828E+05  0.5843E+05  0.5847E+05  0.2325E+05  0.2364E+05  0.2405E+05  0.1738E+05  0.1732E+05  0.1704E+05     0.6487E-05  0.7122E-05  0.8064E-05
     0.08162     0.5828E+05  0.5843E+05  0.5847E+05  0.2325E+05  0.2364E+05  0.2405E+05  0.1738E+05  0.1732E+05  0.1704E+05     0.6487E-05  0.7122E-05  0.8064E-05
     0.08411     0.5828E+05  0.5843E+05  0.5847E+05  0.2325E+05  0.2364E+05  0.2405E+05  0.1738E+05  0.1732E+05  0.1704E+05     0.6487E-05  0.7123E-05  0.8064E-05
     0.08660     0.5828E+05  0.5843E+05  0.5847E+05  0.2325E+05  0.2364E+05  0.2405E+05  0.1738E+05  0.1732E+05  0.1704E+05     0.6487E-05  0.7123E-05  0.8064E-05
     0.08908     0.5828E+05  0.5843E+05  0.5847E+05  0.2325E+05  0.2364E+05  0.2405E+05  0.1738E+05  0.1732E+05  0.1704E+05     0.6487E-05  0.7123E-05  0.8064E-05
     0.09157     0.5828E+05  0.5843E+05  0.5847E+05  0.2325E+05  0.2364E+05  0.2405E+05  0.1738E+05  0.1732E+05  0.1704E+05     0.6487E-05  0.7123E-05  0.8064E-05
     0.09406     0.5828E+05  0.5843E+05  0.5847E+05  0.2325E+05  0.2364E+05  0.2405E+05  0.1738E+05  0.1732E+05  0.1704E+05     0.6487E-05  0.7123E-05  0.8064E-05
     0.09655     0.5828E+05  0.5843E+05  0.5847E+05  0.2325E+05  0.2364E+05  0.2405E+05  0.1738E+05  0.1732E+05  0.1704E+05     0.6487E-05  0.7123E-05  0.8064E-05
     0.09903     0.5828E+05  0.5843E+05  0.5847E+05  0.2325E+05  0.2364E+05  0.2405E+05  0.1738E+05  0.1732E+05  0.1705E+05     0.6487E-05  0.7123E-05  0.8064E-05
     0.10152     0.5828E+05  0.5843E+05  0.5847E+05  0.2325E+05  0.2364E+05  0.2405E+05  0.1738E+05  0.1732E+05  0.1705E+05     0.6487E-05  0.7123E-05  0.8064E-05
     0.10401     0.5828E+05  0.5843E+05  0.5847E+05  0.2325E+05  0.2364E+05  0.2405E+05  0.1738E+05  0.1732E+05  0.1705E+05     0.6487E-05  0.7123E-05  0.8064E-05
     0.10650     0.5828E+05  0.5843E+05  0.5847E+05  0.2325E+05  0.2364E+05  0.2405E+05  0.1738E+05  0.1732E+05  0.1705E+05     0.6487E-05  0.7123E-05  0.8064E-05
     0.10899     0.5828E+05  0.5843E+05  0.5847E+05  0.2325E+05  0.2364E+05  0.2405E+05  0.1738E+05  0.1733E+05  0.1705E+05     0.6487E-05  0.7123E-05  0.8064E-05
     0.11148     0.5828E+05  0.5843E+05  0.5847E+05  0.2325E+05  0.2365E+05  0.2405E+05  0.1738E+05  0.1733E+05  0.1705E+05     0.6487E-05  0.7123E-05  0.8064E-05
     0.11397     0.5828E+05  0.5843E+05  0.5846E+05  0.2325E+05  0.2365E+05  0.2405E+05  0.1738E+05  0.1733E+05  0.1705E+05     0.6487E-05  0.7123E-05  0.8064E-05
     0.11646     0.5828E+05  0.5843E+05  0.5846E+05  0.2325E+05  0.2365E+05  0.2405E+05  0.1738E+05  0.1733E+05  0.1705E+05     0.6487E-05  0.7123E-05  0.8064E-05
     0.11895     0.5827E+05  0.5843E+05  0.5846E+05  0.2325E+05  0.2365E+05  0.2405E+05  0.1738E+05  0.1733E+05  0.1705E+05     0.6487E-05  0.7123E-05  0.8064E-05
     0.12144     0.5827E+05  0.5843E+05  0.5846E+05  0.2325E+05  0.2365E+05  0.2405E+05  0.1738E+05  0.1733E+05  0.1705E+05     0.6487E-05  0.7123E-05  0.8064E-05
     0.12393     0.5827E+05  0.5843E+05  0.5846E+05  0.2325E+05  0.2365E+05  0.2405E+05  0.1738E+05  0.1733E+05  0.1705E+05     0.6487E-05  0.7123E-05  0.8063E-05
     0.12393     0.5827E+05  0.5843E+05  0.5846E+05  0.2325E+05  0.2365E+05  0.2405E+05  0.1738E+05  0.1733E+05  0.1705E+05     0.6487E-05  0.7123E-05  0.8063E-05
