TEXTURE AT STRAIN =    0.1250
   0.939   1.133   0.939  <-- length of average ellipsoid axes for phase
  180.00   95.74   90.00  <-- Euler angles of average ellipsoid axes for phase
B      2000
   79.74   34.82    9.78   0.0005000
   17.26   78.83   60.31   0.0005000
 -136.82   24.74   45.27   0.0005000
  101.57   27.29    6.22   0.0005000
 -131.51   26.55   18.08   0.0005000
  114.33   29.16   49.33   0.0005000
 -177.28   13.74   33.88   0.0005000
  -89.14    4.04   57.81   0.0005000
 -117.69   23.61   26.73   0.0005000
  179.50    3.25   15.39   0.0005000
  103.12   61.73   25.23   0.0005000
  -53.29   16.49   69.96   0.0005000
 -138.40   58.37   58.03   0.0005000
 -144.22   88.09    8.95   0.0005000
  -24.11   60.23   21.46   0.0005000
   34.52   82.72   26.70   0.0005000
  -34.65   12.34   58.91   0.0005000
  -97.08   73.10   28.30   0.0005000
   -2.53   37.80   28.65   0.0005000
   38.76   40.69   38.43   0.0005000
 -153.10   19.35   45.99   0.0005000
 -151.39   29.73   55.03   0.0005000
  -51.37   45.16   25.64   0.0005000
   86.76   26.00   15.70   0.0005000
   47.80   40.43   -2.61   0.0005000
 -131.21   64.46   21.52   0.0005000
    5.80   65.87   21.02   0.0005000
  153.91   79.79   -3.36   0.0005000
  103.58   19.94    4.42   0.0005000
   37.64   58.17    5.13   0.0005000
 -137.65   37.15   50.68   0.0005000
  138.37   38.88    9.33   0.0005000
   97.18   20.88   44.98   0.0005000
   58.03   54.09   15.86   0.0005000
   94.06   33.93   54.47   0.0005000
   70.88   16.46   33.47   0.0005000
   91.82   30.61   54.74   0.0005000
   43.20   28.44   -3.26   0.0005000
  102.38   59.79   22.89   0.0005000
 -141.84   45.53    1.59   0.0005000
  161.76   11.46   32.79   0.0005000
 -127.73   44.11   53.22   0.0005000
  172.82   69.42   30.26   0.0005000
 -125.13   20.94   39.23   0.0005000
  -29.38   45.38   13.33   0.0005000
  147.36   18.01    8.64   0.0005000
   94.45   35.35   57.11   0.0005000
 -164.45   56.03   18.58   0.0005000
   11.11   71.81   41.26   0.0005000
  163.80   87.45   32.04   0.0005000
  109.30   28.16   15.14   0.0005000
 -135.03   54.95   14.46   0.0005000
  -67.07    6.70   33.69   0.0005000
   14.36   79.69   10.63   0.0005000
    8.53   42.28   65.06   0.0005000
  121.10   13.17   30.61   0.0005000
   -5.58   64.89   34.83   0.0005000
  -12.17   78.70   47.29   0.0005000
   -0.79   34.71    6.97   0.0005000
  132.79   15.67   20.51   0.0005000
 -132.13   49.67    5.86   0.0005000
  -53.22   20.79   40.52   0.0005000
   20.47   84.26   27.48   0.0005000
  -52.72   24.31   15.85   0.0005000
  142.43   62.34   -1.34   0.0005000
  -27.39   32.94    7.78   0.0005000
   -9.36   73.59   45.25   0.0005000
  -81.75   10.07   10.80   0.0005000
 -142.73   31.12   -0.32   0.0005000
    3.79    7.85    7.62   0.0005000
 -110.27   18.78   29.72   0.0005000
 -121.70   32.80   46.68   0.0005000
  144.47   17.40    7.13   0.0005000
   27.60   24.58   48.51   0.0005000
   31.09   78.64   63.84   0.0005000
 -147.86   65.33   64.14   0.0005000
 -175.01   73.83   31.52   0.0005000
   -2.86   79.31   37.04   0.0005000
  -80.84   29.83   43.76   0.0005000
  113.29   31.31   43.09   0.0005000
   13.94   68.78   36.28   0.0005000
  142.81   49.05   51.86   0.0005000
  139.37   38.93   29.53   0.0005000
 -127.74   17.30   18.20   0.0005000
  132.78   43.81   20.89   0.0005000
  118.36   25.17   39.96   0.0005000
  145.16   48.45   34.20   0.0005000
 -177.91   44.60   29.91   0.0005000
  -84.67   82.55   12.80   0.0005000
  124.07   40.65   52.89   0.0005000
   93.96   28.87   33.08   0.0005000
   67.69   22.48   13.04   0.0005000
   27.22   84.03   56.25   0.0005000
   86.10   30.54    3.60   0.0005000
  168.41   67.57   16.94   0.0005000
  -98.83   20.93   36.23   0.0005000
  -97.76   89.06   39.96   0.0005000
 -122.07   32.95   -1.30   0.0005000
   44.85   44.67   22.33   0.0005000
  -33.58   40.81   42.82   0.0005000
 -145.57   62.21   12.97   0.0005000
   -2.85    6.42   31.73   0.0005000
    1.25   81.74   26.01   0.0005000
   90.21   21.10   49.22   0.0005000
   -9.39   86.98   30.94   0.0005000
  -66.03   23.79   23.43   0.0005000
  -98.52   36.58   18.07   0.0005000
 -139.34    4.34    7.87   0.0005000
  106.94   31.61   48.07   0.0005000
    1.11   66.99   13.74   0.0005000
 -137.85   53.30    5.61   0.0005000
  -12.55   69.00   50.15   0.0005000
  -43.32   62.50    2.28   0.0005000
 -114.93   34.98   37.46   0.0005000
   11.90   75.36   60.73   0.0005000
  140.94   22.36    8.70   0.0005000
  -83.43   29.42   46.02   0.0005000
 -113.29   45.78   50.10   0.0005000
  137.35   10.76   63.72   0.0005000
   -2.87   82.77   35.61   0.0005000
   28.75   65.06   48.36   0.0005000
  -80.56   25.69    4.17   0.0005000
   74.62   30.86   59.69   0.0005000
   49.18   26.92   32.38   0.0005000
 -179.39   38.56    6.26   0.0005000
 -166.15   46.85   54.73   0.0005000
 -168.24   15.41   16.19   0.0005000
  152.87   56.71   38.84   0.0005000
 -128.46   47.85   26.28   0.0005000
  140.79   47.31    2.03   0.0005000
 -119.39   36.23   43.60   0.0005000
 -124.06   33.87   46.60   0.0005000
  -99.97   39.61   15.66   0.0005000
   36.28   32.62   54.94   0.0005000
 -155.62   12.82   22.26   0.0005000
  169.88   66.36   31.92   0.0005000
  160.73   16.27   39.42   0.0005000
  -27.53   42.47   -0.64   0.0005000
  -56.44   25.75   24.50   0.0005000
   -3.77   56.85   34.93   0.0005000
   -5.50   82.09   57.32   0.0005000
   93.18   41.88   56.02   0.0005000
  157.75   48.51   28.11   0.0005000
  161.97   45.27   31.45   0.0005000
 -152.33   73.59   26.65   0.0005000
  -75.01   25.48   40.41   0.0005000
   20.01   36.08   20.55   0.0005000
   85.80   26.22   41.80   0.0005000
  -94.27   19.94   27.68   0.0005000
   -4.16   44.75   37.12   0.0005000
    5.05   74.95   28.95   0.0005000
 -177.03   39.50   28.72   0.0005000
  179.22   39.05   31.52   0.0005000
   52.32   33.80   32.32   0.0005000
   65.27   27.84   42.19   0.0005000
 -176.80   42.37   35.50   0.0005000
  -43.46   28.83    9.18   0.0005000
   16.27   28.31   24.86   0.0005000
  -82.13   38.89   41.58   0.0005000
  -36.60   78.78   34.94   0.0005000
   33.93   34.43   23.36   0.0005000
 -163.58   59.65   12.65   0.0005000
 -146.12   29.45   20.64   0.0005000
  -47.62   39.60   21.34   0.0005000
 -153.84   14.19   20.19   0.0005000
 -108.41   29.99   59.94   0.0005000
 -158.24    8.11   12.73   0.0005000
 -161.58   54.26   12.97   0.0005000
 -119.86   42.33   57.73   0.0005000
  164.22   63.96   37.68   0.0005000
  152.73   40.09   -2.71   0.0005000
   58.84   19.75   12.73   0.0005000
  146.03   57.12   47.66   0.0005000
 -167.61   54.13   17.63   0.0005000
   51.13   35.48   48.50   0.0005000
 -151.94   75.77   20.61   0.0005000
  147.78   39.43   47.98   0.0005000
 -159.10   35.32   10.66   0.0005000
  -64.65   54.08    4.84   0.0005000
 -130.06   28.56   15.34   0.0005000
   31.17   18.04   49.39   0.0005000
   37.07   46.36    8.07   0.0005000
  170.48   54.14   13.55   0.0005000
   -9.96   25.39    7.97   0.0005000
   53.54   22.45   35.05   0.0005000
  -96.39   37.95    6.01   0.0005000
 -100.87   22.98   55.32   0.0005000
   19.74   66.19   58.64   0.0005000
   74.04   25.20   28.20   0.0005000
  -12.69   56.53   26.31   0.0005000
 -164.77   28.94    8.82   0.0005000
  138.82   54.72   26.02   0.0005000
  -35.02   72.19   48.08   0.0005000
  -15.73   32.52   -4.43   0.0005000
  148.22   51.70   50.30   0.0005000
   95.33   12.31   34.51   0.0005000
  166.43   61.13   33.26   0.0005000
  136.78   42.25   54.80   0.0005000
  -47.88   32.51   17.69   0.0005000
  134.56   13.87   43.47   0.0005000
   53.39   25.45   41.90   0.0005000
   71.63   46.75   29.22   0.0005000
  128.71   22.79   59.43   0.0005000
   93.96   27.09   57.20   0.0005000
  154.01   34.93   50.51   0.0005000
   24.95   72.54   22.46   0.0005000
  -63.20   59.56   51.84   0.0005000
 -137.09   27.64   52.47   0.0005000
   -4.42   78.92   44.27   0.0005000
   64.53   20.50   30.70   0.0005000
  160.55   30.16   44.60   0.0005000
   35.16   21.94   -1.38   0.0005000
 -159.93    2.64   61.55   0.0005000
  -49.10   19.33   70.42   0.0005000
  132.65   43.53   17.24   0.0005000
   80.70   66.10    2.80   0.0005000
  170.67   67.28   34.43   0.0005000
   65.28   30.14   50.68   0.0005000
   30.68   76.40   61.44   0.0005000
   20.78   76.35   60.02   0.0005000
   36.91   25.87   52.64   0.0005000
  -73.89   60.77   12.08   0.0005000
  140.21   12.15   35.19   0.0005000
  -40.13   10.62   54.74   0.0005000
 -157.88   40.48    6.24   0.0005000
   -8.78   17.79   50.74   0.0005000
   84.45   45.03   13.42   0.0005000
 -134.57   18.05   -5.88   0.0005000
  161.87   74.06   31.51   0.0005000
 -153.05   15.53    3.89   0.0005000
  108.37   16.79   46.04   0.0005000
  -27.39   10.67   42.17   0.0005000
   13.04   49.87   53.49   0.0005000
 -136.23   15.88   47.99   0.0005000
   64.94   43.38   20.32   0.0005000
  116.83   27.57   51.76   0.0005000
 -159.34   72.33   43.45   0.0005000
  143.54   48.73    2.13   0.0005000
    8.49   87.35   29.70   0.0005000
   -2.64   75.82   24.24   0.0005000
  120.65   28.46   17.95   0.0005000
 -164.67   77.06   32.65   0.0005000
  151.95   74.38   43.61   0.0005000
  144.43   52.48    2.01   0.0005000
  -52.44   24.24   65.72   0.0005000
  -26.42   86.31   17.77   0.0005000
  -99.87   65.63   20.00   0.0005000
 -165.38   21.24   31.79   0.0005000
   66.07   34.88   41.32   0.0005000
  -24.92    9.57   10.45   0.0005000
  152.62   80.98   30.15   0.0005000
 -119.54   33.03    4.19   0.0005000
  -24.56   67.49   26.32   0.0005000
 -175.03   83.07    9.39   0.0005000
 -178.56   14.73   43.18   0.0005000
   83.27   14.27   52.78   0.0005000
  -12.94   23.71    6.13   0.0005000
 -144.31   78.23   23.05   0.0005000
 -137.09    6.30   46.59   0.0005000
   59.52   39.41   45.33   0.0005000
  -29.23   59.74   27.95   0.0005000
  166.50   66.97   33.56   0.0005000
 -146.69   53.34    5.56   0.0005000
 -145.24   88.92   53.56   0.0005000
   83.88   83.52   17.52   0.0005000
 -110.79    5.13   34.40   0.0005000
 -131.33   70.54    4.15   0.0005000
   14.07   59.18   35.39   0.0005000
 -168.14   29.65   20.56   0.0005000
  -30.84   78.61   25.79   0.0005000
   31.60   87.63   45.71   0.0005000
 -166.24   64.08   19.83   0.0005000
 -178.80   88.07   45.47   0.0005000
  -49.25   35.63   11.46   0.0005000
  -69.03   20.40   46.00   0.0005000
  121.81   44.73   28.88   0.0005000
  -22.51   41.25   51.50   0.0005000
  -40.47   54.75   57.21   0.0005000
 -111.04   16.27   39.01   0.0005000
  -87.59   24.63   -0.27   0.0005000
   71.69   74.89   26.67   0.0005000
  -30.70   42.32   52.91   0.0005000
   70.98   73.19   57.20   0.0005000
  175.54   56.63   28.07   0.0005000
   76.41   34.21   20.83   0.0005000
  146.31   45.67   50.83   0.0005000
  -33.03   42.32   55.39   0.0005000
  149.06   38.64    1.07   0.0005000
  -11.09   53.20   44.53   0.0005000
 -136.32   16.57    0.28   0.0005000
  156.81   68.78   17.85   0.0005000
 -139.71   37.83   -1.25   0.0005000
   -7.25   21.30   39.54   0.0005000
  -89.50   87.60   36.06   0.0005000
    1.88   36.10   47.52   0.0005000
   91.47   23.98    9.46   0.0005000
  105.59   47.13   18.07   0.0005000
 -152.14   76.31   24.95   0.0005000
  -38.16   14.08   21.85   0.0005000
  -28.35   83.66   20.06   0.0005000
   71.39   25.50   40.29   0.0005000
  147.99   73.15   23.36   0.0005000
   41.22   61.46   12.66   0.0005000
  -33.64   88.16   17.99   0.0005000
   -9.91   30.55    5.97   0.0005000
   80.72   31.64   51.70   0.0005000
   65.79   58.39   28.84   0.0005000
   85.43   39.79   16.91   0.0005000
   67.49   78.75   35.37   0.0005000
 -139.52   52.75   33.43   0.0005000
   27.75   29.74   52.13   0.0005000
   44.57   45.87   50.36   0.0005000
   75.48   23.29    6.65   0.0005000
   -9.12   43.89   34.28   0.0005000
  -71.76   34.53   39.30   0.0005000
  -80.51   49.80   11.54   0.0005000
  142.83   39.81   45.32   0.0005000
 -177.79   46.20   18.63   0.0005000
   36.65   50.38   50.64   0.0005000
  174.36   80.34   31.15   0.0005000
    4.43   69.41   11.91   0.0005000
 -136.91   17.41   28.42   0.0005000
   49.47   50.91   53.05   0.0005000
  157.84   38.38   38.47   0.0005000
   34.73   40.05   11.00   0.0005000
   -4.10   20.36   20.47   0.0005000
 -101.22    8.70   51.92   0.0005000
   45.69   78.74   24.22   0.0005000
   84.98   11.85   12.14   0.0005000
  -43.39   65.10   53.66   0.0005000
 -143.76   37.09   57.41   0.0005000
   11.74   77.99   31.45   0.0005000
  166.46   38.97   49.84   0.0005000
  -29.09   64.39   17.17   0.0005000
   84.95   34.92   58.73   0.0005000
  -68.72   59.71    8.16   0.0005000
  -43.31   65.89   20.40   0.0005000
    6.34   30.82   10.65   0.0005000
 -156.51   39.97   57.96   0.0005000
 -146.16   74.01   15.55   0.0005000
  105.12   78.46   35.72   0.0005000
  116.92   49.29   43.88   0.0005000
  166.33   47.74   46.57   0.0005000
   50.53    8.14   -2.82   0.0005000
   65.36   68.65   46.26   0.0005000
   93.23   22.76   10.07   0.0005000
  126.46   27.46   18.15   0.0005000
   36.27   25.07   13.60   0.0005000
  166.03   60.25   36.54   0.0005000
  -57.74   52.63    8.01   0.0005000
   86.81   17.12   30.61   0.0005000
  -32.07   28.67   29.17   0.0005000
    9.56   58.23   27.21   0.0005000
  137.05   25.53   25.74   0.0005000
 -153.01   64.97   22.34   0.0005000
 -174.36   84.92   22.36   0.0005000
  144.90   69.37   36.91   0.0005000
  104.12   12.09   45.53   0.0005000
   56.15   29.94   39.11   0.0005000
   54.40   36.63   10.88   0.0005000
  148.30   89.21   22.37   0.0005000
   75.31   39.20   29.79   0.0005000
 -113.23   73.70   25.69   0.0005000
  168.99   84.66   31.00   0.0005000
  -12.19   61.93   36.14   0.0005000
  -22.70   33.70    3.18   0.0005000
  114.22    7.32    7.22   0.0005000
  176.73   84.01   27.38   0.0005000
 -102.55   44.26   10.73   0.0005000
  157.35    7.30   29.55   0.0005000
   50.01   32.68   47.65   0.0005000
  -38.95   64.38   52.24   0.0005000
  133.77   40.43   45.22   0.0005000
   95.30   88.63   34.14   0.0005000
  173.87   76.96   40.78   0.0005000
  132.20   65.54   48.49   0.0005000
   83.27   64.93    1.40   0.0005000
 -127.02   37.27   16.61   0.0005000
   83.42   66.93   19.74   0.0005000
 -149.67   27.29   33.29   0.0005000
 -116.88   25.01   18.83   0.0005000
  170.27   63.45   42.52   0.0005000
   13.88   68.50   53.16   0.0005000
   37.69   61.21    9.95   0.0005000
  -19.28   37.26   -4.20   0.0005000
  126.23   47.62    6.00   0.0005000
 -159.39   25.04    7.99   0.0005000
   88.61   28.07   43.78   0.0005000
   91.44   31.28   45.99   0.0005000
 -138.04   63.93   29.43   0.0005000
  168.54   41.41   38.00   0.0005000
  155.33   49.20   26.37   0.0005000
  -40.68   31.72   41.02   0.0005000
   70.19   32.35   22.19   0.0005000
  -19.93   24.15   55.63   0.0005000
   29.20   72.60   23.81   0.0005000
  -27.01   62.96   43.69   0.0005000
   -9.04   84.42   34.61   0.0005000
   91.62    7.10   57.61   0.0005000
   79.31    4.00    8.43   0.0005000
   97.65   33.77    1.24   0.0005000
   73.15   17.18   21.75   0.0005000
  131.61   40.68   53.19   0.0005000
   47.71   50.16   58.20   0.0005000
   -6.05   21.47   40.94   0.0005000
    8.03   54.57    6.54   0.0005000
  100.89   31.34   24.87   0.0005000
  114.75   37.57   25.44   0.0005000
  -13.79   29.82   -2.45   0.0005000
  -23.18   16.82   54.46   0.0005000
 -108.53   35.47   10.79   0.0005000
 -106.81   27.08   46.05   0.0005000
  -46.28   55.99   10.67   0.0005000
  111.84   42.97   19.58   0.0005000
 -129.56   36.17   47.56   0.0005000
 -158.01   26.70   23.64   0.0005000
 -120.54   39.46   51.84   0.0005000
 -133.47   45.92   31.47   0.0005000
   51.04   32.11   22.80   0.0005000
  -87.76   69.52   52.46   0.0005000
   96.70   31.99   52.11   0.0005000
   22.63   58.10   13.86   0.0005000
 -123.89   56.27   44.26   0.0005000
   40.00   20.56   50.73   0.0005000
  176.14   40.39   37.10   0.0005000
 -149.27   34.87    8.94   0.0005000
 -105.61   36.70   40.12   0.0005000
   15.81   72.48   29.00   0.0005000
  -68.09   33.01   30.28   0.0005000
   58.03   50.30   26.38   0.0005000
  177.71   12.79   12.75   0.0005000
  167.87   46.87   25.14   0.0005000
  -21.75   43.47   54.44   0.0005000
  -21.19   61.51   34.59   0.0005000
   71.56   16.97   13.02   0.0005000
  -47.31   44.93   47.55   0.0005000
   11.35   83.17   42.67   0.0005000
  105.40   10.12   33.84   0.0005000
  116.85   19.30   48.10   0.0005000
   56.75   30.57   21.74   0.0005000
  132.85   31.47   25.44   0.0005000
   26.18   61.85   45.78   0.0005000
   79.72   29.54   28.12   0.0005000
  109.64   57.41   41.77   0.0005000
  161.18   71.48   31.28   0.0005000
   -2.79   58.99   44.69   0.0005000
  -67.22   34.40   30.38   0.0005000
    4.68   79.93   34.85   0.0005000
   -7.41   43.44   44.70   0.0005000
 -105.59   45.65   52.35   0.0005000
  178.87   28.06   27.90   0.0005000
   77.49   42.29   13.45   0.0005000
   79.05   70.78   25.69   0.0005000
  -17.99   66.89   28.12   0.0005000
  -47.67   20.90   37.10   0.0005000
 -178.58   89.44   27.68   0.0005000
  -31.97   57.68   42.08   0.0005000
 -150.92   44.81    5.76   0.0005000
  115.45   33.36    8.70   0.0005000
  -97.35   15.78    5.24   0.0005000
   35.16   68.96   13.84   0.0005000
 -124.46   38.52   46.30   0.0005000
 -138.96   46.30   17.20   0.0005000
  133.03   19.91   66.75   0.0005000
   35.11   22.10   10.55   0.0005000
  -86.35   34.63   40.04   0.0005000
   73.77   36.17   20.76   0.0005000
   88.81   19.60   31.28   0.0005000
   48.45   31.68   -6.10   0.0005000
   54.73   36.69   42.55   0.0005000
  131.65   56.11   13.44   0.0005000
   20.57   65.02   23.44   0.0005000
   19.33   79.29   55.44   0.0005000
    5.39   87.60   23.49   0.0005000
  151.47   35.49    1.38   0.0005000
   19.82   69.03   64.02   0.0005000
   68.69   53.88   24.12   0.0005000
  160.14   85.68   44.37   0.0005000
   -0.49   48.38   38.20   0.0005000
 -174.74   55.49   32.57   0.0005000
  161.56   64.63   30.28   0.0005000
 -120.12   72.67   13.33   0.0005000
  151.08   40.75   49.69   0.0005000
  124.00   38.76   62.16   0.0005000
   -4.79   78.87   54.10   0.0005000
   66.71   40.25   47.74   0.0005000
  -16.75   83.96   41.19   0.0005000
 -154.03   12.76   18.95   0.0005000
  140.73   43.12   24.63   0.0005000
   64.99   21.87   43.64   0.0005000
    2.90   73.49   28.61   0.0005000
  -83.34   89.64   27.20   0.0005000
   50.68   33.51   45.60   0.0005000
  131.72   63.28   48.78   0.0005000
   98.24   67.82   16.32   0.0005000
    1.45   63.34   33.41   0.0005000
 -133.51   26.61   29.65   0.0005000
  164.95   83.72   33.66   0.0005000
   93.68   26.92   28.20   0.0005000
 -135.40   49.24   19.77   0.0005000
    6.38   12.47   19.98   0.0005000
    1.67   11.00   12.27   0.0005000
  -28.98   26.92   55.02   0.0005000
  -67.54   28.30   25.31   0.0005000
  159.51   65.06   53.78   0.0005000
 -159.09   68.80   17.34   0.0005000
   48.45   82.49   48.32   0.0005000
 -132.09   30.62   39.23   0.0005000
   44.43   23.93   -5.37   0.0005000
 -178.56   43.71   25.73   0.0005000
 -109.30    7.29   21.13   0.0005000
 -164.52   75.97   36.25   0.0005000
   31.79   66.02   45.71   0.0005000
   94.57   22.12   31.50   0.0005000
   40.13   64.93    5.51   0.0005000
 -177.16   58.14   55.88   0.0005000
   24.73   76.04   41.95   0.0005000
  -97.28   85.61   44.53   0.0005000
    4.28   69.50   16.16   0.0005000
 -149.20   45.69   55.80   0.0005000
  109.77   44.11   19.75   0.0005000
  -16.97   40.69   43.76   0.0005000
 -121.87   74.64   53.62   0.0005000
   23.81   17.36    6.48   0.0005000
  149.82   88.60   44.65   0.0005000
  162.22   50.20   -5.89   0.0005000
  175.98   74.47   34.20   0.0005000
 -103.30   29.33   21.70   0.0005000
   12.92   21.22   28.56   0.0005000
  150.79   17.25   41.88   0.0005000
  126.26   24.33   57.80   0.0005000
  -43.62   69.34    4.56   0.0005000
 -122.74   39.93   39.96   0.0005000
  -85.43   29.21   36.83   0.0005000
   -7.24   33.52   18.77   0.0005000
  -48.89   52.58   13.14   0.0005000
   78.14   40.89   37.01   0.0005000
  118.25   80.82   48.86   0.0005000
  135.56   24.91   45.83   0.0005000
  152.12   24.88   51.94   0.0005000
  -96.82   67.12   13.36   0.0005000
 -166.47   32.93   17.00   0.0005000
  158.96   62.48   48.40   0.0005000
  136.75   26.97   17.65   0.0005000
  -95.77   24.20   25.29   0.0005000
  -49.09   64.10   22.66   0.0005000
  -62.71   50.80   19.65   0.0005000
  101.44   37.86   37.64   0.0005000
   71.36   58.00   52.94   0.0005000
  170.94   87.14   31.54   0.0005000
  178.37   66.23   56.59   0.0005000
   10.46   64.55   24.60   0.0005000
  132.34   33.99   12.49   0.0005000
   10.31   61.26   43.33   0.0005000
  141.32   43.16   52.33   0.0005000
 -169.75   82.34   22.73   0.0005000
  -54.34   38.04   27.22   0.0005000
   32.54   67.97   21.23   0.0005000
  171.65   46.42    6.33   0.0005000
  179.60   73.49   31.78   0.0005000
  168.99   73.28   45.37   0.0005000
  -50.62   41.19   31.33   0.0005000
  116.76   17.72   32.17   0.0005000
  135.36   36.06   20.26   0.0005000
   -1.62   50.16   45.17   0.0005000
 -162.59    9.70   38.56   0.0005000
  -25.83   24.77   -0.43   0.0005000
  156.06   65.20   43.06   0.0005000
  -95.72   48.68   26.05   0.0005000
  148.57   21.06   13.31   0.0005000
   92.67   69.70    4.81   0.0005000
  173.75   65.57   36.02   0.0005000
  -35.24   45.54    4.20   0.0005000
  176.76   50.80   12.51   0.0005000
   27.29   45.20    7.94   0.0005000
 -131.04   36.99   31.84   0.0005000
  171.97   56.74   34.24   0.0005000
  104.98   33.79    4.94   0.0005000
   64.31   41.65   43.64   0.0005000
  162.17   26.22   30.00   0.0005000
  -64.68   17.52   22.40   0.0005000
   28.99   59.43   10.09   0.0005000
   80.85   30.26   51.49   0.0005000
  129.10   14.14   18.47   0.0005000
  -59.82   53.34   28.43   0.0005000
 -119.57    9.41    7.73   0.0005000
  101.47   21.48    8.22   0.0005000
   45.58   79.13   40.85   0.0005000
  170.77   66.74   52.83   0.0005000
  147.70   69.87   33.20   0.0005000
 -163.60   83.65   27.51   0.0005000
   85.14   14.63   18.50   0.0005000
  145.67   43.76    2.42   0.0005000
 -175.19   87.18   23.76   0.0005000
  -57.30   80.85   37.26   0.0005000
    9.21   78.28   51.13   0.0005000
  177.68   88.70   26.47   0.0005000
 -118.77   60.78   11.74   0.0005000
 -123.91   33.79    3.48   0.0005000
  152.70   30.10   48.86   0.0005000
 -167.79   39.72   13.33   0.0005000
 -115.93   26.54    5.53   0.0005000
  120.17   46.56   37.21   0.0005000
  -16.29   47.20   43.22   0.0005000
   51.09   44.19    3.94   0.0005000
  165.11   66.49   43.84   0.0005000
 -105.40   43.98   35.41   0.0005000
  -68.91   37.42   29.91   0.0005000
  -75.79   71.89   33.42   0.0005000
  -97.87    5.75   36.84   0.0005000
  132.76   42.01    6.07   0.0005000
   86.33   28.29   20.07   0.0005000
 -136.63   39.16    6.45   0.0005000
  -48.60   27.29   51.17   0.0005000
   90.38   46.31   16.38   0.0005000
  158.72   64.34   34.87   0.0005000
  -75.92   32.87   -2.82   0.0005000
   40.19   36.16   -1.62   0.0005000
   89.48   89.83   20.47   0.0005000
  -68.80   14.93   23.39   0.0005000
   99.48   42.55   -0.32   0.0005000
   47.93   45.95   54.56   0.0005000
  174.57   10.88   50.13   0.0005000
  -24.25   61.45   17.73   0.0005000
 -151.20   29.13    2.34   0.0005000
   21.41   36.86   38.49   0.0005000
 -123.21   15.16   38.93   0.0005000
  166.80   65.19   34.85   0.0005000
 -154.22   28.58   26.82   0.0005000
   38.77   53.91   55.74   0.0005000
   43.82   87.38   46.70   0.0005000
 -170.33   67.12   54.40   0.0005000
   16.47   86.48   31.98   0.0005000
  115.09   28.07   28.95   0.0005000
   85.23   32.16   13.36   0.0005000
   37.93   78.15   15.40   0.0005000
   -0.21   58.25   44.17   0.0005000
  -46.79   39.37   27.30   0.0005000
  -54.27   24.85   20.96   0.0005000
  -27.14   44.47   49.20   0.0005000
 -129.02   36.62   49.64   0.0005000
 -101.02   43.77   48.56   0.0005000
 -164.91    8.54   17.88   0.0005000
  121.41   41.09   35.03   0.0005000
  151.07   85.51   17.14   0.0005000
  -13.97   30.59   36.87   0.0005000
  -26.41   50.06   51.21   0.0005000
  173.42   58.71   27.38   0.0005000
  149.93   78.26   31.13   0.0005000
 -150.54   69.32   11.63   0.0005000
  -21.18   19.60   34.42   0.0005000
  150.84   16.66   52.58   0.0005000
 -106.97   16.72   31.33   0.0005000
   35.70   27.10    8.36   0.0005000
   94.12   20.57   24.13   0.0005000
  -10.28   62.77   48.90   0.0005000
   71.53   82.28   51.65   0.0005000
  161.41   66.55   26.58   0.0005000
 -168.11   41.98   16.89   0.0005000
   40.62   48.50   46.68   0.0005000
   19.35   17.14    8.84   0.0005000
  -12.67   69.13   22.95   0.0005000
  160.45   42.27   19.67   0.0005000
   19.40   19.59   17.26   0.0005000
   28.23   83.61   32.24   0.0005000
   82.78   53.76   13.14   0.0005000
  147.11   61.38    8.33   0.0005000
   71.58   60.13   49.48   0.0005000
  -21.73   50.71   50.13   0.0005000
 -169.50   63.84    6.62   0.0005000
   27.89   30.14   38.63   0.0005000
 -157.41   69.55   18.03   0.0005000
   19.00    8.43   32.61   0.0005000
  154.94   74.55   27.61   0.0005000
 -166.76   25.13   40.40   0.0005000
   56.98    5.62   22.57   0.0005000
 -159.41   39.84   10.41   0.0005000
  -50.82   42.61    8.10   0.0005000
  -36.26   41.93    1.19   0.0005000
 -122.34   38.20   41.38   0.0005000
 -118.10    6.16   20.90   0.0005000
   77.14   82.69   22.94   0.0005000
   50.16   34.06    4.63   0.0005000
  -93.65   34.43   12.90   0.0005000
  -65.37   50.59   20.78   0.0005000
  135.98   30.43   10.22   0.0005000
   -4.99   81.74   19.88   0.0005000
  -11.39   27.36   31.31   0.0005000
  163.31   28.60   28.94   0.0005000
 -133.62   19.46   38.42   0.0005000
 -125.16   26.57   49.82   0.0005000
 -159.25   56.73   44.94   0.0005000
   27.00   62.55   19.85   0.0005000
 -155.76   11.78    1.48   0.0005000
 -124.61   69.05   20.76   0.0005000
  -48.46   21.38   31.37   0.0005000
  -66.44   54.54   24.08   0.0005000
 -103.54   21.02   43.42   0.0005000
  161.00   36.73   50.35   0.0005000
  127.70   33.48   15.74   0.0005000
  -60.72   15.52   28.24   0.0005000
 -120.43    9.42   11.75   0.0005000
  -64.03   41.00    8.39   0.0005000
  -66.91   30.59   -4.03   0.0005000
  154.42   83.21   42.20   0.0005000
  -41.32   30.10   30.16   0.0005000
 -156.84   48.41   56.18   0.0005000
   87.41   25.70   44.50   0.0005000
    5.11   41.17   24.01   0.0005000
 -171.29   80.94   33.63   0.0005000
  134.31   65.18   36.82   0.0005000
   95.14   11.33   33.86   0.0005000
 -160.89   61.07   13.21   0.0005000
  -38.72    5.35   67.63   0.0005000
  144.22   32.54   17.51   0.0005000
   36.79   79.35   53.91   0.0005000
   23.25   59.92   16.32   0.0005000
   57.63   32.47   34.06   0.0005000
  126.15   63.78   20.07   0.0005000
  102.83   24.37   38.32   0.0005000
 -164.45   78.97   34.31   0.0005000
  164.17   44.69   -4.13   0.0005000
  109.52   21.00   39.98   0.0005000
   35.03   37.50   18.67   0.0005000
  114.11   38.93   14.70   0.0005000
  -89.64   80.58   22.82   0.0005000
 -171.56   56.00   55.77   0.0005000
  161.18   48.09   51.55   0.0005000
  157.68   14.59   47.60   0.0005000
   33.49   48.46   33.96   0.0005000
 -154.63   47.80    8.45   0.0005000
   -4.66   58.11   39.55   0.0005000
  -73.23   19.82   49.47   0.0005000
   57.05   42.96   56.05   0.0005000
  155.33   83.16   36.70   0.0005000
 -104.64   42.69   27.25   0.0005000
   50.06   33.33   17.53   0.0005000
  136.00   35.64    9.59   0.0005000
 -176.19   22.20   36.55   0.0005000
  -56.77    6.02   19.81   0.0005000
   81.61   26.41    9.90   0.0005000
  151.81   81.09   38.71   0.0005000
  125.67   60.41   27.92   0.0005000
   46.24   43.41    1.19   0.0005000
 -142.13   55.76   48.97   0.0005000
  170.09   71.78   33.17   0.0005000
 -140.40   63.58   46.27   0.0005000
  140.15   48.07   12.53   0.0005000
 -159.48   77.81   49.74   0.0005000
  -36.71   42.43   50.22   0.0005000
  -15.62   84.15   18.15   0.0005000
   15.42   53.80   21.11   0.0005000
   42.85   75.13   49.47   0.0005000
 -129.15   23.71   13.85   0.0005000
  -12.55   88.57   31.70   0.0005000
   87.98   47.64   54.53   0.0005000
  -77.16   37.50   52.32   0.0005000
  -28.97   72.04   41.55   0.0005000
   57.04   34.21    3.98   0.0005000
   51.59   53.92   53.85   0.0005000
  111.10   25.10    8.03   0.0005000
   87.66   34.83   34.01   0.0005000
   20.13    9.71    6.58   0.0005000
    7.90   87.88   40.81   0.0005000
  150.73   19.61   47.56   0.0005000
  -24.66   85.94   28.10   0.0005000
   82.26   63.87   22.56   0.0005000
  -88.91   47.61   44.55   0.0005000
  -56.79   49.39   53.02   0.0005000
    6.41   63.08   16.74   0.0005000
   71.95   20.99    8.92   0.0005000
 -145.76   54.50   43.45   0.0005000
  -21.16   46.17   47.77   0.0005000
   86.54   29.76   52.73   0.0005000
  143.42   22.07   30.00   0.0005000
  -69.64   29.80    9.35   0.0005000
   10.08   50.27   64.50   0.0005000
  -19.66   28.29   30.85   0.0005000
 -125.73   87.53   33.66   0.0005000
  137.90   12.31   15.46   0.0005000
   97.86   21.72   46.83   0.0005000
 -133.55   41.84   40.19   0.0005000
  -83.87   15.36   21.72   0.0005000
 -162.97   87.26   49.96   0.0005000
 -147.19   54.98   52.84   0.0005000
   -9.08   80.32   40.51   0.0005000
  -32.92   85.70   22.23   0.0005000
  159.28    3.53   43.67   0.0005000
  159.10   33.69   46.74   0.0005000
 -162.61   89.02   20.63   0.0005000
 -114.91   45.23    8.72   0.0005000
  -21.65   31.28   46.25   0.0005000
   70.02   30.36   39.96   0.0005000
   14.77   52.58   61.50   0.0005000
  173.64   83.98   17.88   0.0005000
  145.25   68.57   35.07   0.0005000
 -134.66   26.80   -0.91   0.0005000
  -40.80   65.65   35.12   0.0005000
  168.50   17.34   21.51   0.0005000
  -41.74    9.87   13.70   0.0005000
 -139.44   37.89   22.81   0.0005000
  -77.50   62.33   24.10   0.0005000
   57.24   28.12   34.70   0.0005000
  172.95   23.61   47.25   0.0005000
  177.91   70.73   37.52   0.0005000
  107.90   30.36   36.77   0.0005000
   72.88   68.85   31.96   0.0005000
 -131.90   55.32   39.65   0.0005000
   48.63   49.11   20.51   0.0005000
  -82.07   89.92   38.17   0.0005000
   23.46   74.84   16.16   0.0005000
   98.93   28.36   40.02   0.0005000
   21.44   77.69    9.62   0.0005000
 -131.58   60.04   50.30   0.0005000
 -128.80   24.97   45.68   0.0005000
 -179.25   43.56   11.46   0.0005000
 -138.06   48.16   48.92   0.0005000
  139.69   79.51   39.20   0.0005000
   25.10   74.46    6.22   0.0005000
    2.93   47.03    7.36   0.0005000
  -44.93   82.80   47.82   0.0005000
  145.91   46.07   53.88   0.0005000
  -32.29   58.70   48.10   0.0005000
  -18.25   47.67   43.34   0.0005000
  -19.14   37.19   52.74   0.0005000
    8.09   67.57   38.96   0.0005000
 -172.05   27.26   54.93   0.0005000
  153.12   16.30    7.79   0.0005000
   85.54   28.35   13.64   0.0005000
  136.95   18.50   12.59   0.0005000
   -4.62   33.15   55.80   0.0005000
   21.74   46.53   64.04   0.0005000
 -153.76   83.69   37.43   0.0005000
   78.65   45.43   22.84   0.0005000
   82.64    8.35   33.57   0.0005000
 -108.45   33.42   21.61   0.0005000
 -166.01   32.70   38.04   0.0005000
 -178.35   20.58   35.39   0.0005000
  106.81   13.03   46.13   0.0005000
   45.26   28.90   19.89   0.0005000
   23.42   56.75   52.30   0.0005000
   35.60   83.64   19.93   0.0005000
   -7.77   74.32   22.65   0.0005000
   -1.58   12.85   23.98   0.0005000
   14.19   75.70   57.30   0.0005000
   29.56   13.22   35.53   0.0005000
  -36.01   32.81   59.23   0.0005000
  144.05   60.72   41.09   0.0005000
  -39.88   81.61   31.36   0.0005000
   81.93   31.05   26.10   0.0005000
   30.31   23.64   57.30   0.0005000
  107.07   24.18   41.71   0.0005000
   57.55   85.62   14.65   0.0005000
 -152.28   82.31   17.01   0.0005000
  -97.64   19.66   46.79   0.0005000
  -57.02   38.91   38.66   0.0005000
   93.64   29.86   15.27   0.0005000
  -41.45   60.21    6.48   0.0005000
  -29.29   21.40   60.03   0.0005000
  -99.15   20.80    6.00   0.0005000
  124.86   15.33   17.87   0.0005000
  -55.03    8.15   72.86   0.0005000
  -96.97   36.61    8.73   0.0005000
 -177.98   66.28   48.91   0.0005000
   79.59   23.71   21.21   0.0005000
 -178.57   33.16    9.47   0.0005000
  -51.82   35.53    9.07   0.0005000
  148.72   76.56   30.22   0.0005000
  102.50   24.00   18.21   0.0005000
  161.95   65.39   40.14   0.0005000
 -107.61   18.73   38.96   0.0005000
   74.98   62.68   37.36   0.0005000
  -81.80   26.69   48.57   0.0005000
   -9.94   42.17   43.40   0.0005000
 -136.59   16.25   41.16   0.0005000
 -155.50   76.94   25.77   0.0005000
   -6.09   12.04   30.57   0.0005000
   17.14   21.52   33.84   0.0005000
  141.60   55.29    5.22   0.0005000
   78.22   82.74   41.25   0.0005000
  -73.01   74.01   35.27   0.0005000
 -109.99   87.20   25.73   0.0005000
  -29.54   87.56   49.60   0.0005000
  176.53   89.25   46.13   0.0005000
   87.84   38.00    7.05   0.0005000
   70.67   40.26   36.84   0.0005000
  -59.83   53.85   26.88   0.0005000
  103.13   19.28   43.31   0.0005000
 -105.56   35.62   13.82   0.0005000
   96.30   74.84    9.31   0.0005000
 -164.50   39.20   65.29   0.0005000
   33.31   78.21   43.70   0.0005000
   72.00   21.71   23.08   0.0005000
   -3.42   70.94   27.15   0.0005000
  144.91   51.42   19.68   0.0005000
  -32.03   87.09   14.33   0.0005000
 -141.60   61.41   24.90   0.0005000
   17.19   65.03   13.27   0.0005000
 -166.44   30.72   33.53   0.0005000
   36.44   26.92   -0.51   0.0005000
 -174.60   55.94   34.49   0.0005000
 -161.82   73.24   49.09   0.0005000
  170.46   88.32   40.48   0.0005000
  127.62   30.54   30.59   0.0005000
  109.58   55.62    5.61   0.0005000
   51.85   42.72   52.97   0.0005000
    4.31   84.62   31.66   0.0005000
   52.31   29.08   44.81   0.0005000
    9.52   20.06   12.78   0.0005000
 -177.31   28.93   30.04   0.0005000
  -71.68    6.31   21.57   0.0005000
  -62.75   52.75   37.43   0.0005000
 -148.87   46.17   17.22   0.0005000
    2.69   83.49   25.62   0.0005000
  137.89   30.87    7.73   0.0005000
 -130.73   27.01   -3.07   0.0005000
  177.41   74.23   30.60   0.0005000
   32.85   27.28   51.54   0.0005000
   76.76   44.92   23.09   0.0005000
 -176.66   25.36   57.72   0.0005000
   39.08   10.23   11.37   0.0005000
  122.30    5.20   16.28   0.0005000
  158.82   72.18   33.91   0.0005000
  156.23   42.81   49.85   0.0005000
  160.11   26.31   44.76   0.0005000
 -174.71   70.67   30.86   0.0005000
   10.01   86.93   33.15   0.0005000
  -30.93   83.47   31.12   0.0005000
   29.73   39.93   20.98   0.0005000
  -99.70   87.44   29.78   0.0005000
  130.84   27.52   61.75   0.0005000
 -151.65   23.48    1.43   0.0005000
 -104.73   25.37   50.42   0.0005000
   34.89   28.30   36.46   0.0005000
  -82.04   21.85   26.84   0.0005000
 -129.64   22.29   14.33   0.0005000
  133.58   14.00   69.02   0.0005000
  -17.05   59.87   37.99   0.0005000
   49.72   16.04   -1.97   0.0005000
 -160.46   36.09   13.88   0.0005000
   99.89   30.07   34.57   0.0005000
   36.35   64.57   57.78   0.0005000
 -127.84   39.57   30.38   0.0005000
  152.41   87.27   48.41   0.0005000
 -173.50   89.76   25.23   0.0005000
  -23.41   62.69   33.76   0.0005000
 -134.19   35.31   45.81   0.0005000
   60.46   25.93   26.86   0.0005000
 -111.84   24.85   56.79   0.0005000
  -16.42    4.52   45.60   0.0005000
 -128.31   50.57   56.71   0.0005000
  -91.91   62.05    5.29   0.0005000
    6.14   83.92   29.79   0.0005000
 -131.92   25.37   31.98   0.0005000
 -152.93   64.30    9.42   0.0005000
  -30.90   49.25   24.87   0.0005000
  -16.68   84.06   57.16   0.0005000
   49.16   44.02    5.69   0.0005000
   17.23   64.05   26.27   0.0005000
   60.82   44.45   44.33   0.0005000
   45.52   54.44   60.71   0.0005000
    1.87   27.84   21.89   0.0005000
  -62.52   47.30   60.46   0.0005000
 -105.00   16.78   23.19   0.0005000
 -157.93   67.60   53.55   0.0005000
 -166.09   23.48   16.89   0.0005000
  140.33   23.40   15.86   0.0005000
  -49.17   73.62   18.96   0.0005000
  -53.79   61.45   11.99   0.0005000
 -122.33   23.68   -8.01   0.0005000
   21.60   74.27   32.54   0.0005000
 -174.48   74.04   34.04   0.0005000
 -109.43   56.41   48.53   0.0005000
 -148.09   86.77   22.82   0.0005000
    3.46   63.91   38.53   0.0005000
  127.46   43.24   55.46   0.0005000
  150.99   52.41   49.65   0.0005000
  132.40   28.01   10.04   0.0005000
  -99.78   32.36   30.06   0.0005000
  146.95   47.85   24.41   0.0005000
 -165.92   54.89   65.44   0.0005000
   32.05   78.58   17.23   0.0005000
  -48.53   28.40   14.90   0.0005000
    4.73   82.14   28.26   0.0005000
    3.77   89.47   27.09   0.0005000
  -13.17   77.17   54.76   0.0005000
   28.93   69.20   18.73   0.0005000
  -57.79    6.65   48.84   0.0005000
  -29.76   47.10   53.24   0.0005000
 -115.58   18.40   24.85   0.0005000
  137.61   44.36    5.80   0.0005000
  -54.75   35.71   30.40   0.0005000
  102.24   22.13    9.80   0.0005000
  -47.36   40.18   17.88   0.0005000
   78.20   37.34   37.38   0.0005000
  -43.45   40.26   19.85   0.0005000
   43.28   25.97   37.62   0.0005000
   47.91   35.08   51.34   0.0005000
   92.14   26.85   13.48   0.0005000
   70.29   36.25   25.12   0.0005000
 -132.40   15.69   43.77   0.0005000
  174.96   65.37   30.29   0.0005000
  106.85   30.14   38.71   0.0005000
   19.97   15.53   10.76   0.0005000
  167.11   59.46   42.58   0.0005000
  110.96   66.60   18.31   0.0005000
  149.68   74.87   34.20   0.0005000
  -56.91   30.85   23.49   0.0005000
  -15.21   49.61   17.34   0.0005000
 -139.54   44.66   33.61   0.0005000
   83.43   35.63    8.11   0.0005000
  -47.71   56.96    4.67   0.0005000
  -89.32   26.10   24.77   0.0005000
   -7.21   89.31   26.46   0.0005000
  -22.84   26.85   28.93   0.0005000
  -70.89   40.66   -2.54   0.0005000
 -157.83   69.30   23.02   0.0005000
   91.33   19.48   44.37   0.0005000
  132.28   18.47   12.09   0.0005000
 -133.19   25.08   50.10   0.0005000
 -176.33   40.51   26.14   0.0005000
 -154.65   51.54   61.59   0.0005000
 -142.87   65.40   61.33   0.0005000
  -10.09   33.10   42.93   0.0005000
  122.82   45.93   21.63   0.0005000
 -122.10   14.11   34.26   0.0005000
  -37.18   20.88    6.89   0.0005000
  143.27   30.70   13.07   0.0005000
   34.72   41.89   15.76   0.0005000
 -156.23   60.90   45.12   0.0005000
   88.08   25.56   39.43   0.0005000
 -164.81   59.59   18.62   0.0005000
  -85.28   15.45   51.58   0.0005000
  -50.62   39.76   13.06   0.0005000
   84.89   24.26   38.04   0.0005000
  133.56   47.71    9.91   0.0005000
 -133.65   25.01   50.54   0.0005000
  -44.61   23.90   66.67   0.0005000
   32.15   33.47   25.15   0.0005000
  140.96   49.99    4.93   0.0005000
  132.54   25.25   15.32   0.0005000
  131.36   41.96    4.07   0.0005000
   92.39   59.68   46.42   0.0005000
  -88.17   37.94   23.15   0.0005000
   24.36   29.92    3.86   0.0005000
  162.44   74.43   17.66   0.0005000
  -61.52   58.07   54.44   0.0005000
  159.59   12.16   56.68   0.0005000
   54.96   71.62    1.93   0.0005000
  -46.97   33.16   25.78   0.0005000
  127.18   37.02   41.93   0.0005000
   -4.76   83.74   34.95   0.0005000
  151.65   31.59   53.69   0.0005000
   88.97   24.61   20.42   0.0005000
  -74.66   21.12   27.57   0.0005000
   69.05   27.12   52.37   0.0005000
  -38.94   29.63   38.15   0.0005000
  143.62   64.95   29.39   0.0005000
   43.97    6.77   10.50   0.0005000
  -90.94   25.42   17.50   0.0005000
 -153.58   22.73   44.68   0.0005000
 -159.66   89.51   25.82   0.0005000
  -29.93   22.60   58.61   0.0005000
  161.90   89.29   27.74   0.0005000
  143.59   61.26   20.14   0.0005000
 -165.58   83.30   49.01   0.0005000
 -149.03   43.35    9.50   0.0005000
   63.22   38.55   42.38   0.0005000
  119.15   21.88   34.90   0.0005000
  123.47   28.24   26.88   0.0005000
   53.35   45.47   39.38   0.0005000
  -74.83   15.62   22.56   0.0005000
   96.17   66.24    2.09   0.0005000
  109.43   57.74    9.95   0.0005000
  123.48   26.07   49.97   0.0005000
  -23.04   68.98   37.49   0.0005000
    4.24   76.80    2.12   0.0005000
 -174.10   43.57   25.21   0.0005000
  163.67   42.21   52.33   0.0005000
  -11.89   76.92   29.49   0.0005000
  141.28   46.91   15.39   0.0005000
    7.12   50.54   35.68   0.0005000
   74.57   15.15   45.92   0.0005000
   68.42   85.69   30.46   0.0005000
  -47.50   41.79   33.26   0.0005000
  -99.71   43.61   47.59   0.0005000
  119.34   41.23   39.47   0.0005000
  -33.96   34.03    1.24   0.0005000
 -150.16   15.91   36.91   0.0005000
   16.71   84.63   45.39   0.0005000
  -99.96   29.18    8.52   0.0005000
  108.51   31.75   -5.07   0.0005000
  148.20   77.35   43.09   0.0005000
   68.85   83.27   30.03   0.0005000
 -178.34   41.42   29.11   0.0005000
 -110.91   32.89   27.71   0.0005000
   16.02   34.96   10.11   0.0005000
 -170.83   45.38   37.35   0.0005000
   68.33   46.51   26.94   0.0005000
 -144.41   40.70   58.40   0.0005000
  146.82   67.67   30.78   0.0005000
 -168.53   82.08   35.03   0.0005000
  105.05   26.22   12.41   0.0005000
 -155.49   24.04   36.32   0.0005000
   84.39   76.15   32.41   0.0005000
  120.95   89.08   36.61   0.0005000
  124.07   40.92   15.11   0.0005000
    9.43   47.71   55.37   0.0005000
    6.03   30.90   28.48   0.0005000
  162.99   43.09   44.66   0.0005000
  -55.23    6.96   16.21   0.0005000
  -94.88   82.16   26.92   0.0005000
    9.90    3.38   54.55   0.0005000
  -98.89   27.27   18.18   0.0005000
   71.26   12.54   33.80   0.0005000
  -78.12   27.15   -1.37   0.0005000
  109.45   24.50   35.23   0.0005000
   29.99   61.94   20.31   0.0005000
   46.91   27.43   -4.36   0.0005000
 -175.73   74.82   58.53   0.0005000
  172.78   40.81   33.24   0.0005000
  134.51   34.65   28.92   0.0005000
  154.89    8.35    9.99   0.0005000
   20.04   49.28   20.54   0.0005000
   -7.07   14.03   31.36   0.0005000
  -14.46   70.59   39.96   0.0005000
   78.82   43.04   17.80   0.0005000
   91.44   52.19   12.81   0.0005000
  117.33   40.98   36.87   0.0005000
 -162.81   75.06   19.98   0.0005000
  165.88   83.77   29.06   0.0005000
   -7.80   83.48   36.60   0.0005000
   50.96   48.61   43.71   0.0005000
 -106.67   57.44   27.05   0.0005000
 -109.55   32.33   34.90   0.0005000
  -60.54   14.44   16.09   0.0005000
   68.77   57.94   20.29   0.0005000
  158.80    5.52    7.41   0.0005000
 -137.74   47.37    1.48   0.0005000
  -12.10   69.93   26.95   0.0005000
  135.57   15.73   47.86   0.0005000
 -148.68   80.68   29.22   0.0005000
 -116.16   30.95   32.27   0.0005000
  122.83   19.83   34.28   0.0005000
  128.93   69.82   50.60   0.0005000
  -37.39   70.74   18.68   0.0005000
   92.96   88.95   46.27   0.0005000
   16.96   80.32   11.47   0.0005000
  172.96   11.55   33.01   0.0005000
    0.24   85.98   25.08   0.0005000
  118.83   65.58   15.99   0.0005000
   29.03   46.94   14.93   0.0005000
   41.53   55.75   12.55   0.0005000
  109.79   24.24   39.20   0.0005000
  119.98   63.43   57.83   0.0005000
  147.25   67.38   34.28   0.0005000
   63.22   56.54    5.13   0.0005000
   47.80   85.74   42.85   0.0005000
   46.57   78.93   47.71   0.0005000
  -22.75   43.69    4.75   0.0005000
   11.54   46.85   59.85   0.0005000
   -0.11   76.11   34.96   0.0005000
  -24.53   83.10   30.42   0.0005000
 -142.99   50.33   12.34   0.0005000
  168.90   64.88   17.92   0.0005000
   30.43   29.08   41.63   0.0005000
 -126.03   50.27   13.64   0.0005000
 -104.56   32.72   16.00   0.0005000
  -10.08   40.69   -6.52   0.0005000
  103.98   43.08   11.49   0.0005000
   79.39   41.23   22.64   0.0005000
  175.41   67.09   29.87   0.0005000
  -18.37   18.58   30.09   0.0005000
   77.41   27.18   59.01   0.0005000
  -40.17   50.04    4.21   0.0005000
 -147.08   38.58    3.55   0.0005000
   53.26   13.94   -3.48   0.0005000
   67.11   28.10   42.05   0.0005000
  -45.84   56.57   12.92   0.0005000
  -19.31   78.48   53.43   0.0005000
 -119.11   58.92   34.37   0.0005000
   61.97   62.13   33.57   0.0005000
  -85.10    8.30   42.86   0.0005000
   61.25   49.91   10.70   0.0005000
  -35.14   84.80   34.20   0.0005000
  -68.87   33.54   32.42   0.0005000
   94.79   26.06   22.26   0.0005000
  159.40   57.13   15.28   0.0005000
   40.66   73.32   29.04   0.0005000
  -44.93   23.35   17.43   0.0005000
 -165.98   86.25   16.84   0.0005000
  156.96   75.74   25.34   0.0005000
  -42.16   28.96   55.63   0.0005000
  -24.84   24.13   54.85   0.0005000
  141.15   41.97   61.00   0.0005000
   91.96   13.93   53.81   0.0005000
  -60.79   37.59   20.67   0.0005000
  128.45   50.47   20.03   0.0005000
  174.82   73.19   46.07   0.0005000
  130.64   29.26   66.21   0.0005000
  -94.11   86.52   34.30   0.0005000
  -30.11   76.12   41.79   0.0005000
  111.86   50.19   11.47   0.0005000
  146.98   21.29    9.06   0.0005000
  165.19   52.24   23.06   0.0005000
 -101.38   51.56   33.37   0.0005000
 -147.88   52.71    5.39   0.0005000
   33.96   69.87   43.26   0.0005000
  171.99   66.40   38.07   0.0005000
 -130.76   21.43    4.91   0.0005000
  -72.81   39.46   16.29   0.0005000
 -154.88   54.91   58.54   0.0005000
   96.76   45.57   52.14   0.0005000
  157.77   45.85   48.33   0.0005000
    2.09   75.14   37.83   0.0005000
   -1.44   30.64   10.34   0.0005000
  -16.13   33.29   41.29   0.0005000
  145.66   45.95   34.26   0.0005000
 -165.42   74.01   26.04   0.0005000
 -124.68   14.25   -3.32   0.0005000
   68.30   32.38   24.66   0.0005000
  153.40   41.44   50.19   0.0005000
   30.75   89.07   22.90   0.0005000
  150.50   44.00    7.18   0.0005000
  -92.47   33.91   59.73   0.0005000
  -15.87   55.00   49.97   0.0005000
 -124.02   22.29   41.86   0.0005000
  -25.78   21.36   13.25   0.0005000
    0.24   55.10   44.98   0.0005000
   41.15   65.55   62.80   0.0005000
   92.20   33.34   29.74   0.0005000
   61.17   40.05   30.82   0.0005000
  -86.96   74.46    6.36   0.0005000
 -161.07   21.20    6.99   0.0005000
  155.32   75.29   16.21   0.0005000
   94.55   73.06   30.20   0.0005000
 -136.88   39.15   37.78   0.0005000
  -32.35   85.72   52.31   0.0005000
    0.70   70.84   35.59   0.0005000
  -70.87   82.35   17.85   0.0005000
   52.82    7.46   -9.64   0.0005000
   45.67   42.84   38.67   0.0005000
 -167.48   15.63   13.62   0.0005000
  138.60    3.22   22.15   0.0005000
  -92.85   88.37   32.42   0.0005000
  163.04   84.18   35.22   0.0005000
  -95.66   12.53   60.78   0.0005000
  -19.07   40.63   -3.00   0.0005000
  -53.81   75.49   58.17   0.0005000
  138.30   48.00   33.87   0.0005000
  -85.11   32.55   -2.16   0.0005000
 -162.21   58.52   20.90   0.0005000
  -12.24   38.54   18.31   0.0005000
   52.66   42.44   15.20   0.0005000
  166.79   88.17   23.50   0.0005000
 -171.05   79.58   29.74   0.0005000
  102.09   31.25   -3.59   0.0005000
  -39.93   71.85   22.76   0.0005000
  -12.86   57.23    7.50   0.0005000
 -129.78   17.14   25.65   0.0005000
  -45.53   41.62   54.03   0.0005000
 -125.22   35.74   -1.34   0.0005000
  113.17   24.54   17.14   0.0005000
  124.56   40.54   22.51   0.0005000
   11.68   69.03   33.95   0.0005000
   22.61   59.30   25.89   0.0005000
 -176.74   35.43   42.48   0.0005000
  107.49   14.44    0.03   0.0005000
    5.99   51.27   23.75   0.0005000
  177.07   76.95   23.73   0.0005000
   -0.79   75.48   -0.47   0.0005000
  128.48   27.45   30.55   0.0005000
  176.46   44.93    7.29   0.0005000
  149.09   57.08   21.29   0.0005000
 -113.45   51.35   41.08   0.0005000
   43.87   63.48   41.26   0.0005000
   10.72   66.51   52.43   0.0005000
   57.75   16.84   -2.86   0.0005000
  140.71   32.73   17.95   0.0005000
  165.73   22.39   44.65   0.0005000
  161.50   35.44   42.06   0.0005000
   10.60   75.92   55.18   0.0005000
  -22.65   78.27   50.60   0.0005000
    2.82   75.31   26.58   0.0005000
   -9.42   54.81   32.95   0.0005000
   82.02   30.77   15.05   0.0005000
   41.42   14.31    2.42   0.0005000
   17.22   40.06   15.00   0.0005000
  -41.12   11.37   65.66   0.0005000
  -47.17   34.28   20.71   0.0005000
   17.95   46.61   29.99   0.0005000
  -31.78   69.81   47.08   0.0005000
   77.40   57.85   27.65   0.0005000
  -41.20   37.62   10.61   0.0005000
  100.89   32.95   18.00   0.0005000
 -167.32   56.54   11.76   0.0005000
   46.18   48.55   14.65   0.0005000
  -22.45   37.43   43.31   0.0005000
    5.71   62.82   34.48   0.0005000
    8.16   30.25   21.19   0.0005000
   24.13   53.25   27.72   0.0005000
 -160.41   38.55   11.58   0.0005000
  -44.01   27.08   12.37   0.0005000
  -34.62   62.99   14.90   0.0005000
  -86.31   29.24   -0.76   0.0005000
  -79.08   24.61   40.46   0.0005000
 -149.61   34.68    5.15   0.0005000
  151.32   81.49   35.23   0.0005000
  127.81   49.14   22.35   0.0005000
 -128.96   16.44   -1.36   0.0005000
  154.74   45.37   52.88   0.0005000
 -130.45   36.93   36.17   0.0005000
  168.43   33.46   36.83   0.0005000
 -155.81   14.26   37.89   0.0005000
   93.78   16.63    0.42   0.0005000
   -0.45   88.21    7.78   0.0005000
   57.75   22.24   -1.46   0.0005000
 -128.82   19.92   -2.60   0.0005000
   83.61   82.50   25.41   0.0005000
  -14.72   66.27    2.53   0.0005000
  100.43   24.68   22.04   0.0005000
  156.25   64.57   35.26   0.0005000
    3.83   82.37   21.41   0.0005000
   35.75   48.06   57.93   0.0005000
   35.26   50.04    6.20   0.0005000
  113.71   18.96   39.34   0.0005000
   89.50   52.20   46.09   0.0005000
 -111.32   85.54   26.40   0.0005000
  148.74   34.79   35.50   0.0005000
 -174.64   30.23   11.74   0.0005000
   55.53   19.07   -3.80   0.0005000
  -91.23   19.76    1.08   0.0005000
   16.27   65.48   34.96   0.0005000
    4.06   57.46   35.08   0.0005000
   94.39   35.85   -1.49   0.0005000
 -129.87   39.48   48.21   0.0005000
   78.03   69.94   14.83   0.0005000
   51.44   41.63   19.93   0.0005000
 -174.19   51.62   13.26   0.0005000
   27.58   65.94   17.42   0.0005000
  149.18   56.79   14.09   0.0005000
   85.83   29.42    3.55   0.0005000
 -167.23   28.80   60.08   0.0005000
 -168.25   65.09   24.06   0.0005000
  142.97   43.06   56.69   0.0005000
  168.94   50.58   31.87   0.0005000
   85.16   32.64   57.50   0.0005000
  136.82   25.35   12.85   0.0005000
   -8.35   20.43    2.49   0.0005000
   32.12   49.95   37.29   0.0005000
 -150.70   68.13   24.96   0.0005000
    2.23   79.46   20.04   0.0005000
 -148.18   30.77    0.34   0.0005000
  -26.37   17.17   51.05   0.0005000
  153.02   19.74   58.25   0.0005000
   72.23   22.72   60.13   0.0005000
   39.87   28.90    5.57   0.0005000
 -126.93    4.08   39.07   0.0005000
 -114.53   26.32   25.88   0.0005000
   58.74   34.59   23.07   0.0005000
 -134.49   25.27   13.24   0.0005000
   74.82   38.84   24.59   0.0005000
   20.84   58.80   38.93   0.0005000
   96.78   32.11   45.52   0.0005000
  133.35   40.24   16.76   0.0005000
   86.15   25.92   40.57   0.0005000
  -19.99   18.02   46.74   0.0005000
  -36.94    4.11   44.54   0.0005000
  -18.76   65.62   39.52   0.0005000
 -103.04   22.47   19.87   0.0005000
  150.36   87.12   -0.65   0.0005000
   37.32   18.24   -3.77   0.0005000
  -77.87   33.61   51.58   0.0005000
 -150.36   23.70    3.45   0.0005000
  -31.58   29.66    1.32   0.0005000
  -20.46   56.72   -5.02   0.0005000
  166.24   80.24   49.67   0.0005000
  144.57   25.26   54.00   0.0005000
   95.52   34.50   41.65   0.0005000
  172.57   53.08   15.43   0.0005000
  134.49   33.32   57.21   0.0005000
 -179.99   84.54    1.40   0.0005000
 -156.15    7.89   27.35   0.0005000
    3.71   70.00   35.28   0.0005000
   81.09   18.21   19.59   0.0005000
  100.04   62.88   31.20   0.0005000
  168.05   44.72    5.39   0.0005000
 -141.14   54.39    3.74   0.0005000
 -158.16   52.13    8.31   0.0005000
  142.73   46.28    3.15   0.0005000
 -163.21   25.42   17.02   0.0005000
  -67.91    6.02   27.87   0.0005000
 -159.79   78.40   37.46   0.0005000
 -173.10   19.97   48.19   0.0005000
  -31.35   70.36   47.43   0.0005000
  158.05   21.73   25.95   0.0005000
 -104.07   38.58    6.59   0.0005000
  129.65   55.60   42.49   0.0005000
   22.24   36.88   10.10   0.0005000
  -75.37   33.74   34.39   0.0005000
   23.14   40.92   41.53   0.0005000
   31.47   55.26    9.80   0.0005000
  -62.59   22.99   36.90   0.0005000
  149.94   44.24    4.70   0.0005000
 -119.59   29.98   41.21   0.0005000
 -160.57   11.73   57.20   0.0005000
   34.08   30.71   49.13   0.0005000
   13.89   88.47   43.36   0.0005000
   84.05   23.28    6.46   0.0005000
 -161.69   53.39   23.98   0.0005000
   20.12   82.39   52.30   0.0005000
  -42.57   49.55   21.90   0.0005000
  -45.15   83.31   17.35   0.0005000
  -76.75   29.88   45.01   0.0005000
  152.23   74.90    1.32   0.0005000
  -52.18   47.44    8.35   0.0005000
  -37.46    1.51   56.43   0.0005000
  123.56   58.39   42.17   0.0005000
    2.30   21.67   49.53   0.0005000
  175.61   13.98   33.65   0.0005000
   85.49   27.98   49.73   0.0005000
  121.41   22.42   32.32   0.0005000
  175.32   56.14   41.08   0.0005000
   30.96   81.06   22.07   0.0005000
   67.70   27.11   63.73   0.0005000
 -141.41   54.33   60.94   0.0005000
 -158.94   21.33   59.37   0.0005000
 -169.31   81.64   27.70   0.0005000
 -150.00    8.64   30.09   0.0005000
  111.54   21.08   32.20   0.0005000
   -9.19   88.42   32.46   0.0005000
   34.17   45.78   46.84   0.0005000
  -24.28   55.07   47.18   0.0005000
  -29.47   72.03   30.66   0.0005000
   35.26   48.08   10.99   0.0005000
  -96.23   80.53    0.18   0.0005000
 -172.03   70.63   32.07   0.0005000
  114.41   24.86   28.54   0.0005000
 -117.85   34.68   49.12   0.0005000
   19.47   50.09   18.16   0.0005000
  -14.02   65.83   -6.24   0.0005000
 -136.20   10.84   25.85   0.0005000
   -2.46   69.30   27.34   0.0005000
 -126.41   52.45   43.11   0.0005000
  179.82   76.42   32.06   0.0005000
  102.72   24.23   44.39   0.0005000
  -71.21   30.37   33.20   0.0005000
   33.62   28.56    1.80   0.0005000
 -172.96   74.55   29.71   0.0005000
  149.15   33.70   59.41   0.0005000
  122.73   10.28   21.29   0.0005000
   56.58   27.90   18.29   0.0005000
   76.71   30.43   10.65   0.0005000
 -153.12   89.53   38.81   0.0005000
 -121.85   73.53   29.80   0.0005000
   76.85   25.67   15.28   0.0005000
   76.87    8.98   29.42   0.0005000
 -134.09   55.68   53.67   0.0005000
   98.32   34.50   54.70   0.0005000
 -174.34   69.91   40.72   0.0005000
 -102.98   16.42   54.62   0.0005000
  -22.91   23.09   56.11   0.0005000
   31.25   54.26   33.58   0.0005000
  -40.01   41.57   10.42   0.0005000
 -172.69   67.88   26.01   0.0005000
   89.34   89.00   23.60   0.0005000
  148.42   88.24   43.66   0.0005000
    2.43   54.77    5.70   0.0005000
  -33.90   24.48   51.86   0.0005000
 -165.16   75.13   44.68   0.0005000
  -84.39   24.29   39.66   0.0005000
  -78.49   31.72   -2.61   0.0005000
  108.32   18.98    5.22   0.0005000
  151.86   37.32   -1.76   0.0005000
 -143.16   12.25   19.62   0.0005000
  -37.76   21.69   28.83   0.0005000
  151.79   38.76   42.98   0.0005000
 -121.56   30.79   26.29   0.0005000
   44.91   23.52   40.20   0.0005000
  135.32   30.46   66.20   0.0005000
   93.13   69.69    8.63   0.0005000
 -167.58   42.74   15.80   0.0005000
  129.85   65.79   46.48   0.0005000
  154.35   57.76    3.04   0.0005000
 -157.92   76.38   31.94   0.0005000
  136.14   47.85   46.72   0.0005000
  -50.45   40.52   13.32   0.0005000
  112.04   24.56   38.65   0.0005000
  109.01   27.46   42.23   0.0005000
 -124.64   17.33   30.26   0.0005000
  146.71   66.28   25.80   0.0005000
  -41.80   80.37   39.84   0.0005000
   39.91   74.88   15.47   0.0005000
  141.61   28.89   57.42   0.0005000
  -92.19   53.65   43.79   0.0005000
  137.13   40.29   62.48   0.0005000
  -49.36   51.92   34.01   0.0005000
 -159.33   43.20   60.69   0.0005000
   17.66   14.82    7.02   0.0005000
  -57.78   41.47   23.59   0.0005000
   31.44   10.41   26.52   0.0005000
  153.45   63.40   24.85   0.0005000
   81.79   30.38   49.27   0.0005000
  131.07   47.85   25.73   0.0005000
  162.99   57.88   28.32   0.0005000
  152.57   45.00   34.25   0.0005000
    3.84   82.66   57.93   0.0005000
  -33.26   66.27   -4.05   0.0005000
  148.68   60.00   49.10   0.0005000
   66.29   46.50   46.35   0.0005000
  103.50   28.22   39.79   0.0005000
  112.88   24.48   39.09   0.0005000
 -178.37   19.33   17.80   0.0005000
  -12.21   50.85   38.24   0.0005000
 -165.78   26.12   11.07   0.0005000
   -6.29   38.82    1.49   0.0005000
  -94.63   28.68   29.45   0.0005000
   79.96   65.67   27.06   0.0005000
  -72.02   33.79   15.67   0.0005000
  123.27   36.79   36.94   0.0005000
  168.62   26.16   27.83   0.0005000
  136.12   48.51   10.22   0.0005000
  -42.13   67.85   30.01   0.0005000
   91.49   28.13   51.99   0.0005000
  116.60   37.19   23.58   0.0005000
   37.08   38.94   54.21   0.0005000
   96.38   26.81   55.72   0.0005000
 -129.21   20.60   40.43   0.0005000
  152.42   50.94   44.58   0.0005000
  154.80   76.07   16.55   0.0005000
   37.14   65.88   44.89   0.0005000
 -122.21   37.38   34.95   0.0005000
 -144.09   79.76   28.57   0.0005000
  148.56   15.70   36.36   0.0005000
 -166.84   59.04   65.68   0.0005000
   17.16   43.99   15.61   0.0005000
  167.97   69.31   33.05   0.0005000
  163.49   71.46   24.92   0.0005000
 -101.77   21.19   15.69   0.0005000
  -56.79   14.18   55.76   0.0005000
  162.27   10.57   45.91   0.0005000
  126.37   24.60   63.96   0.0005000
 -152.92   29.32   15.30   0.0005000
   -9.16   69.79   14.67   0.0005000
 -146.84   59.44   62.40   0.0005000
  103.21   30.99   36.50   0.0005000
  166.60   55.65   33.25   0.0005000
   70.68   47.88   18.57   0.0005000
  130.53   41.24   48.57   0.0005000
  150.01   33.21   20.13   0.0005000
  119.58   34.07   26.08   0.0005000
  -28.90   25.82    3.42   0.0005000
  -38.59   49.76   48.16   0.0005000
  -88.65   32.26   58.90   0.0005000
 -113.66   15.61   50.01   0.0005000
   65.49   34.18   27.91   0.0005000
 -161.63   44.05   57.00   0.0005000
 -135.72   41.10   11.66   0.0005000
  -91.56   62.78   53.95   0.0005000
  150.80   67.97   12.91   0.0005000
 -115.31   39.05   20.75   0.0005000
  -18.38   62.74   35.16   0.0005000
 -142.86   47.58   58.70   0.0005000
 -108.66   44.65   44.31   0.0005000
 -156.08   76.53   23.91   0.0005000
   -1.52   79.01   36.64   0.0005000
  -11.99   22.98   45.94   0.0005000
 -113.19   29.11   14.17   0.0005000
  126.67   26.78   53.41   0.0005000
   -0.15   86.27   16.04   0.0005000
  100.08   23.87   32.55   0.0005000
  -69.35   28.01   48.29   0.0005000
   14.76   30.36    8.69   0.0005000
 -175.70   26.75   62.92   0.0005000
 -128.97   37.54    8.59   0.0005000
 -143.48   21.32   32.07   0.0005000
  -25.71   66.24   43.65   0.0005000
  146.73   81.79   27.40   0.0005000
 -113.16   22.51   32.13   0.0005000
  159.70   88.51   24.80   0.0005000
    3.86   40.97    5.31   0.0005000
  -15.12   86.51   34.67   0.0005000
   -3.37   40.30   14.11   0.0005000
  -48.88   55.55    1.56   0.0005000
   83.28   49.59   24.39   0.0005000
   89.26   25.85   29.52   0.0005000
  -43.41   40.29    7.94   0.0005000
  163.07   76.17    4.35   0.0005000
 -104.11   27.74   12.87   0.0005000
  -22.80   34.34   44.73   0.0005000
  126.87   37.00   15.80   0.0005000
 -144.02   26.78   41.05   0.0005000
  150.71   22.26   26.28   0.0005000
   95.63   53.55    5.76   0.0005000
  108.98   20.29   36.46   0.0005000
  -53.56   76.33   21.72   0.0005000
 -151.39   56.34    9.14   0.0005000
  -24.01   57.35   38.82   0.0005000
  134.90   13.58   20.36   0.0005000
  -37.96   40.46    5.56   0.0005000
 -141.61   40.30   56.28   0.0005000
 -159.80   70.61   47.98   0.0005000
  172.12   79.32   36.75   0.0005000
   18.51   72.07   24.51   0.0005000
  -89.22   35.12   39.49   0.0005000
  153.67   73.92   12.66   0.0005000
 -119.93   49.62   11.05   0.0005000
  178.62   35.24   30.10   0.0005000
  125.89   47.49   56.79   0.0005000
   71.16   39.30   23.63   0.0005000
    0.34   51.29   22.75   0.0005000
  -73.13   34.36   27.86   0.0005000
   99.72   23.70   15.86   0.0005000
  110.88   60.92   57.81   0.0005000
  -62.03   34.03   38.37   0.0005000
 -175.87   23.85   35.82   0.0005000
   91.62   23.39   43.88   0.0005000
 -147.61   15.23    9.54   0.0005000
   45.78    1.95   14.99   0.0005000
  113.64   22.22   23.83   0.0005000
 -117.45   24.80    3.97   0.0005000
   72.90   28.67   43.31   0.0005000
 -136.28   20.00    1.05   0.0005000
  138.82   37.74   15.36   0.0005000
   27.14   27.32   61.07   0.0005000
 -157.21   16.42   23.81   0.0005000
  162.89   54.49    5.80   0.0005000
  -70.98   88.87   32.77   0.0005000
  171.62   84.92   23.03   0.0005000
   61.11   84.80    9.30   0.0005000
  176.20   60.80   42.40   0.0005000
  -97.77   36.89   54.85   0.0005000
  -34.90   25.97   12.12   0.0005000
 -128.36   25.20   -4.18   0.0005000
   -7.01   47.45   36.94   0.0005000
  -12.57   51.16   37.24   0.0005000
  -58.43   56.41   31.09   0.0005000
   62.97   33.04   49.23   0.0005000
  -30.06   60.09   10.41   0.0005000
  117.65   58.01   36.24   0.0005000
  162.18   20.54   34.32   0.0005000
 -137.07   35.57   52.53   0.0005000
  -50.90   34.28   10.14   0.0005000
   59.82   87.94   39.29   0.0005000
  -18.72   38.02   13.35   0.0005000
  179.85   71.91   41.79   0.0005000
 -132.66   84.94   33.75   0.0005000
  107.63   25.99   38.56   0.0005000
   31.68   56.26    5.62   0.0005000
    0.41   27.83   24.50   0.0005000
  151.77   28.12   55.61   0.0005000
   70.69   72.50   40.43   0.0005000
 -157.61   36.33   59.13   0.0005000
  -46.32   39.41   61.26   0.0005000
   -8.61   73.38   37.36   0.0005000
  150.53   52.07   50.90   0.0005000
  -36.78   39.41   43.39   0.0005000
   80.38   32.52   10.48   0.0005000
  -39.58   23.36    7.84   0.0005000
   27.75   55.83   16.57   0.0005000
  -18.49   76.68   29.72   0.0005000
 -115.39   32.03   29.89   0.0005000
   39.08   20.11   31.61   0.0005000
  156.07   16.12   55.50   0.0005000
 -143.85   77.85   10.26   0.0005000
 -162.98   79.69   52.30   0.0005000
 -177.78   88.27   43.26   0.0005000
 -150.02   19.75   53.14   0.0005000
  159.22   62.20   37.18   0.0005000
   45.98   43.57   38.71   0.0005000
   93.61   34.03   16.90   0.0005000
  -52.13   54.30   54.92   0.0005000
   26.34   73.32   50.48   0.0005000
    6.13   12.95   19.27   0.0005000
   87.66   39.72    3.34   0.0005000
 -137.97   35.42   51.01   0.0005000
 -154.64   58.72   11.77   0.0005000
  122.81   68.11   46.74   0.0005000
 -107.27   30.99   37.08   0.0005000
  133.74   49.01   51.80   0.0005000
  -93.27   24.51    7.91   0.0005000
 -104.48   35.67   64.66   0.0005000
  146.12   36.80   40.13   0.0005000
   57.32   34.42   -1.66   0.0005000
   13.99    9.05   10.13   0.0005000
  -40.64   55.87   13.24   0.0005000
  -47.27   19.44   26.75   0.0005000
 -165.38   84.00   53.13   0.0005000
  149.23   72.21   41.00   0.0005000
  -86.72   19.43   51.77   0.0005000
   73.55   18.12   21.47   0.0005000
  150.61   51.73   34.06   0.0005000
 -134.08   45.06   13.45   0.0005000
   77.48   19.06    7.37   0.0005000
   34.96   54.83   41.76   0.0005000
 -107.72   33.60   21.77   0.0005000
   86.96   51.85   20.97   0.0005000
   32.43   42.92   12.47   0.0005000
   42.47   41.30    2.93   0.0005000
  145.05   43.02   54.25   0.0005000
  126.43   33.78   26.98   0.0005000
   80.29   24.14   32.73   0.0005000
 -175.55   69.83   26.23   0.0005000
   26.74   73.47   12.20   0.0005000
   51.97   32.73   -4.49   0.0005000
  -58.54   32.30   15.57   0.0005000
   59.36   29.17   46.68   0.0005000
   82.21   45.79   54.97   0.0005000
   -6.16   25.73   45.76   0.0005000
   54.75   32.97   24.76   0.0005000
  -44.88   76.01   25.83   0.0005000
 -151.14   77.34   28.93   0.0005000
   76.10   38.03   39.16   0.0005000
   11.16   25.94   23.49   0.0005000
 -159.32   39.43   15.60   0.0005000
 -158.41   77.08   21.07   0.0005000
  -43.42   46.27    6.17   0.0005000
   -4.25   39.38   26.35   0.0005000
  -44.43   42.99   52.43   0.0005000
    7.70   63.70   20.74   0.0005000
 -162.58   67.12   39.14   0.0005000
  -89.43   10.49   25.52   0.0005000
  152.31   85.68   33.27   0.0005000
    3.54   84.88   28.98   0.0005000
 -136.70   22.16   -7.67   0.0005000
   59.84   33.52   31.87   0.0005000
 -167.22   79.59   12.35   0.0005000
   92.67   60.72   19.99   0.0005000
  113.11   70.86    3.42   0.0005000
 -103.08   65.76   18.95   0.0005000
  106.18   25.86   -1.97   0.0005000
 -130.57   39.38   44.20   0.0005000
   13.67   41.01    6.54   0.0005000
  169.17   65.35   11.03   0.0005000
  -38.72   41.33   58.82   0.0005000
  157.35   40.29    3.66   0.0005000
    7.75   27.26   25.61   0.0005000
 -108.75   14.26   39.30   0.0005000
    0.28   52.92   32.72   0.0005000
   81.71   49.31   43.14   0.0005000
  -48.43   34.89   10.71   0.0005000
 -100.10   28.13   47.52   0.0005000
 -124.05   27.98   21.47   0.0005000
  -90.60   88.40   42.55   0.0005000
  137.82   45.92    8.15   0.0005000
    6.53   40.38    7.53   0.0005000
  172.56   72.75   56.10   0.0005000
 -143.20   24.42   48.99   0.0005000
  139.35   61.61    0.81   0.0005000
   32.61   77.48   48.34   0.0005000
    6.24   58.40   22.70   0.0005000
 -146.27   72.61   11.89   0.0005000
   99.94   28.56   50.36   0.0005000
 -133.52   41.26   51.62   0.0005000
  -20.22   62.15   25.34   0.0005000
   16.75   78.10   28.46   0.0005000
   -3.91   27.76   53.89   0.0005000
    4.54   70.87   24.54   0.0005000
  124.05   43.15   59.76   0.0005000
   73.04   53.78   39.24   0.0005000
 -136.15   46.47   25.47   0.0005000
 -144.12   11.67   49.69   0.0005000
   92.21   44.29   15.10   0.0005000
   24.57   56.55   53.44   0.0005000
  -19.88   46.77   41.45   0.0005000
 -107.46   11.06   12.89   0.0005000
 -115.03   22.26   37.27   0.0005000
  -99.97   24.93   11.79   0.0005000
 -152.50   25.97   47.25   0.0005000
   52.99   25.07   15.60   0.0005000
  122.22   21.30   31.24   0.0005000
  -21.44   56.54   12.66   0.0005000
 -145.44   57.75   60.29   0.0005000
  -11.48   76.21   34.96   0.0005000
  176.30   81.24   33.45   0.0005000
  -91.47   12.62   57.13   0.0005000
  -15.43   78.49   29.43   0.0005000
  -57.48   41.50   18.21   0.0005000
  -13.59   80.81   27.32   0.0005000
  -63.98   28.63   16.46   0.0005000
  -16.83   69.24   49.11   0.0005000
 -112.48   14.15   19.96   0.0005000
  -37.16   49.59   53.43   0.0005000
 -164.75   55.31   38.96   0.0005000
   27.90   51.03   61.02   0.0005000
  -90.56   13.31   56.86   0.0005000
  -36.27   25.84   37.44   0.0005000
   99.32   48.18   21.52   0.0005000
  113.68   46.57   16.53   0.0005000
 -119.36   20.07   27.18   0.0005000
  167.31   68.09   -0.35   0.0005000
 -167.56    7.18   24.84   0.0005000
   -8.43   87.44   25.75   0.0005000
  -80.64   26.13   21.17   0.0005000
 -153.28   35.01    8.54   0.0005000
  127.10   32.76    8.55   0.0005000
    9.14   59.99   37.32   0.0005000
  178.03   41.30   34.44   0.0005000
   77.95   32.00    8.97   0.0005000
  149.99   47.55    3.11   0.0005000
   29.59   69.50   14.45   0.0005000
    9.29   66.64   63.60   0.0005000
  -90.22   51.07   50.32   0.0005000
   58.28   35.68   34.64   0.0005000
  122.46   35.62   40.18   0.0005000
  -83.94   15.70   41.48   0.0005000
  102.19   20.62   -4.97   0.0005000
   15.78   59.71   60.91   0.0005000
 -173.73   27.04   26.98   0.0005000
 -155.39   71.86   36.45   0.0005000
  -11.78   60.69   18.94   0.0005000
  168.14   67.05   30.61   0.0005000
   25.07   75.15    9.35   0.0005000
  161.42   49.14   23.24   0.0005000
   71.64   29.55   43.61   0.0005000
   21.39   32.41   13.64   0.0005000
  -93.38   29.60   40.50   0.0005000
  -79.46   55.84   59.47   0.0005000
  -18.77   33.80    5.86   0.0005000
  -16.48   22.09   20.43   0.0005000
 -124.05   43.86    1.57   0.0005000
  157.02   57.05   40.15   0.0005000
  -97.43    7.33   60.92   0.0005000
  -63.81   53.15   22.93   0.0005000
   50.84   22.64   40.54   0.0005000
 -137.92   34.81   28.65   0.0005000
 -144.82   32.78   -0.49   0.0005000
  -95.98   31.29   42.21   0.0005000
 -101.88   18.38    5.42   0.0005000
  149.28   15.83   50.08   0.0005000
 -149.02   21.89   53.52   0.0005000
   75.56   80.99   34.07   0.0005000
  119.75   44.88   17.86   0.0005000
 -161.05    3.40   24.17   0.0005000
  -57.82   72.21   36.44   0.0005000
  -10.57   81.66   27.99   0.0005000
   64.17   15.79   -0.37   0.0005000
   10.17   73.33   37.95   0.0005000
    2.96   62.16    1.22   0.0005000
 -153.18   81.62   31.24   0.0005000
   18.46   74.29    7.44   0.0005000
    2.24   83.77   30.89   0.0005000
  -18.33   57.56    4.62   0.0005000
  126.53   49.22   19.69   0.0005000
   -9.26   82.97   25.86   0.0005000
  100.87   21.52   53.32   0.0005000
  -36.27   27.43    3.65   0.0005000
   -2.83   31.76   46.87   0.0005000
  161.61   50.70   19.21   0.0005000
 -142.06    5.75   -1.86   0.0005000
  -12.75   84.85   37.52   0.0005000
  128.72   89.33   47.42   0.0005000
    4.91   78.95   56.20   0.0005000
  150.58   87.29   27.86   0.0005000
  152.04   44.57   11.91   0.0005000
  165.94   37.43   47.93   0.0005000
 -101.46   35.84   13.28   0.0005000
  -15.55   54.95   41.97   0.0005000
  144.31   20.83   21.40   0.0005000
  168.98   19.67   26.31   0.0005000
 -115.21   25.77   36.22   0.0005000
  163.71   60.25   43.59   0.0005000
   61.70   28.20   39.38   0.0005000
 -175.83   34.57   34.00   0.0005000
  108.36   35.17   51.11   0.0005000
  -82.74   49.12   46.53   0.0005000
  122.95   45.81   17.87   0.0005000
 -171.15   65.15   34.32   0.0005000
  162.21   18.16   12.19   0.0005000
  -81.36   89.30   35.24   0.0005000
  145.30   27.25   56.10   0.0005000
  -13.51   64.76   35.95   0.0005000
  136.81   20.04   53.68   0.0005000
  -88.30   41.08   32.97   0.0005000
  123.86   46.90   42.27   0.0005000
 -147.01   60.30   62.96   0.0005000
  115.84   76.89   35.44   0.0005000
  154.22   81.68    6.43   0.0005000
   29.23   73.11   47.27   0.0005000
  -31.63   50.54   -2.96   0.0005000
   99.44   44.60   17.11   0.0005000
 -170.95   58.47   21.41   0.0005000
   -3.22   44.84   28.66   0.0005000
 -161.84   46.02   37.12   0.0005000
   68.83   78.46    3.89   0.0005000
  -85.57   13.31   13.43   0.0005000
  159.75    9.62   45.89   0.0005000
  171.69   45.30   30.21   0.0005000
  -31.80   46.97    8.86   0.0005000
   20.01   32.23   14.97   0.0005000
   15.40   49.41   37.59   0.0005000
   62.32   41.40    9.67   0.0005000
   16.84   80.16   34.25   0.0005000
  170.04   32.15   29.68   0.0005000
  -63.82   33.23   17.74   0.0005000
  106.77   85.86   39.78   0.0005000
  -91.66   27.63   26.80   0.0005000
 -113.13   81.09   17.93   0.0005000
  144.58   40.05   16.28   0.0005000
  -66.71   30.05   32.87   0.0005000
  -63.40   28.69   15.66   0.0005000
   55.87   57.62   28.77   0.0005000
   32.04   63.88    7.26   0.0005000
 -113.18   59.03   21.56   0.0005000
  -10.23   46.32   42.13   0.0005000
   32.92   75.13   46.25   0.0005000
  -12.04   37.57   50.23   0.0005000
    2.15   53.44   32.61   0.0005000
   27.52   60.52   43.54   0.0005000
 -149.64   87.53   39.79   0.0005000
  170.09   71.33   28.12   0.0005000
  129.29   46.05   13.00   0.0005000
  152.95   24.86   33.33   0.0005000
  102.97   56.26   54.06   0.0005000
  116.86   35.37   40.06   0.0005000
  179.18   89.93   33.70   0.0005000
  170.59   35.46   39.24   0.0005000
  147.11   88.61    2.83   0.0005000
   58.67   37.82   -2.26   0.0005000
   92.45   20.41   -0.92   0.0005000
   71.74   89.62   50.65   0.0005000
   14.93   75.67   25.69   0.0005000
  169.02   81.62   29.00   0.0005000
  -96.64   15.09   47.71   0.0005000
   18.78   48.80   27.21   0.0005000
  136.06   50.02   39.19   0.0005000
 -133.96   47.74   58.71   0.0005000
   84.26   53.76   23.19   0.0005000
  177.53   75.13   33.44   0.0005000
   25.60   25.05    9.50   0.0005000
   33.53   22.25   56.44   0.0005000
 -148.59   22.63    9.05   0.0005000
 -130.59   76.07   11.98   0.0005000
 -112.75   22.54   44.56   0.0005000
  163.72   74.22   23.10   0.0005000
   -4.46   17.07   30.58   0.0005000
   89.57   88.12   51.60   0.0005000
   39.79   48.74   57.27   0.0005000
 -152.27   48.00   17.74   0.0005000
  104.00   84.95   18.37   0.0005000
  -79.53   45.46   29.79   0.0005000
 -126.59   32.84   -3.65   0.0005000
 -145.92   79.32   17.11   0.0005000
 -157.45   68.85   28.65   0.0005000
   97.60   31.41   36.83   0.0005000
  -25.78   32.06   51.94   0.0005000
 -132.01   19.47   43.36   0.0005000
 -141.15   35.06   53.57   0.0005000
   -1.24   81.84   32.44   0.0005000
  127.63   20.11   21.55   0.0005000
  -24.68   39.92    4.96   0.0005000
    5.23   84.20    0.78   0.0005000
    0.21   16.48   36.55   0.0005000
 -149.75   71.97   18.45   0.0005000
  -89.84   17.14    6.41   0.0005000
 -125.31   21.88   36.59   0.0005000
  -47.20   35.19   60.68   0.0005000
 -139.60   26.02   50.00   0.0005000
  -80.93   22.52   53.80   0.0005000
 -154.49   59.86   51.07   0.0005000
  177.96   86.03   34.08   0.0005000
  -10.93   53.75   35.08   0.0005000
  -62.34   35.15   10.76   0.0005000
  146.83   73.78   24.04   0.0005000
 -150.06   57.53   54.98   0.0005000
 -107.78   10.09   61.06   0.0005000
 -146.19   30.93    3.28   0.0005000
 -158.56   31.73   16.93   0.0005000
  151.90   58.00   37.75   0.0005000
   -0.48   27.60   16.23   0.0005000
 -120.63   29.32   37.25   0.0005000
   44.07   47.99   59.90   0.0005000
   40.07   52.57   51.46   0.0005000
  157.68   71.81   33.74   0.0005000
   -8.45   36.57   27.87   0.0005000
  173.01   77.94   36.03   0.0005000
 -147.16   39.48   57.04   0.0005000
    5.22   53.93    3.70   0.0005000
  -77.78   62.95   35.09   0.0005000
 -131.43   23.48   38.57   0.0005000
  -70.01   29.92    4.79   0.0005000
 -162.51   27.45   49.61   0.0005000
   66.35   24.35   11.87   0.0005000
  -33.42   71.28   35.13   0.0005000
   58.03   35.32   20.70   0.0005000
  135.91   17.23   19.99   0.0005000
   13.67   66.31   46.38   0.0005000
  178.23   69.39   44.40   0.0005000
  -74.80   29.73   43.34   0.0005000
   52.75    0.00    0.00   0.0005000
   20.33   40.81   62.12   0.0005000
  -21.24   51.95   10.59   0.0005000
  144.96   32.59   43.67   0.0005000
   -5.58   41.86   -3.06   0.0005000
   86.19   20.77    2.41   0.0005000
   64.77   33.57    4.54   0.0005000
  147.88   14.83    7.51   0.0005000
   15.98   68.19   27.31   0.0005000
 -139.26   19.72   48.40   0.0005000
  166.29   51.90   33.22   0.0005000
