MORPHOLOGY AT STRAIN =    1.0000  FOR PHASE  1
   1.645   1.645   0.364  <-- AXES OF PHASE ELLIPSOID
   37.57    0.00    0.00  <-- EULER ANGLES OF PHASE ELLIPSOID (deg)
   1.559   1.711   0.370  <-- AVERAGE OF GRAIN AXES FOR PHASE
   0.027   0.010   0.024  <-- STANDARD DEV OF AVG GRAIN AXES FOR PHASE
B       500
   44.28    1.60  -77.93     0.002000       1.6188    1.6886    0.3602
 -164.45    2.34  -82.54     0.002000       1.5354    1.7395    0.3689
  170.58    2.08  -97.76     0.002000       1.6230    1.7097    0.3547
   65.02    1.16  -94.83     0.002000       1.5132    1.7396    0.3745
  -17.32    1.36   78.85     0.002000       1.6158    1.7276    0.3525
   25.01    0.91   95.78     0.002000       1.6728    1.6970    0.3465
   94.09    1.92  -84.15     0.002000       1.5254    1.7417    0.3709
   43.53    2.68   88.70     0.002000       1.5753    1.7464    0.3579
 -134.50    1.81   93.32     0.002000       1.5836    1.6892    0.3683
   66.15    2.08  -80.78     0.002000       1.5492    1.7316    0.3673
  138.35    1.64 -101.27     0.002000       1.6108    1.7266    0.3538
 -140.02    0.91   99.46     0.002000       1.6306    1.7339    0.3479
  -33.80    1.50   79.85     0.002000       1.5326    1.7309    0.3715
   37.64    2.08   95.21     0.002000       1.5992    1.7206    0.3578
   63.53    2.16  -84.07     0.002000       1.5925    1.7231    0.3588
   61.27    1.32  -71.42     0.002000       1.6240    1.7312    0.3499
  131.95    1.07  -98.55     0.002000       1.5945    1.7543    0.3518
  -90.66    2.39   94.73     0.002000       1.5320    1.7422    0.3692
  -95.48    2.55  100.27     0.002000       1.5636    1.7318    0.3638
  -98.58    2.68   93.30     0.002000       1.5403    1.7433    0.3669
 -134.37    2.59  100.13     0.002000       1.5654    1.7320    0.3633
 -141.93    2.28  -95.10     0.002000       1.5314    1.7393    0.3700
  -76.91    2.39   88.86     0.002000       1.6466    1.7135    0.3487
  179.83    1.94  -80.60     0.002000       1.6216    1.7095    0.3551
 -140.27    2.85  -87.94     0.002000       1.5487    1.7419    0.3652
    7.60    2.02  101.56     0.002000       1.5318    1.7392    0.3699
 -158.50    0.86  -82.54     0.002000       1.6348    1.7302    0.3477
  169.84    1.73  -96.49     0.002000       1.5211    1.7381    0.3728
   -1.05    0.90   94.85     0.002000       1.6041    1.7506    0.3503
   78.39    0.00    0.00     0.002000       1.5259    1.7280    0.3738
 -150.44    2.54  -88.21     0.002000       1.5939    1.7339    0.3562
  -28.42    1.94  100.28     0.002000       1.5538    1.7218    0.3683
  175.44    2.21 -104.35     0.002000       1.5405    1.7364    0.3683
   45.30    1.92  -75.68     0.002000       1.6265    1.7138    0.3531
 -177.86    2.29  -97.26     0.002000       1.5788    1.7133    0.3641
 -153.88    2.55 -101.28     0.002000       1.5694    1.7281    0.3632
  173.56    1.82  -91.11     0.002000       1.6040    1.7094    0.3591
   69.15    1.64  -88.10     0.002000       1.5196    1.7409    0.3726
  141.75    2.75  -86.48     0.002000       1.5777    1.7348    0.3598
 -154.50    1.34  -89.45     0.002000       1.6041    1.7404    0.3525
  -11.08    0.00    0.00     0.002000       1.5087    1.7410    0.3753
  -30.14    1.91   76.36     0.002000       1.6459    1.7167    0.3482
   14.15    1.53   77.64     0.002000       1.6194    1.7158    0.3542
  -29.63    1.86   95.19     0.002000       1.5906    1.6923    0.3660
  -16.87    2.51   83.22     0.002000       1.5449    1.7410    0.3663
   26.77    0.00    0.00     0.002000       1.5083    1.7384    0.3760
    7.85    0.00    0.00     0.002000       1.5057    1.7390    0.3765
  134.39    0.00    0.00     0.002000       1.5111    1.7394    0.3751
   63.58    0.00    0.00     0.002000       1.5080    1.7375    0.3762
  -50.91    1.06   87.88     0.002000       1.5109    1.7387    0.3753
  -51.23    2.99   86.46     0.002000       1.5702    1.7421    0.3600
   33.76    2.78   87.23     0.002000       1.5792    1.7390    0.3585
   36.56    0.00    0.00     0.002000       1.5343    1.7173    0.3741
   -4.40    1.51  111.16     0.002000       1.6230    1.7163    0.3533
  -45.66    1.11  118.41     0.002000       1.6038    1.6524    0.3719
  -92.83    2.88   98.00     0.002000       1.5544    1.7428    0.3636
   51.02    1.61  -84.98     0.002000       1.6072    1.7139    0.3574
   99.55    0.00    0.00     0.002000       1.5124    1.7369    0.3753
    7.52    0.00    0.00     0.002000       1.6559    1.7145    0.3464
  -45.79    1.73   92.14     0.002000       1.5856    1.7522    0.3542
  148.49    0.93  -91.01     0.002000       1.6074    1.7495    0.3498
   49.63    1.51  -79.03     0.002000       1.6108    1.7134    0.3567
   74.47    0.00    0.00     0.002000       1.5123    1.7382    0.3750
  -34.53    1.12   90.15     0.002000       1.6147    1.7436    0.3494
  127.99    0.00    0.00     0.002000       1.5087    1.7384    0.3759
   73.25    1.66  -83.58     0.002000       1.5967    1.6894    0.3652
  156.70    2.49  -85.29     0.002000       1.5855    1.7256    0.3599
   -8.88    1.36  112.71     0.002000       1.6074    1.6650    0.3682
 -136.23    1.60   91.43     0.002000       1.5172    1.7385    0.3737
  144.42    2.01  -96.68     0.002000       1.5943    1.7095    0.3613
  -58.30    2.87   85.56     0.002000       1.5749    1.7380    0.3598
   38.24    1.82   74.03     0.002000       1.6342    1.7142    0.3512
  112.97    1.65 -112.79     0.002000       1.6275    1.7188    0.3518
  155.96    1.69  -95.28     0.002000       1.5201    1.7386    0.3729
 -153.54    1.61  -91.18     0.002000       1.6001    1.7402    0.3534
   94.09    0.91  -85.62     0.002000       1.6050    1.7517    0.3499
  143.52    2.32  -85.90     0.002000       1.5350    1.7409    0.3687
  163.68    1.55 -110.63     0.002000       1.6147    1.6987    0.3590
  -45.94    3.02   87.80     0.002000       1.5631    1.7442    0.3612
 -172.28    1.93  -96.51     0.002000       1.6177    1.7075    0.3564
   -6.92    2.53   85.36     0.002000       1.5452    1.7405    0.3663
   59.88    2.18  -87.66     0.002000       1.5798    1.7509    0.3559
  103.05    2.85  -86.15     0.002000       1.5617    1.7433    0.3618
  -64.94    2.06   93.73     0.002000       1.6054    1.7241    0.3556
  -38.86    0.00    0.00     0.002000       1.6828    1.6904    0.3457
  -27.55    2.80   95.74     0.002000       1.5829    1.7373    0.3580
 -103.69    0.88   99.20     0.002000       1.5076    1.7395    0.3759
  -39.11    1.76   93.49     0.002000       1.5856    1.7517    0.3543
   59.38    1.48 -102.00     0.002000       1.6124    1.6932    0.3607
  -58.55    1.77   77.59     0.002000       1.5232    1.7412    0.3716
  174.12    2.74  -93.55     0.002000       1.5469    1.7408    0.3659
  122.17    2.92  -96.08     0.002000       1.5610    1.7439    0.3618
 -128.97    2.39   97.98     0.002000       1.6407    1.7137    0.3499
 -110.23    2.19   88.17     0.002000       1.5753    1.7094    0.3658
  -53.77    1.12   95.49     0.002000       1.6210    1.7418    0.3484
    5.88    1.50  110.15     0.002000       1.6168    1.7102    0.3560
 -103.47    2.35   99.66     0.002000       1.5501    1.7322    0.3669
   -8.04    2.72   84.19     0.002000       1.5578    1.7400    0.3634
   -5.25    2.24   98.92     0.002000       1.5723    1.7197    0.3643
  -88.02    2.25   93.16     0.002000       1.5913    1.7406    0.3554
  151.85    1.68  -80.80     0.002000       1.5346    1.7315    0.3709
  -44.05    1.60   98.70     0.002000       1.6621    1.7048    0.3471
  -42.89    2.13  102.67     0.002000       1.5455    1.7324    0.3680
  -61.62    1.80  107.01     0.002000       1.5252    1.7403    0.3713
  133.51    0.00    0.00     0.002000       1.6484    1.7194    0.3470
  123.91    0.00    0.00     0.002000       1.5090    1.7365    0.3762
   65.48    2.89  -92.52     0.002000       1.5668    1.7461    0.3600
  -37.63    1.38   66.29     0.002000       1.6133    1.6638    0.3671
   26.91    1.76   90.37     0.002000       1.6014    1.6986    0.3620
   62.01    2.78  -84.21     0.002000       1.5566    1.7443    0.3628
  -34.74    2.61  101.01     0.002000       1.5501    1.7405    0.3651
   65.99    2.42  -80.73     0.002000       1.5727    1.7318    0.3616
 -171.91    1.27  -92.80     0.002000       1.5646    1.6950    0.3716
  100.98    1.47 -109.46     0.002000       1.6127    1.7061    0.3578
  158.92    1.61 -113.05     0.002000       1.6231    1.7167    0.3532
   64.09    0.00    0.00     0.002000       1.5413    1.7117    0.3736
  -55.59    1.58  110.18     0.002000       1.6162    1.7011    0.3581
  -27.78    2.36   83.77     0.002000       1.5665    1.7261    0.3643
 -145.77    2.95  -97.34     0.002000       1.5672    1.7384    0.3615
 -135.78    1.24  -92.60     0.002000       1.5129    1.7376    0.3750
   28.87    1.96  -72.79     0.002000       1.6350    1.7145    0.3510
  102.61    0.00    0.00     0.002000       1.6341    1.7299    0.3480
 -115.74    1.49   89.36     0.002000       1.5142    1.7396    0.3742
   65.66    1.85  -89.43     0.002000       1.5941    1.7036    0.3627
  -14.70    2.41   97.15     0.002000       1.5919    1.7253    0.3585
 -117.63    0.92   96.57     0.002000       1.5081    1.7393    0.3758
   85.82    0.00    0.00     0.002000       1.6620    1.7083    0.3464
  -34.16    2.04   98.12     0.002000       1.5621    1.7174    0.3673
   81.99    0.00    0.00     0.002000       1.5859    1.6656    0.3732
  169.48    2.63  -95.05     0.002000       1.5792    1.7465    0.3569
 -173.82    1.07  -87.39     0.002000       1.6004    1.7503    0.3512
  138.91    2.00  -86.05     0.002000       1.5267    1.7402    0.3709
   95.20    1.86  -75.22     0.002000       1.6380    1.7194    0.3493
   20.87    0.00    0.00     0.002000       1.5072    1.7398    0.3759
 -153.23    1.24 -109.68     0.002000       1.5154    1.7377    0.3743
  -28.81    1.53  105.46     0.002000       1.6143    1.6989    0.3590
   98.77    2.62  -92.53     0.002000       1.5448    1.7436    0.3657
 -113.37    2.65   96.12     0.002000       1.5401    1.7432    0.3670
 -177.26    1.37  -82.42     0.002000       1.6133    1.7308    0.3524
   34.20    2.11  -76.16     0.002000       1.5377    1.7402    0.3682
   89.96    2.42  -84.12     0.002000       1.5822    1.7291    0.3599
   17.57    0.00    0.00     0.002000       1.5075    1.7394    0.3760
    1.61    2.92   91.99     0.002000       1.5644    1.7423    0.3613
   44.20    2.73  -83.43     0.002000       1.5760    1.7381    0.3595
 -152.18    2.25  -89.46     0.002000       1.5972    1.7347    0.3553
   36.73    1.55  -73.62     0.002000       1.5293    1.7365    0.3711
  -41.39    2.14  104.57     0.002000       1.5339    1.7405    0.3691
    2.12    2.24   92.70     0.002000       1.5827    1.7477    0.3559
  134.72    0.00    0.00     0.002000       1.6824    1.6877    0.3464
   18.38    1.27   73.76     0.002000       1.5216    1.7373    0.3728
 -155.29    1.10  -77.69     0.002000       1.5347    1.7223    0.3729
  131.01    0.00    0.00     0.002000       1.5315    1.7210    0.3740
 -112.55    2.68   93.89     0.002000       1.5898    1.7327    0.3574
  -39.02    2.42   99.53     0.002000       1.5853    1.7254    0.3600
  -15.44    2.74   95.75     0.002000       1.5812    1.7416    0.3575
  -35.46    2.51   86.61     0.002000       1.5406    1.7417    0.3672
  -38.29    0.00    0.00     0.002000       1.5089    1.7396    0.3756
 -178.23    2.81  -85.73     0.002000       1.5800    1.7328    0.3597
 -116.46    1.18   91.50     0.002000       1.6114    1.7465    0.3496
   84.06    2.20  -91.71     0.002000       1.5317    1.7424    0.3692
   24.46    2.08  102.39     0.002000       1.5334    1.7406    0.3692
   33.65    0.00    0.00     0.002000       1.5075    1.7381    0.3762
  140.62    2.43  -81.62     0.002000       1.5500    1.7371    0.3659
    3.17    1.73   92.15     0.002000       1.5795    1.6954    0.3679
  172.63    2.13  -85.40     0.002000       1.5955    1.7157    0.3597
   48.55    0.00    0.00     0.002000       1.5420    1.7102    0.3738
  -33.38    1.96   86.80     0.002000       1.6192    1.7100    0.3555
   95.54    1.56 -107.75     0.002000       1.6346    1.7263    0.3486
  103.36    0.00    0.00     0.002000       1.6535    1.7144    0.3470
  -83.81    1.91   89.57     0.002000       1.5998    1.7108    0.3598
   62.01    2.28  -97.19     0.002000       1.5845    1.7255    0.3602
  158.77    2.22  -93.46     0.002000       1.5994    1.7310    0.3555
 -170.65    3.08  -91.90     0.002000       1.5690    1.7432    0.3601
  -14.76    2.67   90.68     0.002000       1.5486    1.7410    0.3654
  -18.65    0.00    0.00     0.002000       1.5058    1.7403    0.3762
 -121.92    1.83   84.58     0.002000       1.5204    1.7398    0.3726
  -16.38    0.00    0.00     0.002000       1.5232    1.7301    0.3740
 -157.33    2.15  -98.14     0.002000       1.5297    1.7384    0.3706
  147.12    2.59  -84.24     0.002000       1.5760    1.7304    0.3611
  -72.76    3.09   94.30     0.002000       1.5664    1.7452    0.3602
   60.33    0.00    0.00     0.002000       1.5074    1.7376    0.3764
   27.07    0.91   85.61     0.002000       1.6116    1.7474    0.3493
 -133.36    2.76  -99.70     0.002000       1.5569    1.7382    0.3640
  -10.63    1.70   85.23     0.002000       1.6011    1.6878    0.3645
   69.39    1.67  -86.89     0.002000       1.6160    1.6994    0.3585
   50.19    0.00    0.00     0.002000       1.5081    1.7388    0.3759
   22.25    1.49   83.34     0.002000       1.6125    1.7103    0.3570
  100.38    1.53  -79.49     0.002000       1.6135    1.7146    0.3558
  100.16    2.55  -83.13     0.002000       1.5462    1.7426    0.3656
   55.76    2.40  -91.67     0.002000       1.5930    1.7311    0.3570
   32.05    2.55  101.00     0.002000       1.5590    1.7381    0.3635
   84.38    0.00    0.00     0.002000       1.5542    1.6985    0.3734
  165.28    1.03 -118.70     0.002000       1.5196    1.7358    0.3737
  103.03    0.00    0.00     0.002000       1.6307    1.7327    0.3481
   28.11    2.34   94.78     0.002000       1.5394    1.7403    0.3678
   72.11    1.65  -89.44     0.002000       1.5841    1.7537    0.3543
  -45.21    2.66   94.44     0.002000       1.5780    1.7473    0.3570
 -125.24    1.05   83.34     0.002000       1.6010    1.7531    0.3505
 -147.52    2.76  -81.78     0.002000       1.5521    1.7402    0.3647
   -7.79    0.00    0.00     0.002000       1.5086    1.7407    0.3754
  -76.44    2.55   89.11     0.002000       1.5373    1.7425    0.3678
    1.42    1.00   87.54     0.002000       1.5514    1.7069    0.3722
  132.03    1.94 -105.87     0.002000       1.5303    1.7404    0.3700
 -123.56    2.14  105.14     0.002000       1.6377    1.7167    0.3500
   -3.56    1.32   72.61     0.002000       1.6224    1.7253    0.3515
  -38.89    2.78   84.05     0.002000       1.5565    1.7413    0.3634
  -40.28    2.00   90.29     0.002000       1.5260    1.7398    0.3712
 -101.27    3.13   90.69     0.002000       1.5645    1.7464    0.3605
   52.56    2.82  -84.97     0.002000       1.5738    1.7433    0.3589
   -3.44    0.00    0.00     0.002000       1.5336    1.7197    0.3737
  104.31    1.39 -104.75     0.002000       1.5157    1.7414    0.3734
 -146.48    2.24  -93.06     0.002000       1.5306    1.7388    0.3703
  126.20    1.90  -82.02     0.002000       1.6210    1.7118    0.3547
  178.19    1.24  -81.66     0.002000       1.6616    1.7066    0.3468
  176.86    0.82  -89.63     0.002000       1.6318    1.7318    0.3481
   12.16    1.67   91.33     0.002000       1.5238    1.7372    0.3723
   21.55    0.00    0.00     0.002000       1.5198    1.7316    0.3745
   29.00    1.97   93.50     0.002000       1.6067    1.7204    0.3561
 -114.68    2.27   91.62     0.002000       1.6265    1.7125    0.3533
   24.84    2.83   86.56     0.002000       1.5740    1.7390    0.3598
  -86.81    1.74   97.04     0.002000       1.6086    1.7151    0.3568
  117.87    1.78  -97.02     0.002000       1.5853    1.7511    0.3545
  125.95    1.33 -108.77     0.002000       1.5281    1.7327    0.3722
   99.87    1.86  -81.10     0.002000       1.5399    1.7326    0.3693
   92.12    1.50  -90.60     0.002000       1.6617    1.7049    0.3472
   50.01    2.50   83.95     0.002000       1.5793    1.7309    0.3602
  -32.63    2.74   90.61     0.002000       1.5490    1.7422    0.3650
 -149.80    2.11  -77.84     0.002000       1.6286    1.7125    0.3529
  -90.95    2.64   80.31     0.002000       1.5553    1.7383    0.3643
  133.85    0.00    0.00     0.002000       1.6824    1.6893    0.3460
   91.71    1.12  -79.83     0.002000       1.6161    1.7388    0.3501
 -127.16    1.49  107.13     0.002000       1.6178    1.7259    0.3524
  -10.90    0.99   89.52     0.002000       1.5984    1.7524    0.3513
  -53.81    2.39   84.21     0.002000       1.5705    1.7242    0.3637
   21.78    1.91   89.16     0.002000       1.6026    1.7152    0.3582
  118.88    0.95  -91.73     0.002000       1.6057    1.7491    0.3503
 -142.41    1.70  110.71     0.002000       1.6256    1.7183    0.3523
  -23.90    2.41   89.59     0.002000       1.5953    1.7328    0.3561
  177.06    1.61 -106.89     0.002000       1.6183    1.7202    0.3535
  146.39    0.90 -101.00     0.002000       1.6106    1.7476    0.3495
 -151.71    1.08  -96.33     0.002000       1.5996    1.7522    0.3510
 -128.10    0.95   86.28     0.002000       1.5097    1.7379    0.3757
 -142.29    2.58 -100.57     0.002000       1.5751    1.7277    0.3619
  116.22    2.73  -91.40     0.002000       1.5730    1.7476    0.3582
  156.16    0.93 -102.61     0.002000       1.6109    1.7477    0.3494
  -40.13    1.65   89.90     0.002000       1.6059    1.7115    0.3582
  142.23    2.55  -85.43     0.002000       1.5822    1.7286    0.3600
 -114.96    2.20   99.24     0.002000       1.5476    1.7301    0.3680
  -35.17    1.69  101.25     0.002000       1.6073    1.6884    0.3629
  -81.17    1.98   94.06     0.002000       1.5832    1.7520    0.3548
  -96.77    1.55   90.29     0.002000       1.5865    1.7545    0.3535
  -63.74    1.63   92.86     0.002000       1.5862    1.7533    0.3539
   87.32    2.74  -88.12     0.002000       1.5506    1.7446    0.3641
  143.54    2.67  -93.85     0.002000       1.5453    1.7421    0.3659
  118.72    0.00    0.00     0.002000       1.5276    1.7246    0.3742
 -173.02    2.35 -101.46     0.002000       1.5863    1.7208    0.3608
   -1.33    0.00    0.00     0.002000       1.5062    1.7392    0.3763
  -77.57    2.24  103.46     0.002000       1.5358    1.7404    0.3686
  161.83    2.16  -90.17     0.002000       1.5866    1.7074    0.3636
  121.46    0.00    0.00     0.002000       1.5122    1.7383    0.3750
   57.84    2.60  -85.73     0.002000       1.5849    1.7379    0.3574
 -167.72    1.16  -98.73     0.002000       1.5967    1.7517    0.3518
 -176.78    2.60 -102.93     0.002000       1.5548    1.7367    0.3648
  178.20    1.26 -108.18     0.002000       1.5147    1.7385    0.3743
   79.31    2.20  -94.92     0.002000       1.5323    1.7426    0.3690
    6.01    1.73   97.32     0.002000       1.6038    1.6933    0.3627
  145.51    2.82  -89.04     0.002000       1.5520    1.7426    0.3642
   77.25    2.73  -89.09     0.002000       1.5713    1.7483    0.3584
  120.43    2.07  -91.67     0.002000       1.5279    1.7407    0.3705
    1.96    1.53  106.12     0.002000       1.6165    1.7113    0.3558
 -152.56    1.27  -74.38     0.002000       1.5263    1.7317    0.3729
   56.29    2.36 -100.29     0.002000       1.5500    1.7387    0.3655
 -171.00    1.56 -108.66     0.002000       1.6149    1.7019    0.3582
  172.87    1.57  -78.65     0.002000       1.5206    1.7384    0.3729
 -167.14    1.12 -108.15     0.002000       1.5896    1.6657    0.3722
   70.16    0.00    0.00     0.002000       1.5125    1.7381    0.3750
 -119.60    1.20  103.12     0.002000       1.5108    1.7405    0.3749
 -171.82    2.80  -97.89     0.002000       1.5808    1.7324    0.3596
  -34.63    2.55   87.27     0.002000       1.5419    1.7417    0.3669
  143.02    1.28  -90.61     0.002000       1.5755    1.6854    0.3711
  132.64    0.00    0.00     0.002000       1.5509    1.7022    0.3733
 -134.07    0.94  105.20     0.002000       1.5330    1.7221    0.3733
   31.02    2.23   99.26     0.002000       1.5694    1.7230    0.3643
 -107.48    2.90   92.97     0.002000       1.5741    1.7479    0.3578
   32.12    2.18   96.06     0.002000       1.5837    1.7475    0.3557
   80.43    0.00    0.00     0.002000       1.5287    1.7233    0.3742
   56.17    2.39  -93.93     0.002000       1.5397    1.7422    0.3673
 -133.54    2.73   98.14     0.002000       1.5465    1.7422    0.3657
 -126.49    2.24   97.74     0.002000       1.5914    1.7196    0.3598
  -18.04    2.19   99.61     0.002000       1.6370    1.7113    0.3512
   37.41    0.00    0.00     0.002000       1.5138    1.7368    0.3749
  -33.28    2.26   99.93     0.002000       1.5605    1.7255    0.3659
  -69.31    1.79  105.69     0.002000       1.6177    1.7116    0.3555
  112.35    1.35  -87.13     0.002000       1.5150    1.7396    0.3740
  -46.84    1.31   98.21     0.002000       1.5937    1.7501    0.3528
  144.94    2.14  -96.29     0.002000       1.5846    1.7096    0.3636
   37.66    2.44  -79.08     0.002000       1.5723    1.7315    0.3618
   19.29    1.43   80.98     0.002000       1.6126    1.7088    0.3572
   33.71    1.53   73.27     0.002000       1.6205    1.7115    0.3549
  -42.66    0.00    0.00     0.002000       1.5084    1.7381    0.3760
 -150.72    3.06  -94.21     0.002000       1.5611    1.7420    0.3622
   73.13    2.29 -101.14     0.002000       1.5459    1.7395    0.3664
  -47.28    2.78   96.70     0.002000       1.5807    1.7353    0.3590
 -154.29    3.10  -91.26     0.002000       1.5698    1.7436    0.3598
   13.97    0.00    0.00     0.002000       1.6615    1.7089    0.3464
   51.71    2.83  -90.44     0.002000       1.5573    1.7442    0.3626
   36.32    0.00    0.00     0.002000       1.6347    1.7307    0.3477
   13.88    1.96  108.10     0.002000       1.6366    1.7139    0.3508
  118.37    1.62 -111.90     0.002000       1.6217    1.7161    0.3536
   -1.33    0.00    0.00     0.002000       1.6681    1.7041    0.3460
   33.10    2.29   80.05     0.002000       1.5472    1.7375    0.3665
  125.76    0.00    0.00     0.002000       1.5182    1.7345    0.3743
  117.77    0.00    0.00     0.002000       1.5118    1.7383    0.3751
  127.21    0.00    0.00     0.002000       1.5102    1.7388    0.3754
 -101.72    0.85   79.91     0.002000       1.5078    1.7395    0.3759
   13.49    2.19   84.17     0.002000       1.6395    1.7114    0.3507
   70.21    2.32  -85.88     0.002000       1.5826    1.7465    0.3561
   48.14    1.78  -89.48     0.002000       1.6034    1.7154    0.3579
 -133.96    3.08  -95.02     0.002000       1.5656    1.7421    0.3611
   97.87    2.02  -89.59     0.002000       1.5811    1.7517    0.3554
  164.29    2.72  -85.49     0.002000       1.5785    1.7319    0.3602
 -149.17    1.30  -96.11     0.002000       1.6239    1.7379    0.3486
   44.81    2.37  -84.47     0.002000       1.5819    1.7465    0.3563
 -109.26    1.83   91.41     0.002000       1.5702    1.7011    0.3689
  -12.32    2.69   91.23     0.002000       1.5771    1.7459    0.3575
  -34.65    0.00    0.00     0.002000       1.6154    1.7447    0.3490
   59.53    0.00    0.00     0.002000       1.5109    1.7393    0.3751
  -75.08    2.13   97.49     0.002000       1.5940    1.7187    0.3594
 -100.08    1.33  102.72     0.002000       1.6508    1.7167    0.3471
   92.29    2.79  -96.77     0.002000       1.5595    1.7433    0.3623
   41.37    2.71   84.29     0.002000       1.5605    1.7403    0.3627
  126.60    0.00    0.00     0.002000       1.6532    1.7162    0.3466
  -45.23    1.58   89.03     0.002000       1.5927    1.7472    0.3536
 -119.19    0.95   92.98     0.002000       1.5086    1.7390    0.3758
   23.35    2.69   96.08     0.002000       1.5530    1.7415    0.3642
   64.61    1.90  -85.83     0.002000       1.5830    1.7517    0.3550
  146.41    2.48  -84.64     0.002000       1.5821    1.7267    0.3604
   28.88    1.86   76.27     0.002000       1.6305    1.7122    0.3525
   75.04    2.52  -97.97     0.002000       1.5724    1.7340    0.3612
  -85.33    2.32   81.19     0.002000       1.5464    1.7348    0.3673
  135.23    2.71  -95.76     0.002000       1.5476    1.7428    0.3652
   19.69    1.44   73.53     0.002000       1.6160    1.7025    0.3578
  -21.62    0.00    0.00     0.002000       1.5221    1.7303    0.3743
  177.58    3.05  -89.74     0.002000       1.5629    1.7423    0.3617
    5.05    2.49   97.62     0.002000       1.5452    1.7400    0.3664
   65.02    0.00    0.00     0.002000       1.5110    1.7392    0.3751
 -106.32    1.17   94.18     0.002000       1.6121    1.7478    0.3491
   -8.45    2.86   97.11     0.002000       1.5628    1.7409    0.3620
 -116.20    2.38   95.84     0.002000       1.5762    1.7182    0.3637
  136.11    1.71 -101.19     0.002000       1.6022    1.6891    0.3640
   57.83    0.00    0.00     0.002000       1.5085    1.7390    0.3758
   68.30    0.00    0.00     0.002000       1.5086    1.7369    0.3762
   27.93    0.00    0.00     0.002000       1.5738    1.6742    0.3741
  135.66    1.87 -106.96     0.002000       1.6487    1.7144    0.3480
  152.11    2.38  -95.58     0.002000       1.5908    1.7383    0.3560
   70.98    0.00    0.00     0.002000       1.6717    1.7002    0.3460
   65.14    1.51  -70.78     0.002000       1.6211    1.7188    0.3532
   79.46    1.58 -103.80     0.002000       1.5314    1.7352    0.3709
  120.13    1.72  -83.80     0.002000       1.5214    1.7404    0.3722
 -104.10    1.68   74.12     0.002000       1.6162    1.7124    0.3556
  -28.37    0.00    0.00     0.002000       1.6319    1.7334    0.3477
   -9.71    2.17  102.47     0.002000       1.6466    1.7120    0.3490
  161.81    2.74  -90.82     0.002000       1.5473    1.7413    0.3656
  147.48    1.59  -78.04     0.002000       1.6148    1.7061    0.3573
  -47.33    2.56  101.57     0.002000       1.5698    1.7319    0.3622
  -10.48    2.55   91.40     0.002000       1.5447    1.7403    0.3665
  114.19    2.88  -92.55     0.002000       1.5565    1.7445    0.3627
  118.10    0.00    0.00     0.002000       1.5086    1.7366    0.3763
  126.39    1.25  -88.36     0.002000       1.5920    1.7526    0.3527
  -89.92    1.97  107.42     0.002000       1.6375    1.7196    0.3494
  -19.73    2.48   83.80     0.002000       1.5426    1.7412    0.3668
  -54.58    0.93   71.12     0.002000       1.5099    1.7407    0.3751
   74.17    2.06  -86.77     0.002000       1.5809    1.7123    0.3639
  -58.27    2.95   87.73     0.002000       1.5735    1.7459    0.3584
    0.64    0.97   93.49     0.002000       1.5137    1.7360    0.3751
 -118.44    1.18   96.14     0.002000       1.5945    1.7534    0.3519
   95.24    1.79  -86.53     0.002000       1.6086    1.7214    0.3555
  171.88    2.46  -81.05     0.002000       1.5473    1.7374    0.3665
  102.98    2.60  -99.99     0.002000       1.5535    1.7413    0.3641
  141.43    2.78  -99.09     0.002000       1.5547    1.7420    0.3637
   83.69    2.02  -86.52     0.002000       1.5274    1.7420    0.3704
  154.59    1.00  -76.08     0.002000       1.5278    1.7283    0.3733
   51.93    2.51   81.44     0.002000       1.5530    1.7397    0.3646
 -145.95    2.73 -100.38     0.002000       1.5549    1.7381    0.3645
  -93.02    1.92  105.00     0.002000       1.5258    1.7411    0.3710
   19.05    0.00    0.00     0.002000       1.6803    1.6929    0.3457
    8.48    0.00    0.00     0.002000       1.5062    1.7401    0.3761
  118.21    1.31  -85.21     0.002000       1.5859    1.6767    0.3706
  -58.69    2.49  101.87     0.002000       1.5556    1.7348    0.3650
   21.65    2.72   96.23     0.002000       1.5546    1.7415    0.3638
  -21.93    1.60  102.10     0.002000       1.6149    1.7228    0.3537
   38.62    2.84   92.99     0.002000       1.5592    1.7435    0.3623
  148.58    1.33  -91.14     0.002000       1.5968    1.7468    0.3528
   22.56    0.00    0.00     0.002000       1.5203    1.7326    0.3742
  172.83    2.07 -108.01     0.002000       1.6374    1.7143    0.3505
   56.03    2.23  -97.02     0.002000       1.5739    1.7234    0.3631
   57.53    0.97  -72.36     0.002000       1.5108    1.7411    0.3747
    0.73    1.22   74.60     0.002000       1.5237    1.7353    0.3728
   19.36    0.00    0.00     0.002000       1.5173    1.7345    0.3745
  -82.91    1.75   89.86     0.002000       1.6036    1.7110    0.3588
   90.90    2.89  -94.88     0.002000       1.5628    1.7450    0.3611
 -119.76    1.44   88.41     0.002000       1.5139    1.7393    0.3744
  101.55    2.29  -87.36     0.002000       1.5826    1.7470    0.3560
 -161.03    1.97  -89.06     0.002000       1.6041    1.7134    0.3582
 -120.11    2.86   98.28     0.002000       1.5595    1.7404    0.3629
   32.37    0.00    0.00     0.002000       1.5091    1.7392    0.3756
 -168.47    2.10  -91.38     0.002000       1.5286    1.7378    0.3710
 -122.80    2.26   81.33     0.002000       1.5303    1.7411    0.3698
   58.72    2.36  -98.49     0.002000       1.5764    1.7286    0.3614
  -26.52    0.94  115.63     0.002000       1.5136    1.7376    0.3748
  -59.32    1.88   80.91     0.002000       1.5227    1.7416    0.3716
  -31.37    1.80   95.65     0.002000       1.6098    1.7154    0.3565
   89.55    1.83 -101.39     0.002000       1.6187    1.7128    0.3550
    6.62    0.00    0.00     0.002000       1.6244    1.7376    0.3485
  -51.81    2.48   91.61     0.002000       1.5375    1.7416    0.3680
  172.31    2.27  -80.63     0.002000       1.5411    1.7370    0.3681
 -163.53    2.64  -85.05     0.002000       1.5873    1.7271    0.3592
 -134.98    3.00  -95.55     0.002000       1.5583    1.7421    0.3628
 -152.25    1.76 -106.56     0.002000       1.5298    1.7352    0.3713
  123.85    0.00    0.00     0.002000       1.6550    1.7136    0.3468
  -67.60    1.38   76.77     0.002000       1.5261    1.7338    0.3725
   17.77    0.82   91.81     0.002000       1.6114    1.7466    0.3495
   -2.51    1.24   77.14     0.002000       1.5292    1.7309    0.3723
  -18.96    1.31   79.36     0.002000       1.5162    1.7394    0.3737
  119.65    1.72  -96.77     0.002000       1.6157    1.7010    0.3583
  -91.46    2.04   88.30     0.002000       1.6053    1.7231    0.3558
 -148.72    1.37  -90.10     0.002000       1.5153    1.7370    0.3745
 -171.94    2.15  -97.60     0.002000       1.5983    1.7165    0.3589
   98.66    1.71  -74.87     0.002000       1.6215    1.7144    0.3540
 -144.21    1.81  -94.52     0.002000       1.6101    1.7130    0.3569
  172.67    2.43  -95.59     0.002000       1.5367    1.7398    0.3685
  -59.62    1.62   73.64     0.002000       1.6147    1.7019    0.3583
  -46.11    1.59  102.96     0.002000       1.5190    1.7395    0.3730
  -96.17    0.99   95.27     0.002000       1.5085    1.7394    0.3757
 -109.78    2.37   84.68     0.002000       1.5914    1.7231    0.3591
   34.04    1.61  -74.46     0.002000       1.6555    1.7101    0.3474
  -75.31    1.56   74.98     0.002000       1.6053    1.6739    0.3666
  123.01    0.00    0.00     0.002000       1.5087    1.7364    0.3763
  101.43    1.94 -104.37     0.002000       1.5289    1.7423    0.3699
  133.54    1.08 -100.56     0.002000       1.5955    1.7526    0.3519
   84.26    1.74  -86.31     0.002000       1.6059    1.7293    0.3544
  120.23    1.58  -79.47     0.002000       1.6167    1.7169    0.3546
  -84.72    1.69   81.93     0.002000       1.5175    1.7414    0.3730
  -54.68    1.85   87.23     0.002000       1.6143    1.7085    0.3569
 -125.44    1.66   85.56     0.002000       1.6625    1.7043    0.3471
   60.86    1.81  -76.47     0.002000       1.5256    1.7427    0.3707
 -153.13    2.57  -93.96     0.002000       1.5815    1.7463    0.3564
   21.70    1.52   77.00     0.002000       1.6197    1.7146    0.3544
  -39.01    1.47   72.30     0.002000       1.6217    1.7228    0.3522
   48.08    0.00    0.00     0.002000       1.5087    1.7379    0.3760
  177.00    1.45 -109.17     0.002000       1.6189    1.7249    0.3524
 -169.83    0.95 -117.37     0.002000       1.5265    1.7287    0.3735
  167.50    2.14 -102.82     0.002000       1.5303    1.7406    0.3700
   71.09    2.63  -83.47     0.002000       1.5730    1.7368    0.3604
  169.27    1.87  -96.58     0.002000       1.6098    1.7153    0.3565
  149.19    1.83  -92.92     0.002000       1.6022    1.7062    0.3602
  119.45    1.00  -98.43     0.002000       1.5682    1.6886    0.3722
   86.71    2.12  -86.76     0.002000       1.5951    1.7224    0.3583
  -81.71    1.55   70.99     0.002000       1.6244    1.7242    0.3513
  168.09    1.80 -102.11     0.002000       1.6154    1.7079    0.3568
  -65.99    2.28   97.61     0.002000       1.5311    1.7414    0.3696
  -86.77    2.68   98.32     0.002000       1.5773    1.7321    0.3604
   89.09    2.40  -93.50     0.002000       1.5924    1.7311    0.3571
  132.47    1.98  -89.87     0.002000       1.5949    1.7089    0.3613
 -131.69    1.41  107.46     0.002000       1.5151    1.7414    0.3736
    7.88    2.87   91.20     0.002000       1.5612    1.7418    0.3622
 -151.16    2.11  -83.54     0.002000       1.6556    1.7083    0.3478
   31.22    1.14  101.70     0.002000       1.5145    1.7385    0.3744
  158.47    0.88  -89.72     0.002000       1.5107    1.7371    0.3756
 -125.56    2.11  -99.93     0.002000       1.5273    1.7406    0.3707
  100.74    1.95  -99.18     0.002000       1.5520    1.7250    0.3680
  171.91    1.41  -75.69     0.002000       1.6208    1.7243    0.3521
  -34.80    2.57   99.29     0.002000       1.5447    1.7414    0.3662
  161.77    2.02 -105.93     0.002000       1.5298    1.7406    0.3701
 -178.80    2.07  -95.00     0.002000       1.6221    1.7089    0.3551
  164.21    2.59  -88.35     0.002000       1.5839    1.7428    0.3566
   -8.80    0.00    0.00     0.002000       1.5091    1.7410    0.3752
  159.16    1.90  -88.71     0.002000       1.6171    1.7084    0.3563
  101.00    2.27  -99.40     0.002000       1.5845    1.7251    0.3602
  178.85    1.68 -100.64     0.002000       1.6106    1.6996    0.3597
   83.13    2.02  -85.43     0.002000       1.5624    1.7194    0.3667
 -148.77    1.02  -81.41     0.002000       1.6229    1.7402    0.3483
  -60.40    2.63   81.59     0.002000       1.5646    1.7351    0.3628
  117.96    0.00    0.00     0.002000       1.5106    1.7364    0.3759
  150.66    1.39  -74.35     0.002000       1.6230    1.7244    0.3516
  -12.76    1.43  107.01     0.002000       1.6534    1.7131    0.3473
  -60.10    2.35   85.29     0.002000       1.5711    1.7214    0.3642
   15.08    1.44   77.12     0.002000       1.6335    1.7276    0.3486
    8.82    2.51  102.03     0.002000       1.5663    1.7333    0.3628
   -8.26    1.47  103.72     0.002000       1.6154    1.7252    0.3531
 -121.95    1.85   86.20     0.002000       1.5898    1.7476    0.3542
   38.37    1.50   94.31     0.002000       1.6026    1.7372    0.3535
 -130.50    2.11  -95.50     0.002000       1.5265    1.7398    0.3711
  -23.33    1.66  112.57     0.002000       1.6347    1.7191    0.3501
   13.99    0.00    0.00     0.002000       1.5056    1.7386    0.3766
  -58.99    2.38   91.43     0.002000       1.5337    1.7414    0.3690
 -120.88    2.31   86.80     0.002000       1.6506    1.7115    0.3482
  133.42    2.17  -98.83     0.002000       1.5632    1.7210    0.3662
   90.01    1.42  -92.60     0.002000       1.5643    1.7014    0.3703
  144.35    2.66  -89.06     0.002000       1.5777    1.7465    0.3573
