MORPHOLOGY AT STRAIN =    1.0000  FOR PHASE  1
   1.645   1.645   0.364  <-- AXES OF PHASE ELLIPSOID
  -10.73    0.00    0.00  <-- EULER ANGLES OF PHASE ELLIPSOID (deg)
   1.628   1.628   0.372  <-- AVERAGE OF GRAIN AXES FOR PHASE
   0.000   0.000   0.000  <-- STANDARD DEV OF AVG GRAIN AXES FOR PHASE
B       500
   47.55    0.00    0.00     0.002000       1.6446    1.6446    0.3642
   91.68    0.00    0.00     0.002000       1.6446    1.6446    0.3642
   -3.89    0.00    0.00     0.002000       1.6446    1.6446    0.3642
   -9.83    0.00    0.00     0.002000       1.6446    1.6446    0.3642
  -42.85    0.00    0.00     0.002000       1.6446    1.6446    0.3642
  113.72    0.00    0.00     0.002000       1.6446    1.6446    0.3642
   -9.89    0.00    0.00     0.002000       1.6446    1.6446    0.3642
  -23.66    0.00    0.00     0.002000       1.6446    1.6446    0.3642
   47.39    0.00    0.00     0.002000       1.6446    1.6446    0.3642
   73.87    0.00    0.00     0.002000       1.6446    1.6446    0.3642
   15.79    0.00    0.00     0.002000       1.6446    1.6446    0.3642
  119.17    0.00    0.00     0.002000       1.6446    1.6446    0.3642
  -41.91    0.00    0.00     0.002000       1.6446    1.6446    0.3642
   40.31    0.00    0.00     0.002000       1.6446    1.6446    0.3642
   68.51    0.00    0.00     0.002000       1.6446    1.6446    0.3642
  102.37    0.00    0.00     0.002000       1.6446    1.6446    0.3642
   54.38    0.00    0.00     0.002000       1.6446    1.6446    0.3642
   -8.55    0.00    0.00     0.002000       1.6446    1.6446    0.3642
   96.36    0.00    0.00     0.002000       1.6446    1.6446    0.3642
  -14.03    0.00    0.00     0.002000       1.6446    1.6446    0.3642
   53.46    0.00    0.00     0.002000       1.6446    1.6446    0.3642
  -42.87    0.00    0.00     0.002000       1.6446    1.6446    0.3642
   -6.58    0.00    0.00     0.002000       1.6446    1.6446    0.3642
  -30.24    0.00    0.00     0.002000       1.6446    1.6446    0.3642
  123.90    0.00    0.00     0.002000       1.6446    1.6446    0.3642
   87.47    0.00    0.00     0.002000       1.6446    1.6446    0.3642
  101.82    0.00    0.00     0.002000       1.6446    1.6446    0.3642
   87.62    0.00    0.00     0.002000       1.6446    1.6446    0.3642
   94.52    0.00    0.00     0.002000       1.6446    1.6446    0.3642
  -13.62    0.00    0.00     0.002000       1.6446    1.6446    0.3642
   47.68    0.00    0.00     0.002000       1.6446    1.6446    0.3642
  -19.32    0.00    0.00     0.002000       1.6446    1.6446    0.3642
  -17.12    0.00    0.00     0.002000       1.6446    1.6446    0.3642
   26.13    0.00    0.00     0.002000       1.6446    1.6446    0.3642
   -1.58    0.00    0.00     0.002000       1.6446    1.6446    0.3642
   15.13    0.00    0.00     0.002000       1.6446    1.6446    0.3642
  -14.31    0.00    0.00     0.002000       1.6446    1.6446    0.3642
  -28.75    0.00    0.00     0.002000       1.6446    1.6446    0.3642
   36.51    0.00    0.00     0.002000       1.6446    1.6446    0.3642
  109.85    0.00    0.00     0.002000       1.6446    1.6446    0.3642
   77.02    0.00    0.00     0.002000       1.6446    1.6446    0.3642
   49.48    0.00    0.00     0.002000       1.6446    1.6446    0.3642
  -20.05    0.00    0.00     0.002000       1.6446    1.6446    0.3642
  -24.18    0.00    0.00     0.002000       1.6446    1.6446    0.3642
   85.54    0.00    0.00     0.002000       1.6446    1.6446    0.3642
   24.10    0.00    0.00     0.002000       1.6446    1.6446    0.3642
  -27.10    0.00    0.00     0.002000       1.6446    1.6446    0.3642
  -10.88    0.00    0.00     0.002000       1.6446    1.6446    0.3642
   27.63    0.00    0.00     0.002000       1.6446    1.6446    0.3642
   63.22    0.00    0.00     0.002000       1.6446    1.6446    0.3642
   47.22    0.00    0.00     0.002000       1.6446    1.6446    0.3642
  131.61    0.00    0.00     0.002000       1.6446    1.6446    0.3642
  126.62    0.00    0.00     0.002000       1.6446    1.6446    0.3642
  -43.71    0.00    0.00     0.002000       1.6446    1.6446    0.3642
  -10.46    0.00    0.00     0.002000       1.6446    1.6446    0.3642
  -11.01    0.00    0.00     0.002000       1.6446    1.6446    0.3642
   65.38    0.00    0.00     0.002000       1.6446    1.6446    0.3642
  133.60    0.00    0.00     0.002000       1.6446    1.6446    0.3642
    4.76    0.00    0.00     0.002000       1.6446    1.6446    0.3642
   52.91    0.00    0.00     0.002000       1.6446    1.6446    0.3642
   38.49    0.00    0.00     0.002000       1.6446    1.6446    0.3642
   76.55    0.00    0.00     0.002000       1.6446    1.6446    0.3642
  -15.24    0.00    0.00     0.002000       1.6446    1.6446    0.3642
   20.46    0.00    0.00     0.002000       1.6446    1.6446    0.3642
  -34.72    0.00    0.00     0.002000       1.6446    1.6446    0.3642
   81.24    0.00    0.00     0.002000       1.6446    1.6446    0.3642
   37.97    0.00    0.00     0.002000       1.6446    1.6446    0.3642
   18.26    0.00    0.00     0.002000       1.6446    1.6446    0.3642
  122.14    0.00    0.00     0.002000       1.6446    1.6446    0.3642
  -35.98    0.00    0.00     0.002000       1.6446    1.6446    0.3642
   49.50    0.00    0.00     0.002000       1.6446    1.6446    0.3642
   83.30    0.00    0.00     0.002000       1.6446    1.6446    0.3642
   50.22    0.00    0.00     0.002000       1.6446    1.6446    0.3642
   69.86    0.00    0.00     0.002000       1.6446    1.6446    0.3642
   30.52    0.00    0.00     0.002000       1.6446    1.6446    0.3642
  -22.61    0.00    0.00     0.002000       1.6446    1.6446    0.3642
   40.52    0.00    0.00     0.002000       1.6446    1.6446    0.3642
  126.38    0.00    0.00     0.002000       1.6446    1.6446    0.3642
   50.63    0.00    0.00     0.002000       1.6446    1.6446    0.3642
   11.55    0.00    0.00     0.002000       1.6446    1.6446    0.3642
   94.14    0.00    0.00     0.002000       1.6446    1.6446    0.3642
  128.97    0.00    0.00     0.002000       1.6446    1.6446    0.3642
    5.22    0.00    0.00     0.002000       1.6446    1.6446    0.3642
  124.45    0.00    0.00     0.002000       1.6446    1.6446    0.3642
  126.69    0.00    0.00     0.002000       1.6446    1.6446    0.3642
   54.01    0.00    0.00     0.002000       1.6446    1.6446    0.3642
  -33.90    0.00    0.00     0.002000       1.6446    1.6446    0.3642
   45.91    0.00    0.00     0.002000       1.6446    1.6446    0.3642
   35.41    0.00    0.00     0.002000       1.6446    1.6446    0.3642
   49.44    0.00    0.00     0.002000       1.6446    1.6446    0.3642
   85.52    0.00    0.00     0.002000       1.6446    1.6446    0.3642
   36.04    0.00    0.00     0.002000       1.6446    1.6446    0.3642
   -0.32    0.00    0.00     0.002000       1.6446    1.6446    0.3642
   67.17    0.00    0.00     0.002000       1.6446    1.6446    0.3642
    8.76    0.00    0.00     0.002000       1.6446    1.6446    0.3642
   25.82    0.00    0.00     0.002000       1.6446    1.6446    0.3642
   86.48    0.00    0.00     0.002000       1.6446    1.6446    0.3642
   92.65    0.00    0.00     0.002000       1.6446    1.6446    0.3642
    1.90    0.00    0.00     0.002000       1.6446    1.6446    0.3642
   92.15    0.00    0.00     0.002000       1.6446    1.6446    0.3642
   23.14    0.00    0.00     0.002000       1.6446    1.6446    0.3642
   59.64    0.00    0.00     0.002000       1.6446    1.6446    0.3642
  -26.03    0.00    0.00     0.002000       1.6446    1.6446    0.3642
   15.82    0.00    0.00     0.002000       1.6446    1.6446    0.3642
  128.37    0.00    0.00     0.002000       1.6446    1.6446    0.3642
  104.55    0.00    0.00     0.002000       1.6446    1.6446    0.3642
  -21.59    0.00    0.00     0.002000       1.6446    1.6446    0.3642
  107.34    0.00    0.00     0.002000       1.6446    1.6446    0.3642
   24.46    0.00    0.00     0.002000       1.6446    1.6446    0.3642
  -34.86    0.00    0.00     0.002000       1.6446    1.6446    0.3642
   47.34    0.00    0.00     0.002000       1.6446    1.6446    0.3642
   81.22    0.00    0.00     0.002000       1.6446    1.6446    0.3642
    4.00    0.00    0.00     0.002000       1.6446    1.6446    0.3642
   86.99    0.00    0.00     0.002000       1.6446    1.6446    0.3642
   15.62    0.00    0.00     0.002000       1.6446    1.6446    0.3642
  -26.37    0.00    0.00     0.002000       1.6446    1.6446    0.3642
  -23.92    0.00    0.00     0.002000       1.6446    1.6446    0.3642
  -29.83    0.00    0.00     0.002000       1.6446    1.6446    0.3642
  131.85    0.00    0.00     0.002000       1.6446    1.6446    0.3642
  -38.57    0.00    0.00     0.002000       1.6446    1.6446    0.3642
  -14.77    0.00    0.00     0.002000       1.6446    1.6446    0.3642
  108.27    0.00    0.00     0.002000       1.6446    1.6446    0.3642
  -20.39    0.00    0.00     0.002000       1.6446    1.6446    0.3642
   67.80    0.00    0.00     0.002000       1.6446    1.6446    0.3642
   -5.03    0.00    0.00     0.002000       1.6446    1.6446    0.3642
  130.76    0.00    0.00     0.002000       1.6446    1.6446    0.3642
   87.69    0.00    0.00     0.002000       1.6446    1.6446    0.3642
  -26.95    0.00    0.00     0.002000       1.6446    1.6446    0.3642
   -4.91    0.00    0.00     0.002000       1.6446    1.6446    0.3642
   94.02    0.00    0.00     0.002000       1.6446    1.6446    0.3642
   69.50    0.00    0.00     0.002000       1.6446    1.6446    0.3642
   33.74    0.00    0.00     0.002000       1.6446    1.6446    0.3642
   32.02    0.00    0.00     0.002000       1.6446    1.6446    0.3642
  -15.95    0.00    0.00     0.002000       1.6446    1.6446    0.3642
  129.80    0.00    0.00     0.002000       1.6446    1.6446    0.3642
    1.58    0.00    0.00     0.002000       1.6446    1.6446    0.3642
   10.47    0.00    0.00     0.002000       1.6446    1.6446    0.3642
  -32.65    0.00    0.00     0.002000       1.6446    1.6446    0.3642
  121.40    0.00    0.00     0.002000       1.6446    1.6446    0.3642
   59.19    0.00    0.00     0.002000       1.6446    1.6446    0.3642
   90.33    0.00    0.00     0.002000       1.6446    1.6446    0.3642
  -18.36    0.00    0.00     0.002000       1.6446    1.6446    0.3642
   92.77    0.00    0.00     0.002000       1.6446    1.6446    0.3642
  108.56    0.00    0.00     0.002000       1.6446    1.6446    0.3642
   35.54    0.00    0.00     0.002000       1.6446    1.6446    0.3642
   74.65    0.00    0.00     0.002000       1.6446    1.6446    0.3642
   37.96    0.00    0.00     0.002000       1.6446    1.6446    0.3642
   82.89    0.00    0.00     0.002000       1.6446    1.6446    0.3642
  119.31    0.00    0.00     0.002000       1.6446    1.6446    0.3642
    1.64    0.00    0.00     0.002000       1.6446    1.6446    0.3642
   34.05    0.00    0.00     0.002000       1.6446    1.6446    0.3642
   42.19    0.00    0.00     0.002000       1.6446    1.6446    0.3642
   74.20    0.00    0.00     0.002000       1.6446    1.6446    0.3642
   -2.09    0.00    0.00     0.002000       1.6446    1.6446    0.3642
   68.74    0.00    0.00     0.002000       1.6446    1.6446    0.3642
   65.70    0.00    0.00     0.002000       1.6446    1.6446    0.3642
  105.17    0.00    0.00     0.002000       1.6446    1.6446    0.3642
   75.78    0.00    0.00     0.002000       1.6446    1.6446    0.3642
    9.61    0.00    0.00     0.002000       1.6446    1.6446    0.3642
   -3.80    0.00    0.00     0.002000       1.6446    1.6446    0.3642
  103.91    0.00    0.00     0.002000       1.6446    1.6446    0.3642
   25.58    0.00    0.00     0.002000       1.6446    1.6446    0.3642
  -34.48    0.00    0.00     0.002000       1.6446    1.6446    0.3642
    5.92    0.00    0.00     0.002000       1.6446    1.6446    0.3642
   -2.24    0.00    0.00     0.002000       1.6446    1.6446    0.3642
  -42.02    0.00    0.00     0.002000       1.6446    1.6446    0.3642
  -23.25    0.00    0.00     0.002000       1.6446    1.6446    0.3642
  -12.18    0.00    0.00     0.002000       1.6446    1.6446    0.3642
  103.52    0.00    0.00     0.002000       1.6446    1.6446    0.3642
   98.93    0.00    0.00     0.002000       1.6446    1.6446    0.3642
   61.57    0.00    0.00     0.002000       1.6446    1.6446    0.3642
  -25.88    0.00    0.00     0.002000       1.6446    1.6446    0.3642
   98.40    0.00    0.00     0.002000       1.6446    1.6446    0.3642
   80.01    0.00    0.00     0.002000       1.6446    1.6446    0.3642
  -37.15    0.00    0.00     0.002000       1.6446    1.6446    0.3642
  -18.07    0.00    0.00     0.002000       1.6446    1.6446    0.3642
   71.60    0.00    0.00     0.002000       1.6446    1.6446    0.3642
  123.33    0.00    0.00     0.002000       1.6446    1.6446    0.3642
    0.34    0.00    0.00     0.002000       1.6446    1.6446    0.3642
   14.71    0.00    0.00     0.002000       1.6446    1.6446    0.3642
   25.37    0.00    0.00     0.002000       1.6446    1.6446    0.3642
  -34.93    0.00    0.00     0.002000       1.6446    1.6446    0.3642
  -32.43    0.00    0.00     0.002000       1.6446    1.6446    0.3642
  -18.56    0.00    0.00     0.002000       1.6446    1.6446    0.3642
   62.38    0.00    0.00     0.002000       1.6446    1.6446    0.3642
   13.43    0.00    0.00     0.002000       1.6446    1.6446    0.3642
    0.82    0.00    0.00     0.002000       1.6446    1.6446    0.3642
  125.88    0.00    0.00     0.002000       1.6446    1.6446    0.3642
   -0.77    0.00    0.00     0.002000       1.6446    1.6446    0.3642
   47.83    0.00    0.00     0.002000       1.6446    1.6446    0.3642
  109.03    0.00    0.00     0.002000       1.6446    1.6446    0.3642
   -4.25    0.00    0.00     0.002000       1.6446    1.6446    0.3642
  -40.51    0.00    0.00     0.002000       1.6446    1.6446    0.3642
   93.16    0.00    0.00     0.002000       1.6446    1.6446    0.3642
  112.61    0.00    0.00     0.002000       1.6446    1.6446    0.3642
  -26.53    0.00    0.00     0.002000       1.6446    1.6446    0.3642
   26.44    0.00    0.00     0.002000       1.6446    1.6446    0.3642
  -17.08    0.00    0.00     0.002000       1.6446    1.6446    0.3642
  111.23    0.00    0.00     0.002000       1.6446    1.6446    0.3642
  -41.33    0.00    0.00     0.002000       1.6446    1.6446    0.3642
   20.54    0.00    0.00     0.002000       1.6446    1.6446    0.3642
    0.85    0.00    0.00     0.002000       1.6446    1.6446    0.3642
   65.32    0.00    0.00     0.002000       1.6446    1.6446    0.3642
    5.40    0.00    0.00     0.002000       1.6446    1.6446    0.3642
    4.39    0.00    0.00     0.002000       1.6446    1.6446    0.3642
   62.16    0.00    0.00     0.002000       1.6446    1.6446    0.3642
   60.14    0.00    0.00     0.002000       1.6446    1.6446    0.3642
  -11.09    0.00    0.00     0.002000       1.6446    1.6446    0.3642
  -42.80    0.00    0.00     0.002000       1.6446    1.6446    0.3642
   88.28    0.00    0.00     0.002000       1.6446    1.6446    0.3642
   27.40    0.00    0.00     0.002000       1.6446    1.6446    0.3642
  129.09    0.00    0.00     0.002000       1.6446    1.6446    0.3642
  114.04    0.00    0.00     0.002000       1.6446    1.6446    0.3642
  107.14    0.00    0.00     0.002000       1.6446    1.6446    0.3642
   75.19    0.00    0.00     0.002000       1.6446    1.6446    0.3642
  109.77    0.00    0.00     0.002000       1.6446    1.6446    0.3642
  111.33    0.00    0.00     0.002000       1.6446    1.6446    0.3642
   34.27    0.00    0.00     0.002000       1.6446    1.6446    0.3642
   62.12    0.00    0.00     0.002000       1.6446    1.6446    0.3642
  122.81    0.00    0.00     0.002000       1.6446    1.6446    0.3642
  111.52    0.00    0.00     0.002000       1.6446    1.6446    0.3642
   50.64    0.00    0.00     0.002000       1.6446    1.6446    0.3642
  110.46    0.00    0.00     0.002000       1.6446    1.6446    0.3642
  109.55    0.00    0.00     0.002000       1.6446    1.6446    0.3642
    8.76    0.00    0.00     0.002000       1.6446    1.6446    0.3642
  -13.97    0.00    0.00     0.002000       1.6446    1.6446    0.3642
   62.16    0.00    0.00     0.002000       1.6446    1.6446    0.3642
    7.54    0.00    0.00     0.002000       1.6446    1.6446    0.3642
   81.64    0.00    0.00     0.002000       1.6446    1.6446    0.3642
  118.16    0.00    0.00     0.002000       1.6446    1.6446    0.3642
   15.83    0.00    0.00     0.002000       1.6446    1.6446    0.3642
   85.57    0.00    0.00     0.002000       1.6446    1.6446    0.3642
  102.27    0.00    0.00     0.002000       1.6446    1.6446    0.3642
  123.57    0.00    0.00     0.002000       1.6446    1.6446    0.3642
   24.51    0.00    0.00     0.002000       1.6446    1.6446    0.3642
   -6.22    0.00    0.00     0.002000       1.6446    1.6446    0.3642
   87.74    0.00    0.00     0.002000       1.6446    1.6446    0.3642
  -24.16    0.00    0.00     0.002000       1.6446    1.6446    0.3642
   43.76    0.00    0.00     0.002000       1.6446    1.6446    0.3642
   62.98    0.00    0.00     0.002000       1.6446    1.6446    0.3642
  131.14    0.00    0.00     0.002000       1.6446    1.6446    0.3642
  -23.34    0.00    0.00     0.002000       1.6446    1.6446    0.3642
   21.82    0.00    0.00     0.002000       1.6446    1.6446    0.3642
   19.44    0.00    0.00     0.002000       1.6446    1.6446    0.3642
   76.10    0.00    0.00     0.002000       1.6446    1.6446    0.3642
  130.83    0.00    0.00     0.002000       1.6446    1.6446    0.3642
   23.57    0.00    0.00     0.002000       1.6446    1.6446    0.3642
   72.62    0.00    0.00     0.002000       1.6446    1.6446    0.3642
  -20.54    0.00    0.00     0.002000       1.6446    1.6446    0.3642
  -10.71    0.00    0.00     0.002000       1.6446    1.6446    0.3642
    2.33    0.00    0.00     0.002000       1.6446    1.6446    0.3642
   24.35    0.00    0.00     0.002000       1.6446    1.6446    0.3642
   -8.11    0.00    0.00     0.002000       1.6446    1.6446    0.3642
   55.01    0.00    0.00     0.002000       1.6446    1.6446    0.3642
   29.71    0.00    0.00     0.002000       1.6446    1.6446    0.3642
  -10.87    0.00    0.00     0.002000       1.6446    1.6446    0.3642
  -12.38    0.00    0.00     0.002000       1.6446    1.6446    0.3642
  -42.12    0.00    0.00     0.002000       1.6446    1.6446    0.3642
  -21.47    0.00    0.00     0.002000       1.6446    1.6446    0.3642
   29.61    0.00    0.00     0.002000       1.6446    1.6446    0.3642
   62.24    0.00    0.00     0.002000       1.6446    1.6446    0.3642
  117.70    0.00    0.00     0.002000       1.6446    1.6446    0.3642
   -6.48    0.00    0.00     0.002000       1.6446    1.6446    0.3642
  100.95    0.00    0.00     0.002000       1.6446    1.6446    0.3642
   -2.39    0.00    0.00     0.002000       1.6446    1.6446    0.3642
   13.74    0.00    0.00     0.002000       1.6446    1.6446    0.3642
   48.26    0.00    0.00     0.002000       1.6446    1.6446    0.3642
  -23.33    0.00    0.00     0.002000       1.6446    1.6446    0.3642
   25.45    0.00    0.00     0.002000       1.6446    1.6446    0.3642
   31.04    0.00    0.00     0.002000       1.6446    1.6446    0.3642
   39.77    0.00    0.00     0.002000       1.6446    1.6446    0.3642
   48.28    0.00    0.00     0.002000       1.6446    1.6446    0.3642
  -26.36    0.00    0.00     0.002000       1.6446    1.6446    0.3642
   64.28    0.00    0.00     0.002000       1.6446    1.6446    0.3642
   -5.76    0.00    0.00     0.002000       1.6446    1.6446    0.3642
  -17.99    0.00    0.00     0.002000       1.6446    1.6446    0.3642
  131.97    0.00    0.00     0.002000       1.6446    1.6446    0.3642
  116.64    0.00    0.00     0.002000       1.6446    1.6446    0.3642
   65.83    0.00    0.00     0.002000       1.6446    1.6446    0.3642
  -36.44    0.00    0.00     0.002000       1.6446    1.6446    0.3642
   42.89    0.00    0.00     0.002000       1.6446    1.6446    0.3642
   58.32    0.00    0.00     0.002000       1.6446    1.6446    0.3642
   36.54    0.00    0.00     0.002000       1.6446    1.6446    0.3642
  -33.03    0.00    0.00     0.002000       1.6446    1.6446    0.3642
   73.51    0.00    0.00     0.002000       1.6446    1.6446    0.3642
   -8.45    0.00    0.00     0.002000       1.6446    1.6446    0.3642
  -25.57    0.00    0.00     0.002000       1.6446    1.6446    0.3642
  125.83    0.00    0.00     0.002000       1.6446    1.6446    0.3642
   63.58    0.00    0.00     0.002000       1.6446    1.6446    0.3642
  124.11    0.00    0.00     0.002000       1.6446    1.6446    0.3642
  127.74    0.00    0.00     0.002000       1.6446    1.6446    0.3642
  -25.45    0.00    0.00     0.002000       1.6446    1.6446    0.3642
   85.93    0.00    0.00     0.002000       1.6446    1.6446    0.3642
    3.92    0.00    0.00     0.002000       1.6446    1.6446    0.3642
   22.31    0.00    0.00     0.002000       1.6446    1.6446    0.3642
  -36.66    0.00    0.00     0.002000       1.6446    1.6446    0.3642
   49.24    0.00    0.00     0.002000       1.6446    1.6446    0.3642
   -6.14    0.00    0.00     0.002000       1.6446    1.6446    0.3642
   -8.77    0.00    0.00     0.002000       1.6446    1.6446    0.3642
  102.04    0.00    0.00     0.002000       1.6446    1.6446    0.3642
  123.00    0.00    0.00     0.002000       1.6446    1.6446    0.3642
   61.21    0.00    0.00     0.002000       1.6446    1.6446    0.3642
   33.43    0.00    0.00     0.002000       1.6446    1.6446    0.3642
  115.05    0.00    0.00     0.002000       1.6446    1.6446    0.3642
    8.83    0.00    0.00     0.002000       1.6446    1.6446    0.3642
  -35.89    0.00    0.00     0.002000       1.6446    1.6446    0.3642
   54.11    0.00    0.00     0.002000       1.6446    1.6446    0.3642
  -30.58    0.00    0.00     0.002000       1.6446    1.6446    0.3642
  -30.73    0.00    0.00     0.002000       1.6446    1.6446    0.3642
   -4.99    0.00    0.00     0.002000       1.6446    1.6446    0.3642
   26.29    0.00    0.00     0.002000       1.6446    1.6446    0.3642
   33.97    0.00    0.00     0.002000       1.6446    1.6446    0.3642
   35.61    0.00    0.00     0.002000       1.6446    1.6446    0.3642
   49.15    0.00    0.00     0.002000       1.6446    1.6446    0.3642
   10.51    0.00    0.00     0.002000       1.6446    1.6446    0.3642
   60.50    0.00    0.00     0.002000       1.6446    1.6446    0.3642
  -29.48    0.00    0.00     0.002000       1.6446    1.6446    0.3642
   54.09    0.00    0.00     0.002000       1.6446    1.6446    0.3642
  -38.46    0.00    0.00     0.002000       1.6446    1.6446    0.3642
  -13.63    0.00    0.00     0.002000       1.6446    1.6446    0.3642
   59.02    0.00    0.00     0.002000       1.6446    1.6446    0.3642
   75.92    0.00    0.00     0.002000       1.6446    1.6446    0.3642
  117.61    0.00    0.00     0.002000       1.6446    1.6446    0.3642
   72.40    0.00    0.00     0.002000       1.6446    1.6446    0.3642
   85.45    0.00    0.00     0.002000       1.6446    1.6446    0.3642
  125.19    0.00    0.00     0.002000       1.6446    1.6446    0.3642
   23.29    0.00    0.00     0.002000       1.6446    1.6446    0.3642
  108.94    0.00    0.00     0.002000       1.6446    1.6446    0.3642
    8.44    0.00    0.00     0.002000       1.6446    1.6446    0.3642
    8.78    0.00    0.00     0.002000       1.6446    1.6446    0.3642
  -39.72    0.00    0.00     0.002000       1.6446    1.6446    0.3642
  125.46    0.00    0.00     0.002000       1.6446    1.6446    0.3642
   74.35    0.00    0.00     0.002000       1.6446    1.6446    0.3642
  133.62    0.00    0.00     0.002000       1.6446    1.6446    0.3642
  108.09    0.00    0.00     0.002000       1.6446    1.6446    0.3642
  131.57    0.00    0.00     0.002000       1.6446    1.6446    0.3642
  -14.42    0.00    0.00     0.002000       1.6446    1.6446    0.3642
   57.76    0.00    0.00     0.002000       1.6446    1.6446    0.3642
   12.77    0.00    0.00     0.002000       1.6446    1.6446    0.3642
   84.23    0.00    0.00     0.002000       1.6446    1.6446    0.3642
   49.50    0.00    0.00     0.002000       1.6446    1.6446    0.3642
  -21.04    0.00    0.00     0.002000       1.6446    1.6446    0.3642
   66.24    0.00    0.00     0.002000       1.6446    1.6446    0.3642
   82.87    0.00    0.00     0.002000       1.6446    1.6446    0.3642
   88.42    0.00    0.00     0.002000       1.6446    1.6446    0.3642
   27.34    0.00    0.00     0.002000       1.6446    1.6446    0.3642
  132.99    0.00    0.00     0.002000       1.6446    1.6446    0.3642
   76.86    0.00    0.00     0.002000       1.6446    1.6446    0.3642
   65.59    0.00    0.00     0.002000       1.6446    1.6446    0.3642
  123.30    0.00    0.00     0.002000       1.6446    1.6446    0.3642
   95.09    0.00    0.00     0.002000       1.6446    1.6446    0.3642
  101.44    0.00    0.00     0.002000       1.6446    1.6446    0.3642
  117.98    0.00    0.00     0.002000       1.6446    1.6446    0.3642
   28.63    0.00    0.00     0.002000       1.6446    1.6446    0.3642
  104.43    0.00    0.00     0.002000       1.6446    1.6446    0.3642
   73.92    0.00    0.00     0.002000       1.6446    1.6446    0.3642
   25.08    0.00    0.00     0.002000       1.6446    1.6446    0.3642
   39.84    0.00    0.00     0.002000       1.6446    1.6446    0.3642
   13.17    0.00    0.00     0.002000       1.6446    1.6446    0.3642
   72.60    0.00    0.00     0.002000       1.6446    1.6446    0.3642
   -8.43    0.00    0.00     0.002000       1.6446    1.6446    0.3642
  111.19    0.00    0.00     0.002000       1.6446    1.6446    0.3642
   66.40    0.00    0.00     0.002000       1.6446    1.6446    0.3642
  -39.52    0.00    0.00     0.002000       1.6446    1.6446    0.3642
  -37.66    0.00    0.00     0.002000       1.6446    1.6446    0.3642
   83.08    0.00    0.00     0.002000       1.6446    1.6446    0.3642
   24.32    0.00    0.00     0.002000       1.6446    1.6446    0.3642
   89.63    0.00    0.00     0.002000       1.6446    1.6446    0.3642
   11.39    0.00    0.00     0.002000       1.6446    1.6446    0.3642
   32.47    0.00    0.00     0.002000       1.6446    1.6446    0.3642
   82.76    0.00    0.00     0.002000       1.6446    1.6446    0.3642
   52.83    0.00    0.00     0.002000       1.6446    1.6446    0.3642
   74.31    0.00    0.00     0.002000       1.6446    1.6446    0.3642
   37.05    0.00    0.00     0.002000       1.6446    1.6446    0.3642
  103.03    0.00    0.00     0.002000       1.6446    1.6446    0.3642
  128.86    0.00    0.00     0.002000       1.6446    1.6446    0.3642
  107.26    0.00    0.00     0.002000       1.6446    1.6446    0.3642
   -1.38    0.00    0.00     0.002000       1.6446    1.6446    0.3642
   21.68    0.00    0.00     0.002000       1.6446    1.6446    0.3642
   57.94    0.00    0.00     0.002000       1.6446    1.6446    0.3642
  -17.07    0.00    0.00     0.002000       1.6446    1.6446    0.3642
  -13.12    0.00    0.00     0.002000       1.6446    1.6446    0.3642
  -27.29    0.00    0.00     0.002000       1.6446    1.6446    0.3642
  133.80    0.00    0.00     0.002000       1.6446    1.6446    0.3642
  -17.97    0.00    0.00     0.002000       1.6446    1.6446    0.3642
   28.26    0.00    0.00     0.002000       1.6446    1.6446    0.3642
   45.11    0.00    0.00     0.002000       1.6446    1.6446    0.3642
  125.26    0.00    0.00     0.002000       1.6446    1.6446    0.3642
  130.50    0.00    0.00     0.002000       1.6446    1.6446    0.3642
  106.47    0.00    0.00     0.002000       1.6446    1.6446    0.3642
  108.44    0.00    0.00     0.002000       1.6446    1.6446    0.3642
  126.55    0.00    0.00     0.002000       1.6446    1.6446    0.3642
   28.56    0.00    0.00     0.002000       1.6446    1.6446    0.3642
  110.70    0.00    0.00     0.002000       1.6446    1.6446    0.3642
   38.96    0.00    0.00     0.002000       1.6446    1.6446    0.3642
   51.55    0.00    0.00     0.002000       1.6446    1.6446    0.3642
  132.96    0.00    0.00     0.002000       1.6446    1.6446    0.3642
  -10.43    0.00    0.00     0.002000       1.6446    1.6446    0.3642
  110.88    0.00    0.00     0.002000       1.6446    1.6446    0.3642
   88.48    0.00    0.00     0.002000       1.6446    1.6446    0.3642
    5.07    0.00    0.00     0.002000       1.6446    1.6446    0.3642
  -21.10    0.00    0.00     0.002000       1.6446    1.6446    0.3642
  -26.36    0.00    0.00     0.002000       1.6446    1.6446    0.3642
   14.24    0.00    0.00     0.002000       1.6446    1.6446    0.3642
  -40.25    0.00    0.00     0.002000       1.6446    1.6446    0.3642
   -0.63    0.00    0.00     0.002000       1.6446    1.6446    0.3642
   96.45    0.00    0.00     0.002000       1.6446    1.6446    0.3642
  -20.37    0.00    0.00     0.002000       1.6446    1.6446    0.3642
   46.66    0.00    0.00     0.002000       1.6446    1.6446    0.3642
   55.61    0.00    0.00     0.002000       1.6446    1.6446    0.3642
   47.74    0.00    0.00     0.002000       1.6446    1.6446    0.3642
  -16.06    0.00    0.00     0.002000       1.6446    1.6446    0.3642
   96.74    0.00    0.00     0.002000       1.6446    1.6446    0.3642
   -0.68    0.00    0.00     0.002000       1.6446    1.6446    0.3642
   41.11    0.00    0.00     0.002000       1.6446    1.6446    0.3642
   24.97    0.00    0.00     0.002000       1.6446    1.6446    0.3642
   23.95    0.00    0.00     0.002000       1.6446    1.6446    0.3642
  -38.76    0.00    0.00     0.002000       1.6446    1.6446    0.3642
  -11.42    0.00    0.00     0.002000       1.6446    1.6446    0.3642
  123.39    0.00    0.00     0.002000       1.6446    1.6446    0.3642
  102.82    0.00    0.00     0.002000       1.6446    1.6446    0.3642
  120.17    0.00    0.00     0.002000       1.6446    1.6446    0.3642
  -12.07    0.00    0.00     0.002000       1.6446    1.6446    0.3642
   86.80    0.00    0.00     0.002000       1.6446    1.6446    0.3642
  120.67    0.00    0.00     0.002000       1.6446    1.6446    0.3642
   84.06    0.00    0.00     0.002000       1.6446    1.6446    0.3642
  109.10    0.00    0.00     0.002000       1.6446    1.6446    0.3642
    4.30    0.00    0.00     0.002000       1.6446    1.6446    0.3642
   69.03    0.00    0.00     0.002000       1.6446    1.6446    0.3642
   20.99    0.00    0.00     0.002000       1.6446    1.6446    0.3642
   87.97    0.00    0.00     0.002000       1.6446    1.6446    0.3642
   83.71    0.00    0.00     0.002000       1.6446    1.6446    0.3642
   31.79    0.00    0.00     0.002000       1.6446    1.6446    0.3642
  -20.91    0.00    0.00     0.002000       1.6446    1.6446    0.3642
   65.40    0.00    0.00     0.002000       1.6446    1.6446    0.3642
  -38.92    0.00    0.00     0.002000       1.6446    1.6446    0.3642
   83.72    0.00    0.00     0.002000       1.6446    1.6446    0.3642
   90.35    0.00    0.00     0.002000       1.6446    1.6446    0.3642
   23.29    0.00    0.00     0.002000       1.6446    1.6446    0.3642
   61.93    0.00    0.00     0.002000       1.6446    1.6446    0.3642
   84.75    0.00    0.00     0.002000       1.6446    1.6446    0.3642
  -32.17    0.00    0.00     0.002000       1.6446    1.6446    0.3642
   22.99    0.00    0.00     0.002000       1.6446    1.6446    0.3642
  -43.97    0.00    0.00     0.002000       1.6446    1.6446    0.3642
  131.27    0.00    0.00     0.002000       1.6446    1.6446    0.3642
  -42.45    0.00    0.00     0.002000       1.6446    1.6446    0.3642
  133.33    0.00    0.00     0.002000       1.6446    1.6446    0.3642
  -13.19    0.00    0.00     0.002000       1.6446    1.6446    0.3642
  102.11    0.00    0.00     0.002000       1.6446    1.6446    0.3642
   75.60    0.00    0.00     0.002000       1.6446    1.6446    0.3642
  -39.28    0.00    0.00     0.002000       1.6446    1.6446    0.3642
  -14.04    0.00    0.00     0.002000       1.6446    1.6446    0.3642
   87.93    0.00    0.00     0.002000       1.6446    1.6446    0.3642
  -32.99    0.00    0.00     0.002000       1.6446    1.6446    0.3642
  -25.79    0.00    0.00     0.002000       1.6446    1.6446    0.3642
  -37.74    0.00    0.00     0.002000       1.6446    1.6446    0.3642
  110.44    0.00    0.00     0.002000       1.6446    1.6446    0.3642
   88.78    0.00    0.00     0.002000       1.6446    1.6446    0.3642
   57.83    0.00    0.00     0.002000       1.6446    1.6446    0.3642
   -7.08    0.00    0.00     0.002000       1.6446    1.6446    0.3642
   15.01    0.00    0.00     0.002000       1.6446    1.6446    0.3642
  -22.85    0.00    0.00     0.002000       1.6446    1.6446    0.3642
   82.24    0.00    0.00     0.002000       1.6446    1.6446    0.3642
  129.38    0.00    0.00     0.002000       1.6446    1.6446    0.3642
   68.37    0.00    0.00     0.002000       1.6446    1.6446    0.3642
  100.23    0.00    0.00     0.002000       1.6446    1.6446    0.3642
  133.59    0.00    0.00     0.002000       1.6446    1.6446    0.3642
  106.59    0.00    0.00     0.002000       1.6446    1.6446    0.3642
   41.76    0.00    0.00     0.002000       1.6446    1.6446    0.3642
  -22.24    0.00    0.00     0.002000       1.6446    1.6446    0.3642
   93.44    0.00    0.00     0.002000       1.6446    1.6446    0.3642
   26.06    0.00    0.00     0.002000       1.6446    1.6446    0.3642
   47.92    0.00    0.00     0.002000       1.6446    1.6446    0.3642
   83.14    0.00    0.00     0.002000       1.6446    1.6446    0.3642
    3.21    0.00    0.00     0.002000       1.6446    1.6446    0.3642
   20.37    0.00    0.00     0.002000       1.6446    1.6446    0.3642
  -42.69    0.00    0.00     0.002000       1.6446    1.6446    0.3642
  -31.16    0.00    0.00     0.002000       1.6446    1.6446    0.3642
   67.05    0.00    0.00     0.002000       1.6446    1.6446    0.3642
  -20.57    0.00    0.00     0.002000       1.6446    1.6446    0.3642
   85.35    0.00    0.00     0.002000       1.6446    1.6446    0.3642
  101.17    0.00    0.00     0.002000       1.6446    1.6446    0.3642
  113.27    0.00    0.00     0.002000       1.6446    1.6446    0.3642
   88.79    0.00    0.00     0.002000       1.6446    1.6446    0.3642
    8.69    0.00    0.00     0.002000       1.6446    1.6446    0.3642
   95.69    0.00    0.00     0.002000       1.6446    1.6446    0.3642
  118.40    0.00    0.00     0.002000       1.6446    1.6446    0.3642
   87.73    0.00    0.00     0.002000       1.6446    1.6446    0.3642
   25.79    0.00    0.00     0.002000       1.6446    1.6446    0.3642
   17.61    0.00    0.00     0.002000       1.6446    1.6446    0.3642
   -8.00    0.00    0.00     0.002000       1.6446    1.6446    0.3642
  -24.02    0.00    0.00     0.002000       1.6446    1.6446    0.3642
  -29.17    0.00    0.00     0.002000       1.6446    1.6446    0.3642
  107.78    0.00    0.00     0.002000       1.6446    1.6446    0.3642
   48.99    0.00    0.00     0.002000       1.6446    1.6446    0.3642
   34.40    0.00    0.00     0.002000       1.6446    1.6446    0.3642
  132.03    0.00    0.00     0.002000       1.6446    1.6446    0.3642
  126.36    0.00    0.00     0.002000       1.6446    1.6446    0.3642
   87.36    0.00    0.00     0.002000       1.6446    1.6446    0.3642
  -25.61    0.00    0.00     0.002000       1.6446    1.6446    0.3642
