
 **** INPUT FILE VPSC.IN FOR THIS RUN ****
1                        (iregime ; -1=EL , 1=VP)                                                                                 
1                        number of phases (nph)                                                                                   
1                        relative vol. fract. of phases (wph(i))                                                                  
*INFORMATION ABOUT PHASE #1                                                                                                       
1 0 25                   grain shape contrl, fragmentn, crit aspect ratio                                                         
1 1 1                    initial ellipsoid ratios (dummy if ishape=4                                                              
0 0 0                    init Eul ang ellips axes (dummy if ishape=3,4)                                                           
* name and path of texture file (filetext)                                                                                        
rand500.tex                                                                                                                       
* name and path of single crystal file (filecrys)                                                                                 
FCC.sx                                                                                                                            
* name and path of grain shape file (dummy if ishape=0) (fileaxes)                                                                
dummy                                                                                                                             
* name and path of diffraction file (dummy if idiff=0)                                                                            
0                                                                                                                                 
dummy                                                                                                                             
*PRECISION SETTINGS FOR CONVERGENCE PROCEDURES                                                                                    
0.001 0.001 0.001 0.001  errs,errd,errm,errso                                                                                     
100 100 25               itmax:   max # of iter, external, internal and SO loops                                                  
0 2 10 2                 irsvar & jrsini,jrsfin,jrstep (dummy if irsvar=0)                                                        
*INPUT/OUTPUT SETTINGS FOR THE RUN (default is zero)                                                                              
0                        irecover:read grain states from POSTMORT.IN (1) or not (0)?                                              
0                        isave:   write grain states in POSTMORT.OUT at step 'isave'?                                             
0                        icubcomp:calculate fcc rolling components?                                                               
0                        nwrite (frequency of texture downloads)                                                                  
*MODELING CONDITIONS FOR THE RUN                                                                                                  
0 10                     interaction (0:FC,1:afinpe,2:secant,3:neff=xx,4:tangent,5:SO),neff                                       
1 1 1                    iupdate: update orient, grain shape, hardening                                                           
0                        nneigh (0 for no neighbors, 1 for pairs, etc.)                                                           
0                        iflu (0: don't calc, 1: calc fluctuations)                                                               
*NUMBER OF PROCESSES (Lij const; Lij variable; PCYS ;LANKFORD; rigid rotatn)                                                      
1                                                                                                                                 
*IVGVAR AND PATH\NAME OF FILE FOR EACH PROCESS                                                                                    
0                                                                                                                                 
TENSION_extrusion.3                                                                                                               


 **** CRYSTAL DATA FILE ****
*Material: AUSTENITIC                                                                                                             
CUBIC                                crysym                                                                                       
1	1	1.000000		90	90	90         cdim(i),cang(i)                                                                                    
*Elastic stiffness of single crystal [MPa]                                                                                        
205 	138 	138 	0 	0 	0 	                                                                                                          
138 	205 	138 	0 	0 	0 	                                                                                                          
138 	138 	205 	0 	0 	0 	                                                                                                          
0 	0 	0 	126 	0 	0 	                                                                                                              
0 	0 	0 	0 	126 	0 	                                                                                                              
0 	0 	0 	0 	0 	126 	                                                                                                              
*Thermal expansion coefficients of single crystal[K^(-1)]                                                                         
1e-6 1e-6 1e-6 0 0 0                                                                                                              
SLIP AND TWINNING MODES                                                                                                           
2                                nmodesx                                                                                          
1                                nmodes                                                                                           
1                                 mode(i)                                                                                         
  <111>{110} SLIP                                                                                                                 
1 12 1 0                       modex,nsmx,iopsysx,itwtypex                                                                        
1 1 1   0 1 -1                                                                                                                    
1 1 1   1 0 -1                                                                                                                    
1 1 1   1 -1 0                                                                                                                    
-1 1 1   0 1 -1                                                                                                                   
-1 1 1   1 0 1                                                                                                                    
-1 1 1   1 1 0                                                                                                                    
-1 -1 1   0 1 1                                                                                                                   
-1 -1 1   1 0 1                                                                                                                   
-1 -1 1   1 -1 0                                                                                                                  
1 -1 1   0 1 1                                                                                                                    
1 -1 1   1 0 -1                                                                                                                   
1 -1 1   1 1 0                                                                                                                    
  <111>{112} TWIN                                                                                                                 
2 12 0 2                       modex,nsmx,iopsysx,itwtypex                                                                        
0.707000                 twshx                                                                                                    
1 1 1   -2 1 1                                                                                                                    
1 1 1   1 -2 1                                                                                                                    
1 1 1   1 1 -2                                                                                                                    
-1 1 1   2 1 1                                                                                                                    
-1 1 1   -1 -2 1                                                                                                                  
-1 1 1   -1 1 -2                                                                                                                  
-1 -1 1   2 -1 1                                                                                                                  
-1 -1 1   -1 2 1                                                                                                                  
-1 -1 1   -1 -1 -2                                                                                                                
1 -1 1   -2 -1 1                                                                                                                  
1 -1 1   1 2 1                                                                                                                    
1 -1 1   1 -1 -2                                                                                                                  
CONSTITUTIVE LAW                                                                                                                  
0           Voce = 0, MTS=1                                                                                                       
1           iratesens (0:rate insensitive, 1:rate sensitive)                                                                      
50           grsze --> grain size only matters if HPfactor is nonzero                                                             
  <111>{110} SLIP----------------------------------------------------                                                             
20                                             nrsx                                                                               
1.00000 0.00000 0.00000 0.00000 0.00000            tau0x,tau1x,thet0,thet1, hpfac                                                 
1.00000        hlatex(1,im),im=1,nmodes                                                                                           
**** END OF CRYSTAL DATA FILE ****


 CHECKING THAT CELCC*SELCC-ID6=0   0.1110223E-15
 *********** PHASE   1
 RANDOM PX BULK & POISSON MODULI     160.333       0.266
 RANDOM PX ELASTIC CTES C11, C12, C44     279.000     101.000      89.000

 INSIDE SUBROUTINE DATA_CRYSTAL
 SHEAR MODULUS FOR MODE  1 IN PHASE  1 IS      64.333
 N & B FOR MODE  1 IN PHASE  1
     0.577     0.577     0.577        0.000     0.707    -0.707
     0.577     0.577     0.577        0.707     0.000    -0.707
     0.577     0.577     0.577        0.707    -0.707     0.000
    -0.577     0.577     0.577        0.000     0.707    -0.707
    -0.577     0.577     0.577        0.707     0.000     0.707
    -0.577     0.577     0.577        0.707     0.707     0.000
    -0.577    -0.577     0.577        0.000     0.707     0.707
    -0.577    -0.577     0.577        0.707     0.000     0.707
    -0.577    -0.577     0.577        0.707    -0.707     0.000
     0.577    -0.577     0.577        0.000     0.707     0.707
     0.577    -0.577     0.577        0.707     0.000    -0.707
     0.577    -0.577     0.577        0.707     0.707     0.000

 **** CRYST TEXTURE (FIRST FEW LINES) ****
                                                                                                                                  
                                                                                                                                  
                                                                                                                                  
B 500                                                                                                                             
 102.74  119.56   33.65   1.0000000                                                                                               
 219.06   36.21   70.51   1.0000000                                                                                               
 166.66   28.59   45.80   1.0000000                                                                                               
 149.74   86.13   38.68   1.0000000                                                                                               
 143.88   72.50    9.75   1.0000000                                                                                               
  27.71    7.88  225.69   1.0000000                                                                                               
  10.26   81.59  324.82   1.0000000                                                                                               
 213.21  156.91  352.41   1.0000000                                                                                               
 313.75   60.06  131.59   1.0000000                                                                                               
 283.74  137.64  213.65   1.0000000                                                                                               
 329.59  158.18  298.33   1.0000000                                                                                               
  61.37  171.68  104.65   1.0000000                                                                                               
  44.90   68.33   40.28   1.0000000                                                                                               
  29.40  114.77  163.14   1.0000000                                                                                               
  56.39  115.89  341.90   1.0000000                                                                                               
 271.21   76.66  171.67   1.0000000                                                                                               
    .........................
 **** END OF CRYST TEXTURE DATA FILE ****


*** RUNNING INTERACTION NEFF=   10.00


 UB THERMAL TENSOR (VOIGT NOTATION)
  0.1000E-05  0.1000E-05  0.1000E-05  0.3659E-23 -0.3009E-24 -0.1106E-24

 UB ELASTIC STIFFNESS (VOIGT NOTATION)
  0.2795E+03  0.9994E+02  0.1016E+03  0.1676E+00  0.1479E+01  0.6049E+00
  0.9994E+02  0.2801E+03  0.1009E+03 -0.1180E+01  0.1349E+00 -0.7842E+00
  0.1016E+03  0.1009E+03  0.2785E+03  0.1012E+01 -0.1614E+01  0.1793E+00
  0.1676E+00 -0.1180E+01  0.1012E+01  0.8894E+02  0.1793E+00  0.1349E+00
  0.1479E+01  0.1349E+00 -0.1614E+01  0.1793E+00  0.8959E+02  0.1676E+00
  0.6049E+00 -0.7842E+00  0.1793E+00  0.1349E+00  0.1676E+00  0.8794E+02

 LB THERMAL TENSOR (VOIGT NOTATION)
  0.1000E-05  0.1000E-05  0.1000E-05  0.2411E-23  0.1199E-23  0.2707E-23

 LB ELASTIC STIFFNESS (VOIGT NOTATION)
  0.2406E+03  0.1195E+03  0.1209E+03  0.1580E+00  0.1267E+01  0.5168E+00
  0.1195E+03  0.2412E+03  0.1203E+03 -0.1012E+01  0.1034E+00 -0.6672E+00
  0.1209E+03  0.1203E+03  0.2398E+03  0.8542E+00 -0.1370E+01  0.1503E+00
  0.1580E+00 -0.1012E+01  0.8542E+00  0.5984E+02  0.1446E+00  0.1204E+00
  0.1267E+01  0.1034E+00 -0.1370E+01  0.1446E+00  0.6040E+02  0.1448E+00
  0.5168E+00 -0.6672E+00  0.1503E+00  0.1204E+00  0.1448E+00  0.5899E+02


*** LOAD CONDITIONS FOR THIS RUN
50	3	0.02000000	298.0	298.0			nsteps	ictrl	eqincr	temp_i	temp_f                                                                   
* boundary conditions                                                                                                             
1	1	1		iudot	|	flag for vel.grad.                                                                                                 
1	1	1				|	(0:unknown-1:known)                                                                                                    
1	1	1				|                                                                                                                        
						|                                                                                                                           
0.50000000	0.00000000	0.00000000		udot	|	vel.grad                                                                                 
0.00000000	0.50000000	0.00000000				|                                                                                             
0.00000000	0.00000000	-1.00000000				|                                                                                            
						|                                                                                                                           
0	0	0		iscau	|	flag for Cauchy                                                                                                    
	0	0				|                                                                                                                         
		0				|                                                                                                                          
						|                                                                                                                           
0.00000	0.00000	0.00000		scauchy	|	Cauchy stress                                                                                  
	0.00000	0.00000				|                                                                                                             
		0.00000				|                                                                                                                    

*******   STEP   1      *** FULL CONSTRAINT CALCULATION        

*******   STEP   2      *** FULL CONSTRAINT CALCULATION        

*******   STEP   3      *** FULL CONSTRAINT CALCULATION        

*******   STEP   4      *** FULL CONSTRAINT CALCULATION        

*******   STEP   5      *** FULL CONSTRAINT CALCULATION        

*******   STEP   6      *** FULL CONSTRAINT CALCULATION        

*******   STEP   7      *** FULL CONSTRAINT CALCULATION        

*******   STEP   8      *** FULL CONSTRAINT CALCULATION        

*******   STEP   9      *** FULL CONSTRAINT CALCULATION        

*******   STEP  10      *** FULL CONSTRAINT CALCULATION        

*******   STEP  11      *** FULL CONSTRAINT CALCULATION        

*******   STEP  12      *** FULL CONSTRAINT CALCULATION        

*******   STEP  13      *** FULL CONSTRAINT CALCULATION        

*******   STEP  14      *** FULL CONSTRAINT CALCULATION        

*******   STEP  15      *** FULL CONSTRAINT CALCULATION        

*******   STEP  16      *** FULL CONSTRAINT CALCULATION        

*******   STEP  17      *** FULL CONSTRAINT CALCULATION        

*******   STEP  18      *** FULL CONSTRAINT CALCULATION        

*******   STEP  19      *** FULL CONSTRAINT CALCULATION        

*******   STEP  20      *** FULL CONSTRAINT CALCULATION        

*******   STEP  21      *** FULL CONSTRAINT CALCULATION        

*******   STEP  22      *** FULL CONSTRAINT CALCULATION        

*******   STEP  23      *** FULL CONSTRAINT CALCULATION        

*******   STEP  24      *** FULL CONSTRAINT CALCULATION        

*******   STEP  25      *** FULL CONSTRAINT CALCULATION        

*******   STEP  26      *** FULL CONSTRAINT CALCULATION        

*******   STEP  27      *** FULL CONSTRAINT CALCULATION        

*******   STEP  28      *** FULL CONSTRAINT CALCULATION        

*******   STEP  29      *** FULL CONSTRAINT CALCULATION        

*******   STEP  30      *** FULL CONSTRAINT CALCULATION        

*******   STEP  31      *** FULL CONSTRAINT CALCULATION        

*******   STEP  32      *** FULL CONSTRAINT CALCULATION        

*******   STEP  33      *** FULL CONSTRAINT CALCULATION        

*******   STEP  34      *** FULL CONSTRAINT CALCULATION        

*******   STEP  35      *** FULL CONSTRAINT CALCULATION        

*******   STEP  36      *** FULL CONSTRAINT CALCULATION        

*******   STEP  37      *** FULL CONSTRAINT CALCULATION        

*******   STEP  38      *** FULL CONSTRAINT CALCULATION        

*******   STEP  39      *** FULL CONSTRAINT CALCULATION        

*******   STEP  40      *** FULL CONSTRAINT CALCULATION        

*******   STEP  41      *** FULL CONSTRAINT CALCULATION        

*******   STEP  42      *** FULL CONSTRAINT CALCULATION        

*******   STEP  43      *** FULL CONSTRAINT CALCULATION        

*******   STEP  44      *** FULL CONSTRAINT CALCULATION        

*******   STEP  45      *** FULL CONSTRAINT CALCULATION        

*******   STEP  46      *** FULL CONSTRAINT CALCULATION        

*******   STEP  47      *** FULL CONSTRAINT CALCULATION        

*******   STEP  48      *** FULL CONSTRAINT CALCULATION        

*******   STEP  49      *** FULL CONSTRAINT CALCULATION        

*******   STEP  50      *** FULL CONSTRAINT CALCULATION        

*******   STEP  51      *** FULL CONSTRAINT CALCULATION        

 TIME ELAPSED    0.05secs
